Archive member included to satisfy reference by file (symbol)

.build/obj_crkbd_rev1_clarity_helios/serial_protocol.a(serial_protocol.o)
                              .build/obj_crkbd_rev1_clarity_helios/quantum/split_common/transport.o (symbol from plugin) (soft_serial_target_init)
.build/obj_crkbd_rev1_clarity_helios/serial_vendor.a(serial_vendor.o)
                              .build/obj_crkbd_rev1_clarity_helios/serial_protocol.a(serial_protocol.o) (serial_transport_driver_clear)
.build/obj_crkbd_rev1_clarity_helios/i2c_master.a(i2c_master.o)
                              .build/obj_crkbd_rev1_clarity_helios/oled_driver.o (symbol from plugin) (i2c_init)
/nix/store/xl91jiyv99gkc01ljm6z22dgck5d9zvi-gcc-arm-embedded-12.3.rel1/bin/../lib/gcc/arm-none-eabi/12.3.1/thumb/v6-m/nofp/libgcc.a(_dvmd_tls.o)
                              .build/obj_crkbd_rev1_clarity_helios/./lib/pico-sdk/src/rp2_common/pico_divider/divider.o (__aeabi_idiv0)
/nix/store/xl91jiyv99gkc01ljm6z22dgck5d9zvi-gcc-arm-embedded-12.3.rel1/bin/../lib/gcc/arm-none-eabi/12.3.1/thumb/v6-m/nofp/libgcc.a(_fixunssfsi.o)
                              .build/obj_crkbd_rev1_clarity_helios/serial_vendor.a(serial_vendor.o) (__aeabi_f2uiz)
/nix/store/xl91jiyv99gkc01ljm6z22dgck5d9zvi-gcc-arm-embedded-12.3.rel1/bin/../lib/gcc/arm-none-eabi/12.3.1/thumb/v6-m/nofp/libgcc.a(divsf3.o)
                              .build/obj_crkbd_rev1_clarity_helios/serial_vendor.a(serial_vendor.o) (__aeabi_fdiv)
/nix/store/xl91jiyv99gkc01ljm6z22dgck5d9zvi-gcc-arm-embedded-12.3.rel1/bin/../lib/gcc/arm-none-eabi/12.3.1/thumb/v6-m/nofp/libgcc.a(mulsf3.o)
                              .build/obj_crkbd_rev1_clarity_helios/serial_vendor.a(serial_vendor.o) (__aeabi_fmul)
/nix/store/xl91jiyv99gkc01ljm6z22dgck5d9zvi-gcc-arm-embedded-12.3.rel1/bin/../lib/gcc/arm-none-eabi/12.3.1/thumb/v6-m/nofp/libgcc.a(subsf3.o)
                              .build/obj_crkbd_rev1_clarity_helios/serial_vendor.a(serial_vendor.o) (__aeabi_fsub)
/nix/store/xl91jiyv99gkc01ljm6z22dgck5d9zvi-gcc-arm-embedded-12.3.rel1/bin/../lib/gcc/arm-none-eabi/12.3.1/thumb/v6-m/nofp/libgcc.a(fixsfsi.o)
                              /nix/store/xl91jiyv99gkc01ljm6z22dgck5d9zvi-gcc-arm-embedded-12.3.rel1/bin/../lib/gcc/arm-none-eabi/12.3.1/thumb/v6-m/nofp/libgcc.a(_fixunssfsi.o) (__aeabi_f2iz)
/nix/store/xl91jiyv99gkc01ljm6z22dgck5d9zvi-gcc-arm-embedded-12.3.rel1/bin/../lib/gcc/arm-none-eabi/12.3.1/thumb/v6-m/nofp/libgcc.a(floatunsisf.o)
                              .build/obj_crkbd_rev1_clarity_helios/serial_vendor.a(serial_vendor.o) (__aeabi_ui2f)
/nix/store/xl91jiyv99gkc01ljm6z22dgck5d9zvi-gcc-arm-embedded-12.3.rel1/bin/../lib/gcc/arm-none-eabi/12.3.1/thumb/v6-m/nofp/libgcc.a(_arm_cmpsf2.o)
                              /nix/store/xl91jiyv99gkc01ljm6z22dgck5d9zvi-gcc-arm-embedded-12.3.rel1/bin/../lib/gcc/arm-none-eabi/12.3.1/thumb/v6-m/nofp/libgcc.a(_fixunssfsi.o) (__aeabi_fcmpge)
/nix/store/xl91jiyv99gkc01ljm6z22dgck5d9zvi-gcc-arm-embedded-12.3.rel1/bin/../lib/gcc/arm-none-eabi/12.3.1/thumb/v6-m/nofp/libgcc.a(_clzsi2.o)
                              /nix/store/xl91jiyv99gkc01ljm6z22dgck5d9zvi-gcc-arm-embedded-12.3.rel1/bin/../lib/gcc/arm-none-eabi/12.3.1/thumb/v6-m/nofp/libgcc.a(divsf3.o) (__clzsi2)
/nix/store/xl91jiyv99gkc01ljm6z22dgck5d9zvi-gcc-arm-embedded-12.3.rel1/bin/../lib/gcc/arm-none-eabi/12.3.1/thumb/v6-m/nofp/libgcc.a(eqsf2.o)
                              /nix/store/xl91jiyv99gkc01ljm6z22dgck5d9zvi-gcc-arm-embedded-12.3.rel1/bin/../lib/gcc/arm-none-eabi/12.3.1/thumb/v6-m/nofp/libgcc.a(_arm_cmpsf2.o) (__eqsf2)
/nix/store/xl91jiyv99gkc01ljm6z22dgck5d9zvi-gcc-arm-embedded-12.3.rel1/bin/../lib/gcc/arm-none-eabi/12.3.1/thumb/v6-m/nofp/libgcc.a(gesf2.o)
                              /nix/store/xl91jiyv99gkc01ljm6z22dgck5d9zvi-gcc-arm-embedded-12.3.rel1/bin/../lib/gcc/arm-none-eabi/12.3.1/thumb/v6-m/nofp/libgcc.a(_arm_cmpsf2.o) (__gesf2)
/nix/store/xl91jiyv99gkc01ljm6z22dgck5d9zvi-gcc-arm-embedded-12.3.rel1/bin/../lib/gcc/arm-none-eabi/12.3.1/thumb/v6-m/nofp/libgcc.a(lesf2.o)
                              /nix/store/xl91jiyv99gkc01ljm6z22dgck5d9zvi-gcc-arm-embedded-12.3.rel1/bin/../lib/gcc/arm-none-eabi/12.3.1/thumb/v6-m/nofp/libgcc.a(_arm_cmpsf2.o) (__lesf2)
/nix/store/xl91jiyv99gkc01ljm6z22dgck5d9zvi-gcc-arm-embedded-12.3.rel1/bin/../lib/gcc/arm-none-eabi/12.3.1/../../../../arm-none-eabi/lib/thumb/v6-m/nofp/libg_nano.a(libc_a-memcpy-stub.o)
                              .build/obj_crkbd_rev1_clarity_helios/serial_vendor.a(serial_vendor.o) (memcpy)
/nix/store/xl91jiyv99gkc01ljm6z22dgck5d9zvi-gcc-arm-embedded-12.3.rel1/bin/../lib/gcc/arm-none-eabi/12.3.1/../../../../arm-none-eabi/lib/thumb/v6-m/nofp/libg_nano.a(libc_a-rand.o)
                              .build/obj_crkbd_rev1_clarity_helios/quantum/send_string/send_string.o (symbol from plugin) (rand)
[...]
Memory Configuration

Name             Origin             Length             Attributes
flash0           0x00000000         0x00004000         xr
flash1           0x10000000         0x00200000         xr
flash2           0x00000000         0x00000000         xr
flash3           0x00000000         0x00000000         xr
flash4           0x00000000         0x00000000         xr
flash5           0x00000000         0x00000000         xr
flash6           0x00000000         0x00000000         xr
flash7           0x00000000         0x00000000         xr
ram0             0x20000000         0x00040000         xw
ram1             0x00000000         0x00040000         xw
ram2             0x00000000         0x00000000         xw
ram3             0x00000000         0x00000000         xw
ram4             0x20040000         0x00001000         xw
ram5             0x20041000         0x00001000         xw
ram6             0x00000000         0x00000000         xw
ram7             0x20041f00         0x00000100         xw
*default*        0x00000000         0xffffffff

Linker script and memory map

LOAD .build/obj_crkbd_rev1_clarity_helios/keyboards/crkbd/crkbd.o
LOAD /tmp/ccJAURE7.ltrans0.ltrans.o
LOAD /tmp/ccab62RG.debug.temp.o
LOAD /tmp/ccTDcNl4.debug.temp.o
LOAD /tmp/cc1vEz4C.debug.temp.o
LOAD /tmp/ccjzY4El.debug.temp.o
LOAD /tmp/cc6hBIgL.debug.temp.o
LOAD /tmp/cc7Kvo7l.debug.temp.o
LOAD /tmp/ccqVHitW.debug.temp.o
LOAD /tmp/ccANPZ58.debug.temp.o
LOAD /tmp/ccCXqC85.debug.temp.o
LOAD /tmp/ccOvgXOF.debug.temp.o
LOAD /tmp/cc1c1YP8.debug.temp.o
LOAD /tmp/ccgNiqaP.debug.temp.o
LOAD /tmp/ccV97YQ0.debug.temp.o
LOAD /tmp/ccFlEApf.debug.temp.o
LOAD /tmp/ccZoGgOU.debug.temp.o
LOAD /tmp/ccd56wEv.debug.temp.o
LOAD /tmp/ccKQ1HxV.debug.temp.o
LOAD /tmp/ccca8Ej4.debug.temp.o
LOAD /tmp/ccrHfaZF.debug.temp.o
LOAD /tmp/ccrGF6Sp.debug.temp.o
LOAD /tmp/ccPynMSZ.debug.temp.o
LOAD /tmp/ccsn5Qf1.debug.temp.o
LOAD /tmp/ccFmQWYO.debug.temp.o
LOAD /tmp/ccgwLHmG.debug.temp.o
LOAD /tmp/ccLC51sh.debug.temp.o
LOAD /tmp/ccxHoDca.debug.temp.o
LOAD /tmp/ccZhIXfB.debug.temp.o
LOAD /tmp/ccnew2Og.debug.temp.o
LOAD /tmp/ccHLkv4l.debug.temp.o
LOAD /tmp/cc6E23GI.debug.temp.o
LOAD /tmp/ccVLterG.debug.temp.o
LOAD /tmp/ccRu2jRF.debug.temp.o
LOAD /tmp/ccGSTcgW.debug.temp.o
LOAD /tmp/ccmA0mk4.debug.temp.o
LOAD /tmp/ccSu6Ndc.debug.temp.o
LOAD /tmp/cc7dwsB5.debug.temp.o
LOAD /tmp/ccw68TEM.debug.temp.o
LOAD /tmp/ccJNt12I.debug.temp.o
LOAD /tmp/ccnaCWJn.debug.temp.o
LOAD /tmp/ccpJzzRc.debug.temp.o
LOAD /tmp/cc4ATbA6.debug.temp.o
LOAD /tmp/ccJU21LU.debug.temp.o
LOAD /tmp/ccrdkhgr.debug.temp.o
LOAD /tmp/ccS15hWr.debug.temp.o
LOAD /tmp/cc2k88tZ.debug.temp.o
LOAD /tmp/ccaJdSnD.debug.temp.o
LOAD /tmp/ccuWgnRL.debug.temp.o
LOAD /tmp/cckG09fd.debug.temp.o
LOAD /tmp/ccLvb45P.debug.temp.o
LOAD /tmp/ccWUzugH.debug.temp.o
LOAD /tmp/ccoaUErV.debug.temp.o
LOAD /tmp/ccJCDan6.debug.temp.o
LOAD /tmp/cc1QQWRe.debug.temp.o
LOAD /tmp/cc3YbiX5.debug.temp.o
LOAD /tmp/ccW3YOO0.debug.temp.o
LOAD /tmp/ccEWYfvR.debug.temp.o
LOAD /tmp/ccksulSa.debug.temp.o
LOAD /tmp/ccyIttC5.debug.temp.o
LOAD /tmp/ccWqCswG.debug.temp.o
LOAD /tmp/cc0T6M49.debug.temp.o
LOAD /tmp/ccdwxvFE.debug.temp.o
LOAD /tmp/ccu5hOmd.debug.temp.o
LOAD /tmp/cc36cURr.debug.temp.o
LOAD /tmp/cceB4ENG.debug.temp.o
LOAD /tmp/ccomeUdR.debug.temp.o
LOAD /tmp/ccXISNv1.debug.temp.o
LOAD /tmp/ccYTflvY.debug.temp.o
LOAD /tmp/ccy3IGA9.debug.temp.o
LOAD /tmp/ccujhMm1.debug.temp.o
LOAD /tmp/ccFrAK2d.debug.temp.o
LOAD /tmp/ccDZIcIQ.debug.temp.o
LOAD /tmp/ccCzXTsv.debug.temp.o
LOAD /tmp/ccqtbBjX.debug.temp.o
LOAD /tmp/cc5XTcE9.debug.temp.o
LOAD /tmp/cc0BIako.debug.temp.o
LOAD /tmp/ccJplMUS.debug.temp.o
LOAD /tmp/ccMHt4my.debug.temp.o
LOAD /tmp/cctTDema.debug.temp.o
LOAD /tmp/ccgefInG.debug.temp.o
LOAD /tmp/ccbvrKkv.debug.temp.o
LOAD /tmp/ccPECNJH.debug.temp.o
LOAD /tmp/cc0DaNWd.debug.temp.o
LOAD /tmp/cc00MqUn.debug.temp.o
LOAD /tmp/ccCG4IGW.debug.temp.o
LOAD /tmp/ccQvUMRV.debug.temp.o
LOAD /tmp/ccOQ7LE2.debug.temp.o
LOAD /tmp/cc1TRi6J.debug.temp.o
LOAD /tmp/ccqvDM6T.debug.temp.o
LOAD /tmp/ccCc3EQp.debug.temp.o
LOAD /tmp/ccQzQAdl.debug.temp.o
LOAD /tmp/ccWTX9Gl.debug.temp.o
LOAD /tmp/ccRp5tpY.debug.temp.o
LOAD /tmp/ccnzRFv7.debug.temp.o
LOAD /tmp/ccEL1FfY.debug.temp.o
LOAD /tmp/ccgruLPz.debug.temp.o
LOAD /tmp/ccb4S7tK.debug.temp.o
LOAD /tmp/cc2qh8Ym.debug.temp.o
LOAD /tmp/ccnMFlOJ.debug.temp.o
LOAD /tmp/ccrIKBPt.debug.temp.o
LOAD /tmp/cchYsQju.debug.temp.o
LOAD /tmp/ccv3iut6.debug.temp.o
LOAD /tmp/ccv3nlfy.debug.temp.o
LOAD /tmp/ccTAed7G.debug.temp.o
LOAD /tmp/cc2LK0N1.debug.temp.o
LOAD /tmp/cctVntxe.debug.temp.o
LOAD /tmp/ccZE4q59.debug.temp.o
LOAD /tmp/ccmx2bwG.debug.temp.o
LOAD /tmp/ccab4fMm.debug.temp.o
LOAD /tmp/cczbzMap.debug.temp.o
LOAD /tmp/ccdlXbSJ.debug.temp.o
LOAD /tmp/ccbv9gjq.debug.temp.o
LOAD /tmp/ccswbQGG.debug.temp.o
LOAD /tmp/ccMfPWTA.debug.temp.o
LOAD /tmp/ccKdPZT0.debug.temp.o
LOAD /tmp/ccIIsSyV.debug.temp.o
LOAD /tmp/ccn7SoJl.debug.temp.o
LOAD /tmp/ccki62YB.debug.temp.o
LOAD /tmp/ccYJ7ELb.debug.temp.o
LOAD /tmp/cce7Tuor.debug.temp.o
LOAD /tmp/ccwEbqO4.debug.temp.o
LOAD /tmp/ccHwvH6J.debug.temp.o
LOAD /tmp/cck5dEAX.debug.temp.o
LOAD /tmp/ccjpE96f.debug.temp.o
LOAD /tmp/ccOd3AaO.debug.temp.o
LOAD /tmp/ccmEtjRU.debug.temp.o
LOAD /tmp/ccKhpSpJ.debug.temp.o
LOAD /tmp/cc7m6E3K.debug.temp.o
LOAD /tmp/ccExA4iT.debug.temp.o
LOAD /tmp/ccXSW2oN.debug.temp.o
LOAD /tmp/cceQlzrk.debug.temp.o
LOAD /tmp/ccnYoZVX.debug.temp.o
LOAD /tmp/ccqy8Q1t.debug.temp.o
LOAD /tmp/ccRPzPa3.debug.temp.o
LOAD /tmp/ccNyh19R.debug.temp.o
LOAD /tmp/ccJfaspI.debug.temp.o
LOAD /tmp/ccWodASh.debug.temp.o
LOAD /tmp/ccMO1Ijp.debug.temp.o
LOAD /tmp/cc3BEGcF.debug.temp.o
LOAD /tmp/cc3TcOaL.debug.temp.o
LOAD /tmp/cclLOhPb.debug.temp.o
LOAD /tmp/cc2jjM4d.debug.temp.o
LOAD /tmp/ccT8SHwM.debug.temp.o
LOAD /tmp/cc3oRvAE.debug.temp.o
LOAD /tmp/ccF9lt8B.debug.temp.o
LOAD /tmp/ccUW1oWT.debug.temp.o
LOAD /tmp/ccFEzQqS.debug.temp.o
LOAD /tmp/ccENT0dL.debug.temp.o
LOAD /tmp/ccOgEB9H.debug.temp.o
LOAD /tmp/ccgsM2Sd.debug.temp.o
LOAD /tmp/cc7wfRap.debug.temp.o
LOAD /tmp/ccWHzR7W.debug.temp.o
LOAD /tmp/ccTmkHsL.debug.temp.o
LOAD /tmp/ccyxlBdE.debug.temp.o
LOAD /tmp/ccifiEoE.debug.temp.o
LOAD /tmp/ccqUdkgb.debug.temp.o
LOAD /tmp/cc8sMMWK.debug.temp.o
LOAD /tmp/ccPf12Hz.debug.temp.o
LOAD /tmp/ccysbxzL.debug.temp.o
LOAD /tmp/ccI2vpqL.debug.temp.o
LOAD /tmp/ccXtpfYz.debug.temp.o
LOAD /tmp/cc2pvMQx.debug.temp.o
LOAD /tmp/ccq1Ztnp.debug.temp.o
LOAD .build/obj_crkbd_rev1_clarity_helios/.build/obj_crkbd_rev1_clarity_helios/src/default_keyboard.o
LOAD .build/obj_crkbd_rev1_clarity_helios/quantum/keymap_introspection.o
LOAD .build/obj_crkbd_rev1_clarity_helios/quantum/quantum.o
LOAD .build/obj_crkbd_rev1_clarity_helios/quantum/bitwise.o
LOAD .build/obj_crkbd_rev1_clarity_helios/quantum/led.o
LOAD .build/obj_crkbd_rev1_clarity_helios/quantum/action.o
LOAD .build/obj_crkbd_rev1_clarity_helios/quantum/action_layer.o
LOAD .build/obj_crkbd_rev1_clarity_helios/quantum/action_tapping.o
LOAD .build/obj_crkbd_rev1_clarity_helios/quantum/action_util.o
LOAD .build/obj_crkbd_rev1_clarity_helios/quantum/eeconfig.o
LOAD .build/obj_crkbd_rev1_clarity_helios/quantum/keyboard.o
LOAD .build/obj_crkbd_rev1_clarity_helios/quantum/keymap_common.o
LOAD .build/obj_crkbd_rev1_clarity_helios/quantum/keycode_config.o
LOAD .build/obj_crkbd_rev1_clarity_helios/quantum/sync_timer.o
LOAD .build/obj_crkbd_rev1_clarity_helios/quantum/logging/debug.o
LOAD .build/obj_crkbd_rev1_clarity_helios/quantum/logging/sendchar.o
LOAD .build/obj_crkbd_rev1_clarity_helios/quantum/logging/print.o
LOAD .build/obj_crkbd_rev1_clarity_helios/quantum/matrix_common.o
LOAD .build/obj_crkbd_rev1_clarity_helios/quantum/matrix.o
LOAD .build/obj_crkbd_rev1_clarity_helios/quantum/debounce/sym_defer_g.o
LOAD .build/obj_crkbd_rev1_clarity_helios/quantum/split_common/split_util.o
LOAD .build/obj_crkbd_rev1_clarity_helios/quantum/split_common/transport.o
LOAD .build/obj_crkbd_rev1_clarity_helios/quantum/split_common/transactions.o
LOAD .build/obj_crkbd_rev1_clarity_helios/quantum/main.o
LOAD .build/obj_crkbd_rev1_clarity_helios/printf.o
LOAD .build/obj_crkbd_rev1_clarity_helios/eeprom_driver.o
LOAD .build/obj_crkbd_rev1_clarity_helios/eeprom_wear_leveling.o
LOAD .build/obj_crkbd_rev1_clarity_helios/wear_leveling.o
LOAD .build/obj_crkbd_rev1_clarity_helios/wear_leveling_rp2040_flash.o
LOAD .build/obj_crkbd_rev1_clarity_helios/quantum/color.o
LOAD .build/obj_crkbd_rev1_clarity_helios/quantum/rgb_matrix/rgb_matrix.o
LOAD .build/obj_crkbd_rev1_clarity_helios/quantum/rgb_matrix/rgb_matrix_drivers.o
LOAD .build/obj_crkbd_rev1_clarity_helios/quantum/process_keycode/process_rgb.o
LOAD .build/obj_crkbd_rev1_clarity_helios/quantum/led_tables.o
LOAD .build/obj_crkbd_rev1_clarity_helios/qmk_fnv_type_validation.o
LOAD .build/obj_crkbd_rev1_clarity_helios/hash_32a.o
LOAD .build/obj_crkbd_rev1_clarity_helios/hash_64a.o
LOAD .build/obj_crkbd_rev1_clarity_helios/lib/lib8tion/lib8tion.o
LOAD .build/obj_crkbd_rev1_clarity_helios/oled_driver.o
LOAD .build/obj_crkbd_rev1_clarity_helios/ws2812_vendor.o
LOAD .build/obj_crkbd_rev1_clarity_helios/quantum/bootmagic/bootmagic.o
LOAD .build/obj_crkbd_rev1_clarity_helios/quantum/crc.o
LOAD .build/obj_crkbd_rev1_clarity_helios/quantum/process_keycode/process_grave_esc.o
LOAD .build/obj_crkbd_rev1_clarity_helios/quantum/process_keycode/process_magic.o
LOAD .build/obj_crkbd_rev1_clarity_helios/quantum/mousekey.o
LOAD .build/obj_crkbd_rev1_clarity_helios/quantum/send_string/send_string.o
LOAD .build/obj_crkbd_rev1_clarity_helios/quantum/process_keycode/process_space_cadet.o
LOAD .build/obj_crkbd_rev1_clarity_helios/protocol/host.o
LOAD .build/obj_crkbd_rev1_clarity_helios/protocol/report.o
LOAD .build/obj_crkbd_rev1_clarity_helios/protocol/usb_device_state.o
LOAD .build/obj_crkbd_rev1_clarity_helios/protocol/usb_util.o
LOAD .build/obj_crkbd_rev1_clarity_helios/platforms/suspend.o
LOAD .build/obj_crkbd_rev1_clarity_helios/platforms/synchronization_util.o
LOAD .build/obj_crkbd_rev1_clarity_helios/platforms/timer.o
LOAD .build/obj_crkbd_rev1_clarity_helios/platforms/chibios/hardware_id.o
LOAD .build/obj_crkbd_rev1_clarity_helios/platforms/chibios/platform.o
LOAD .build/obj_crkbd_rev1_clarity_helios/platforms/chibios/suspend.o
LOAD .build/obj_crkbd_rev1_clarity_helios/platforms/chibios/timer.o
LOAD .build/obj_crkbd_rev1_clarity_helios/platforms/chibios/bootloaders/rp2040.o
LOAD .build/obj_crkbd_rev1_clarity_helios/serial_protocol.a
LOAD .build/obj_crkbd_rev1_clarity_helios/serial_vendor.a
LOAD .build/obj_crkbd_rev1_clarity_helios/i2c_master.a
LOAD .build/obj_crkbd_rev1_clarity_helios/./lib/chibios/os/common/startup/ARMCMx/compilers/GCC/crt0_v6m.o
LOAD .build/obj_crkbd_rev1_clarity_helios/./lib/chibios/os/common/startup/ARMCMx/compilers/GCC/vectors.o
LOAD .build/obj_crkbd_rev1_clarity_helios/./lib/chibios/os/common/ports/ARMv6-M-RP2/compilers/GCC/chcoreasm.o
LOAD .build/obj_crkbd_rev1_clarity_helios/protocol/chibios/usb_main.o
LOAD .build/obj_crkbd_rev1_clarity_helios/protocol/chibios/chibios.o
LOAD .build/obj_crkbd_rev1_clarity_helios/usb_descriptor.o
LOAD .build/obj_crkbd_rev1_clarity_helios/protocol/chibios/usb_driver.o
LOAD .build/obj_crkbd_rev1_clarity_helios/protocol/chibios/usb_endpoints.o
LOAD .build/obj_crkbd_rev1_clarity_helios/protocol/chibios/usb_report_handling.o
LOAD .build/obj_crkbd_rev1_clarity_helios/protocol/chibios/usb_util.o
LOAD .build/obj_crkbd_rev1_clarity_helios/lib/chibios/os/common/startup/ARMCMx/compilers/GCC/crt1.o
LOAD .build/obj_crkbd_rev1_clarity_helios/lib/chibios/os/rt/src/chsys.o
LOAD .build/obj_crkbd_rev1_clarity_helios/lib/chibios/os/rt/src/chrfcu.o
LOAD .build/obj_crkbd_rev1_clarity_helios/lib/chibios/os/rt/src/chdebug.o
LOAD .build/obj_crkbd_rev1_clarity_helios/lib/chibios/os/rt/src/chtrace.o
LOAD .build/obj_crkbd_rev1_clarity_helios/lib/chibios/os/rt/src/chvt.o
LOAD .build/obj_crkbd_rev1_clarity_helios/lib/chibios/os/rt/src/chschd.o
LOAD .build/obj_crkbd_rev1_clarity_helios/lib/chibios/os/rt/src/chinstances.o
LOAD .build/obj_crkbd_rev1_clarity_helios/lib/chibios/os/rt/src/chthreads.o
LOAD .build/obj_crkbd_rev1_clarity_helios/lib/chibios/os/rt/src/chtm.o
LOAD .build/obj_crkbd_rev1_clarity_helios/lib/chibios/os/rt/src/chstats.o
LOAD .build/obj_crkbd_rev1_clarity_helios/lib/chibios/os/rt/src/chregistry.o
LOAD .build/obj_crkbd_rev1_clarity_helios/lib/chibios/os/rt/src/chsem.o
LOAD .build/obj_crkbd_rev1_clarity_helios/lib/chibios/os/rt/src/chmtx.o
LOAD .build/obj_crkbd_rev1_clarity_helios/lib/chibios/os/rt/src/chcond.o
LOAD .build/obj_crkbd_rev1_clarity_helios/lib/chibios/os/rt/src/chevents.o
LOAD .build/obj_crkbd_rev1_clarity_helios/lib/chibios/os/rt/src/chmsg.o
LOAD .build/obj_crkbd_rev1_clarity_helios/lib/chibios/os/rt/src/chdynamic.o
LOAD .build/obj_crkbd_rev1_clarity_helios/lib/chibios/os/common/ports/ARMv6-M-RP2/chcore.o
LOAD .build/obj_crkbd_rev1_clarity_helios/lib/chibios/os/hal/osal/rt-nil/osal.o
LOAD .build/obj_crkbd_rev1_clarity_helios/lib/chibios/os/oslib/src/chmboxes.o
LOAD .build/obj_crkbd_rev1_clarity_helios/lib/chibios/os/oslib/src/chmemcore.o
LOAD .build/obj_crkbd_rev1_clarity_helios/lib/chibios/os/oslib/src/chmemheaps.o
LOAD .build/obj_crkbd_rev1_clarity_helios/lib/chibios/os/oslib/src/chmempools.o
LOAD .build/obj_crkbd_rev1_clarity_helios/lib/chibios/os/oslib/src/chpipes.o
LOAD .build/obj_crkbd_rev1_clarity_helios/lib/chibios/os/oslib/src/chobjcaches.o
LOAD .build/obj_crkbd_rev1_clarity_helios/lib/chibios/os/oslib/src/chdelegates.o
LOAD .build/obj_crkbd_rev1_clarity_helios/lib/chibios/os/oslib/src/chfactory.o
LOAD .build/obj_crkbd_rev1_clarity_helios/lib/chibios/os/hal/src/hal.o
LOAD .build/obj_crkbd_rev1_clarity_helios/lib/chibios/os/hal/src/hal_st.o
LOAD .build/obj_crkbd_rev1_clarity_helios/lib/chibios/os/hal/src/hal_buffers.o
LOAD .build/obj_crkbd_rev1_clarity_helios/lib/chibios/os/hal/src/hal_queues.o
LOAD .build/obj_crkbd_rev1_clarity_helios/lib/chibios/os/hal/src/hal_flash.o
LOAD .build/obj_crkbd_rev1_clarity_helios/lib/chibios/os/hal/src/hal_mmcsd.o
LOAD .build/obj_crkbd_rev1_clarity_helios/lib/chibios/os/hal/src/hal_adc.o
LOAD .build/obj_crkbd_rev1_clarity_helios/lib/chibios/os/hal/src/hal_can.o
LOAD .build/obj_crkbd_rev1_clarity_helios/lib/chibios/os/hal/src/hal_crypto.o
LOAD .build/obj_crkbd_rev1_clarity_helios/lib/chibios/os/hal/src/hal_dac.o
LOAD .build/obj_crkbd_rev1_clarity_helios/lib/chibios/os/hal/src/hal_efl.o
LOAD .build/obj_crkbd_rev1_clarity_helios/lib/chibios/os/hal/src/hal_gpt.o
LOAD .build/obj_crkbd_rev1_clarity_helios/lib/chibios/os/hal/src/hal_i2c.o
LOAD .build/obj_crkbd_rev1_clarity_helios/lib/chibios/os/hal/src/hal_i2s.o
LOAD .build/obj_crkbd_rev1_clarity_helios/lib/chibios/os/hal/src/hal_icu.o
LOAD .build/obj_crkbd_rev1_clarity_helios/lib/chibios/os/hal/src/hal_mac.o
LOAD .build/obj_crkbd_rev1_clarity_helios/lib/chibios/os/hal/src/hal_mmc_spi.o
LOAD .build/obj_crkbd_rev1_clarity_helios/lib/chibios/os/hal/src/hal_pal.o
LOAD .build/obj_crkbd_rev1_clarity_helios/lib/chibios/os/hal/src/hal_pwm.o
LOAD .build/obj_crkbd_rev1_clarity_helios/lib/chibios/os/hal/src/hal_rtc.o
LOAD .build/obj_crkbd_rev1_clarity_helios/lib/chibios/os/hal/src/hal_sdc.o
LOAD .build/obj_crkbd_rev1_clarity_helios/lib/chibios/os/hal/src/hal_serial.o
LOAD .build/obj_crkbd_rev1_clarity_helios/lib/chibios/os/hal/src/hal_serial_usb.o
LOAD .build/obj_crkbd_rev1_clarity_helios/lib/chibios/os/hal/src/hal_sio.o
LOAD .build/obj_crkbd_rev1_clarity_helios/lib/chibios/os/hal/src/hal_spi.o
LOAD .build/obj_crkbd_rev1_clarity_helios/lib/chibios/os/hal/src/hal_trng.o
LOAD .build/obj_crkbd_rev1_clarity_helios/lib/chibios/os/hal/src/hal_uart.o
LOAD .build/obj_crkbd_rev1_clarity_helios/lib/chibios/os/hal/src/hal_usb.o
LOAD .build/obj_crkbd_rev1_clarity_helios/lib/chibios/os/hal/src/hal_wdg.o
LOAD .build/obj_crkbd_rev1_clarity_helios/lib/chibios/os/hal/src/hal_wspi.o
LOAD .build/obj_crkbd_rev1_clarity_helios/lib/chibios/os/hal/ports/common/ARMCMx/nvic.o
LOAD .build/obj_crkbd_rev1_clarity_helios/lib/chibios/os/hal/ports/RP/RP2040/rp_isr.o
LOAD .build/obj_crkbd_rev1_clarity_helios/lib/chibios/os/hal/ports/RP/RP2040/hal_lld.o
LOAD .build/obj_crkbd_rev1_clarity_helios/lib/chibios/os/hal/ports/RP/LLD/DMAv1/rp_dma.o
LOAD .build/obj_crkbd_rev1_clarity_helios/lib/chibios/os/hal/ports/RP/LLD/GPIOv1/hal_pal_lld.o
LOAD .build/obj_crkbd_rev1_clarity_helios/lib/chibios/os/hal/ports/RP/LLD/SPIv1/hal_spi_lld.o
LOAD .build/obj_crkbd_rev1_clarity_helios/lib/chibios/os/hal/ports/RP/LLD/TIMERv1/hal_st_lld.o
LOAD .build/obj_crkbd_rev1_clarity_helios/lib/chibios/os/hal/ports/RP/LLD/UARTv1/hal_sio_lld.o
LOAD .build/obj_crkbd_rev1_clarity_helios/lib/chibios/os/hal/ports/RP/LLD/RTCv1/hal_rtc_lld.o
LOAD .build/obj_crkbd_rev1_clarity_helios/lib/chibios/os/hal/ports/RP/LLD/WDGv1/hal_wdg_lld.o
LOAD .build/obj_crkbd_rev1_clarity_helios/lib/chibios-contrib/os/hal/ports/RP/LLD/I2Cv1/hal_i2c_lld.o
LOAD .build/obj_crkbd_rev1_clarity_helios/lib/chibios-contrib/os/hal/ports/RP/LLD/PWMv1/hal_pwm_lld.o
LOAD .build/obj_crkbd_rev1_clarity_helios/lib/chibios-contrib/os/hal/ports/RP/LLD/ADCv1/hal_adc_lld.o
LOAD .build/obj_crkbd_rev1_clarity_helios/lib/chibios-contrib/os/hal/ports/RP/LLD/USBDv1/hal_usb_lld.o
LOAD .build/obj_crkbd_rev1_clarity_helios/lib/chibios/os/hal/boards/RP_PICO_RP2040/board.o
LOAD .build/obj_crkbd_rev1_clarity_helios/lib/chibios/os/hal/lib/streams/chprintf.o
LOAD .build/obj_crkbd_rev1_clarity_helios/lib/chibios/os/hal/lib/streams/chscanf.o
LOAD .build/obj_crkbd_rev1_clarity_helios/lib/chibios/os/hal/lib/streams/memstreams.o
LOAD .build/obj_crkbd_rev1_clarity_helios/lib/chibios/os/hal/lib/streams/nullstreams.o
LOAD .build/obj_crkbd_rev1_clarity_helios/lib/chibios/os/hal/lib/streams/bufstreams.o
LOAD .build/obj_crkbd_rev1_clarity_helios/lib/chibios/os/various/syscalls.o
LOAD .build/obj_crkbd_rev1_clarity_helios/platforms/chibios/syscall-fallbacks.o
LOAD .build/obj_crkbd_rev1_clarity_helios/platforms/chibios/wait.o
LOAD .build/obj_crkbd_rev1_clarity_helios/platforms/chibios/synchronization_util.o
LOAD .build/obj_crkbd_rev1_clarity_helios/platforms/chibios/interrupt_handlers.o
LOAD .build/obj_crkbd_rev1_clarity_helios/./lib/pico-sdk/src/rp2_common/hardware_clocks/clocks.o
LOAD .build/obj_crkbd_rev1_clarity_helios/./lib/pico-sdk/src/rp2_common/hardware_pll/pll.o
LOAD .build/obj_crkbd_rev1_clarity_helios/./lib/pico-sdk/src/rp2_common/hardware_pio/pio.o
LOAD .build/obj_crkbd_rev1_clarity_helios/./lib/pico-sdk/src/rp2_common/hardware_timer/timer.o
LOAD .build/obj_crkbd_rev1_clarity_helios/./lib/pico-sdk/src/rp2_common/hardware_flash/flash.o
LOAD .build/obj_crkbd_rev1_clarity_helios/./lib/pico-sdk/src/rp2_common/hardware_gpio/gpio.o
LOAD .build/obj_crkbd_rev1_clarity_helios/./lib/pico-sdk/src/rp2_common/hardware_claim/claim.o
LOAD .build/obj_crkbd_rev1_clarity_helios/./lib/pico-sdk/src/rp2_common/hardware_watchdog/watchdog.o
LOAD .build/obj_crkbd_rev1_clarity_helios/./lib/pico-sdk/src/rp2_common/hardware_xosc/xosc.o
LOAD .build/obj_crkbd_rev1_clarity_helios/./lib/pico-sdk/src/rp2_common/pico_bootrom/bootrom.o
LOAD .build/obj_crkbd_rev1_clarity_helios/platforms/chibios/vendors/RP/stage2_bootloaders.o
LOAD .build/obj_crkbd_rev1_clarity_helios/platforms/chibios/vendors/RP/pico_sdk_shims.o
LOAD .build/obj_crkbd_rev1_clarity_helios/./lib/pico-sdk/src/rp2_common/pico_divider/divider.o
LOAD .build/obj_crkbd_rev1_clarity_helios/./lib/pico-sdk/src/rp2_common/pico_int64_ops/pico_int64_ops_aeabi.o
                0x00000800                        __process_stack_size__ = 0x800
                0x00000400                        __main_stack_size__ = 0x400
LOAD /nix/store/xl91jiyv99gkc01ljm6z22dgck5d9zvi-gcc-arm-embedded-12.3.rel1/bin/../lib/gcc/arm-none-eabi/12.3.1/../../../../arm-none-eabi/lib/thumb/v6-m/nofp/libm.a
START GROUP
LOAD /nix/store/xl91jiyv99gkc01ljm6z22dgck5d9zvi-gcc-arm-embedded-12.3.rel1/bin/../lib/gcc/arm-none-eabi/12.3.1/thumb/v6-m/nofp/libgcc.a
LOAD /nix/store/xl91jiyv99gkc01ljm6z22dgck5d9zvi-gcc-arm-embedded-12.3.rel1/bin/../lib/gcc/arm-none-eabi/12.3.1/../../../../arm-none-eabi/lib/thumb/v6-m/nofp/libg_nano.a
LOAD /nix/store/xl91jiyv99gkc01ljm6z22dgck5d9zvi-gcc-arm-embedded-12.3.rel1/bin/../lib/gcc/arm-none-eabi/12.3.1/../../../../arm-none-eabi/lib/thumb/v6-m/nofp/libc_nano.a
END GROUP
START GROUP
LOAD /nix/store/xl91jiyv99gkc01ljm6z22dgck5d9zvi-gcc-arm-embedded-12.3.rel1/bin/../lib/gcc/arm-none-eabi/12.3.1/thumb/v6-m/nofp/libgcc.a
LOAD /nix/store/xl91jiyv99gkc01ljm6z22dgck5d9zvi-gcc-arm-embedded-12.3.rel1/bin/../lib/gcc/arm-none-eabi/12.3.1/../../../../arm-none-eabi/lib/thumb/v6-m/nofp/libc_nano.a
END GROUP

.flash_begin    0x10000000        0x0
                0x10000000                        __flash_binary_start = .

.boot2          0x10000000      0x100
                0x10000000                        __boot2_start__ = .
 *(.boot2)
 .boot2         0x10000000      0x100 /tmp/ccJAURE7.ltrans0.ltrans.o
                0x10000000                BOOT2_ROM
                0x10000100                        __boot2_end__ = .

.mstack         0x20040000      0x400
                0x20040000                        . = ALIGN (0x8)
                0x20040000                        __main_stack_base__ = .
                0x20040400                        . = (. + __main_stack_size__)
 *fill*         0x20040000      0x400 
                0x20040400                        . = ALIGN (0x8)
                0x20040400                        __main_stack_end__ = .

.pstack         0x20040400      0x800
                0x20040400                        . = ALIGN (0x8)
                0x20040400                        __process_stack_base__ = .
                0x20040400                        __main_thread_stack_base__ = .
                0x20040c00                        . = (. + __process_stack_size__)
 *fill*         0x20040400      0x800 
                0x20040c00                        . = ALIGN (0x8)
                0x20040c00                        __process_stack_end__ = .
                0x20040c00                        __main_thread_stack_end__ = .
                0x00000400                        __c1_main_stack_size__ = __main_stack_size__
                0x00000800                        __c1_process_stack_size__ = __process_stack_size__

.c1_mstack      0x20041000      0x400
                0x20041000                        . = ALIGN (0x8)
                0x20041000                        __c1_main_stack_base__ = .
                0x20041400                        . = (. + __c1_main_stack_size__)
 *fill*         0x20041000      0x400 
                0x20041400                        . = ALIGN (0x8)
                0x20041400                        __c1_main_stack_end__ = .

.c1_pstack      0x20041400      0x800
                0x20041400                        . = ALIGN (0x8)
                0x20041400                        __c1_process_stack_base__ = .
                0x20041400                        __c1_main_thread_stack_base__ = .
                0x20041c00                        . = (. + __c1_process_stack_size__)
 *fill*         0x20041400      0x800 
                0x20041c00                        . = ALIGN (0x8)
                0x20041c00                        __c1_process_stack_end__ = .
                0x20041c00                        __c1_main_thread_stack_end__ = .

.vectors        0x10000100       0xc0
                0x10000100                        __textvectors_base__ = LOADADDR (.vectors)
                0x10000100                        __vectors_base__ = .
 *(.vectors)
 .vectors       0x10000100       0xc0 .build/obj_crkbd_rev1_clarity_helios/./lib/chibios/os/common/startup/ARMCMx/compilers/GCC/vectors.o
                0x10000100                _vectors
                0x100001c0                        __vectors_end__ = .

.xtors          0x100001c0        0x0
                0x100001c0                        __init_array_base__ = .
 *(SORT_BY_NAME(.init_array.*))
 *(.init_array)
                0x100001c0                        __init_array_end__ = .
                0x100001c0                        __fini_array_base__ = .
 *(.fini_array)
 *(SORT_BY_NAME(.fini_array.*))
                0x100001c0                        __fini_array_end__ = .

.text           0x100001c0     0x89c0
                0x100001c0                        __text_base__ = .
 *(.text)
 .text          0x100001c0      0x104 .build/obj_crkbd_rev1_clarity_helios/./lib/chibios/os/common/startup/ARMCMx/compilers/GCC/crt0_v6m.o
                0x100001c0                _crt0_entry
 .text          0x100002c4        0x8 .build/obj_crkbd_rev1_clarity_helios/./lib/chibios/os/common/startup/ARMCMx/compilers/GCC/vectors.o
                0x100002c4                Reset_Handler
                0x100002c6                Vector58
                0x100002c6                Vector9C
                0x100002c6                VectorAC
                0x100002c6                DebugMon_Handler
                0x100002c6                HardFault_Handler
                0x100002c6                Vector8C
                0x100002c6                SysTick_Handler
                0x100002c6                PendSV_Handler
                0x100002c6                Vector94
                0x100002c6                VectorA8
                0x100002c6                VectorB4
                0x100002c6                Vector74
                0x100002c6                UsageFault_Handler
                0x100002c6                VectorBC
                0x100002c6                Vector64
                0x100002c6                Vector24
                0x100002c6                Vector84
                0x100002c6                SecureFault_Handler
                0x100002c6                MemManage_Handler
                0x100002c6                SVC_Handler
                0x100002c6                VectorB0
                0x100002c6                Vector90
                0x100002c6                Vector60
                0x100002c6                Vector68
                0x100002c6                Vector78
                0x100002c6                Vector88
                0x100002c6                BusFault_Handler
                0x100002c6                Vector50
                0x100002c6                Vector28
                0x100002c6                VectorB8
                0x100002c6                Vector34
                0x100002c6                VectorA4
                0x100002c6                Vector20
                0x100002ca                _unhandled_exception
 .text          0x100002cc       0x48 .build/obj_crkbd_rev1_clarity_helios/./lib/chibios/os/common/ports/ARMv6-M-RP2/compilers/GCC/chcoreasm.o
                0x100002cc                __port_switch
                0x100002ec                __port_thread_start
                0x100002fe                __port_switch_from_isr
                0x10000302                __port_exit_from_isr
 .text          0x10000314        0x4 /nix/store/xl91jiyv99gkc01ljm6z22dgck5d9zvi-gcc-arm-embedded-12.3.rel1/bin/../lib/gcc/arm-none-eabi/12.3.1/thumb/v6-m/nofp/libgcc.a(_dvmd_tls.o)
                0x10000314                __aeabi_ldiv0
                0x10000314                __aeabi_idiv0
 .text          0x10000318       0x74 /nix/store/xl91jiyv99gkc01ljm6z22dgck5d9zvi-gcc-arm-embedded-12.3.rel1/bin/../lib/gcc/arm-none-eabi/12.3.1/thumb/v6-m/nofp/libgcc.a(_arm_cmpsf2.o)
                0x10000318                __aeabi_cfrcmple
                0x10000320                __aeabi_cfcmple
                0x10000320                __aeabi_cfcmpeq
                0x10000330                __aeabi_fcmpeq
                0x1000033c                __aeabi_fcmplt
                0x10000350                __aeabi_fcmple
                0x10000364                __aeabi_fcmpgt
                0x10000378                __aeabi_fcmpge
 .text          0x1000038c       0x3c /nix/store/xl91jiyv99gkc01ljm6z22dgck5d9zvi-gcc-arm-embedded-12.3.rel1/bin/../lib/gcc/arm-none-eabi/12.3.1/thumb/v6-m/nofp/libgcc.a(_clzsi2.o)
                0x1000038c                __clzsi2
 .text          0x100003c8       0x14 /nix/store/xl91jiyv99gkc01ljm6z22dgck5d9zvi-gcc-arm-embedded-12.3.rel1/bin/../lib/gcc/arm-none-eabi/12.3.1/thumb/v6-m/nofp/libgcc.a(_thumb1_case_sqi.o)
                0x100003c8                __gnu_thumb1_case_sqi
 .text          0x100003dc       0x14 /nix/store/xl91jiyv99gkc01ljm6z22dgck5d9zvi-gcc-arm-embedded-12.3.rel1/bin/../lib/gcc/arm-none-eabi/12.3.1/thumb/v6-m/nofp/libgcc.a(_thumb1_case_uqi.o)
                0x100003dc                __gnu_thumb1_case_uqi
 .text          0x100003f0       0x14 /nix/store/xl91jiyv99gkc01ljm6z22dgck5d9zvi-gcc-arm-embedded-12.3.rel1/bin/../lib/gcc/arm-none-eabi/12.3.1/thumb/v6-m/nofp/libgcc.a(_thumb1_case_uhi.o)
                0x100003f0                __gnu_thumb1_case_uhi
 .text          0x10000404       0x40 /nix/store/xl91jiyv99gkc01ljm6z22dgck5d9zvi-gcc-arm-embedded-12.3.rel1/bin/../lib/gcc/arm-none-eabi/12.3.1/thumb/v6-m/nofp/libgcc.a(_ctzsi2.o)
                0x10000404                __ctzsi2
 .text          0x10000444        0xe /nix/store/xl91jiyv99gkc01ljm6z22dgck5d9zvi-gcc-arm-embedded-12.3.rel1/bin/../lib/gcc/arm-none-eabi/12.3.1/../../../../arm-none-eabi/lib/thumb/v6-m/nofp/libg_nano.a(libc_a-strlen.o)
                0x10000444                strlen
 *fill*         0x10000452        0x2 
 .text          0x10000454       0x14 /nix/store/xl91jiyv99gkc01ljm6z22dgck5d9zvi-gcc-arm-embedded-12.3.rel1/bin/../lib/gcc/arm-none-eabi/12.3.1/thumb/v6-m/nofp/libgcc.a(_thumb1_case_shi.o)
                0x10000454                __gnu_thumb1_case_shi
 *(.text.*)
 .text.led_set  0x10000468       0x10 /tmp/ccJAURE7.ltrans0.ltrans.o
 .text.layer_state_set
                0x10000478       0x24 /tmp/ccJAURE7.ltrans0.ltrans.o
 .text.layer_on
                0x1000049c       0x18 /tmp/ccJAURE7.ltrans0.ltrans.o
 .text.layer_off
                0x100004b4       0x18 /tmp/ccJAURE7.ltrans0.ltrans.o
 .text.update_source_layers_cache
                0x100004cc       0x50 /tmp/ccJAURE7.ltrans0.ltrans.o
 .text.read_source_layers_cache
                0x1000051c       0x48 /tmp/ccJAURE7.ltrans0.ltrans.o
 .text.debug_waiting_buffer
                0x10000564       0x20 /tmp/ccJAURE7.ltrans0.ltrans.o
 .text.clear_oneshot_layer_state
                0x10000584       0x40 /tmp/ccJAURE7.ltrans0.ltrans.o
 .text.del_mods
                0x100005c4       0x10 /tmp/ccJAURE7.ltrans0.ltrans.o
 .text.clear_oneshot_mods
                0x100005d4       0x1c /tmp/ccJAURE7.ltrans0.ltrans.o
 .text.keymap_key_to_keycode
                0x100005f0       0x38 /tmp/ccJAURE7.ltrans0.ltrans.o
 .text.keycode_config
                0x10000628      0x100 /tmp/ccJAURE7.ltrans0.ltrans.o
 .text.mod_config
                0x10000728       0x98 /tmp/ccJAURE7.ltrans0.ltrans.o
 .text.action_for_keycode
                0x100007c0      0x1d0 /tmp/ccJAURE7.ltrans0.ltrans.o
 .text.layer_switch_get_layer
                0x10000990       0x50 /tmp/ccJAURE7.ltrans0.ltrans.o
 .text.get_record_keycode
                0x100009e0       0x34 /tmp/ccJAURE7.ltrans0.ltrans.o
 .text.layer_switch_get_action
                0x10000a14       0x20 /tmp/ccJAURE7.ltrans0.ltrans.o
 .text.is_tap_record
                0x10000a34       0x56 /tmp/ccJAURE7.ltrans0.ltrans.o
 .text.sendchar
                0x10000a8a        0x4 /tmp/ccJAURE7.ltrans0.ltrans.o
 .text.null_sendchar_func
                0x10000a8e        0x4 /tmp/ccJAURE7.ltrans0.ltrans.o
 .text.port_lock.lto_priv.0
                0x10000a92       0x16 /tmp/ccJAURE7.ltrans0.ltrans.o
 .text.port_unlock.lto_priv.0
                0x10000aa8       0x12 /tmp/ccJAURE7.ltrans0.ltrans.o
 *fill*         0x10000aba        0x2 
 .text.gpio_atomic_set_pin_input_high
                0x10000abc       0x34 /tmp/ccJAURE7.ltrans0.ltrans.o
 .text.slave_rpc_info_callback
                0x10000af0       0x24 /tmp/ccJAURE7.ltrans0.ltrans.o
 .text.__idle_thread
                0x10000b14        0x4 /tmp/ccJAURE7.ltrans0.ltrans.o
 .text.wear_leveling_unlock
                0x10000b18       0x1c /tmp/ccJAURE7.ltrans0.ltrans.o
 .text.wear_leveling_lock
                0x10000b34       0x1c /tmp/ccJAURE7.ltrans0.ltrans.o
 .text.backing_store_read_bulk
                0x10000b50       0x20 /tmp/ccJAURE7.ltrans0.ltrans.o
 .text.rgb_matrix_increase_speed
                0x10000b70       0x24 /tmp/ccJAURE7.ltrans0.ltrans.o
 .text.rgb_matrix_decrease_speed
                0x10000b94       0x24 /tmp/ccJAURE7.ltrans0.ltrans.o
 .text.setled   0x10000bb8       0x50 /tmp/ccJAURE7.ltrans0.ltrans.o
 .text.handleKeycodeRGB
                0x10000c08        0xe /tmp/ccJAURE7.ltrans0.ltrans.o
 *fill*         0x10000c16        0x2 
 .text.oled_set_cursor
                0x10000c18       0x30 /tmp/ccJAURE7.ltrans0.ltrans.o
 .text.hal_lld_peripheral_unreset.lto_priv.0
                0x10000c48       0x14 /tmp/ccJAURE7.ltrans0.ltrans.o
 .text.crc8     0x10000c5c       0x2e /tmp/ccJAURE7.ltrans0.ltrans.o
 *fill*         0x10000c8a        0x2 
 .text.slave_rpc_exec_callback
                0x10000c8c       0x58 /tmp/ccJAURE7.ltrans0.ltrans.o
 .text.times_inv_sqrt2
                0x10000ce4       0x22 /tmp/ccJAURE7.ltrans0.ltrans.o
 *fill*         0x10000d06        0x2 
 .text.move_unit
                0x10000d08       0x50 /tmp/ccJAURE7.ltrans0.ltrans.o
 .text.wheel_unit
                0x10000d58       0x50 /tmp/ccJAURE7.ltrans0.ltrans.o
 .text.mousekey_on
                0x10000da8       0xac /tmp/ccJAURE7.ltrans0.ltrans.o
 .text.mousekey_off
                0x10000e54       0xe8 /tmp/ccJAURE7.ltrans0.ltrans.o
 .text.host_keyboard_leds
                0x10000f3c       0x20 /tmp/ccJAURE7.ltrans0.ltrans.o
 .text.host_system_send
                0x10000f5c       0x34 /tmp/ccJAURE7.ltrans0.ltrans.o
 .text.host_consumer_send
                0x10000f90       0x34 /tmp/ccJAURE7.ltrans0.ltrans.o
 .text.add_key_to_report
                0x10000fc4       0x6c /tmp/ccJAURE7.ltrans0.ltrans.o
 .text.del_key_from_report
                0x10001030       0x58 /tmp/ccJAURE7.ltrans0.ltrans.o
 .text.timer_read32
                0x10001088       0x7c /tmp/ccJAURE7.ltrans0.ltrans.o
 .text.mousekey_send
                0x10001104       0x44 /tmp/ccJAURE7.ltrans0.ltrans.o
 .text.set_oneshot_layer
                0x10001148       0x34 /tmp/ccJAURE7.ltrans0.ltrans.o
 .text.get_mods_for_report
                0x1000117c       0x90 /tmp/ccJAURE7.ltrans0.ltrans.o
 .text.del_oneshot_mods
                0x1000120c       0x28 /tmp/ccJAURE7.ltrans0.ltrans.o
 .text.sync_timer_read32
                0x10001234       0x24 /tmp/ccJAURE7.ltrans0.ltrans.o
 .text.usb_get_descriptor_cb
                0x10001258       0xb8 /tmp/ccJAURE7.ltrans0.ltrans.o
 .text.set_led_transfer_cb
                0x10001310       0x30 /tmp/ccJAURE7.ltrans0.ltrans.o
 .text.usb_requests_hook_cb
                0x10001340      0x1b8 /tmp/ccJAURE7.ltrans0.ltrans.o
 .text.keyboard_leds
                0x100014f8        0xc /tmp/ccJAURE7.ltrans0.ltrans.o
 .text.usb_endpoint_in_is_inactive
                0x10001504       0x32 /tmp/ccJAURE7.ltrans0.ltrans.o
 *fill*         0x10001536        0x2 
 .text.usb_set_idle_rate
                0x10001538       0x1c /tmp/ccJAURE7.ltrans0.ltrans.o
 .text.usb_get_idle_rate
                0x10001554        0xe /tmp/ccJAURE7.ltrans0.ltrans.o
 *fill*         0x10001562        0x2 
 .text.usb_idle_timer_elapsed
                0x10001564       0x58 /tmp/ccJAURE7.ltrans0.ltrans.o
 .text.usb_shared_set_idle_rate
                0x100015bc       0x24 /tmp/ccJAURE7.ltrans0.ltrans.o
 .text.usb_shared_get_idle_rate
                0x100015e0       0x18 /tmp/ccJAURE7.ltrans0.ltrans.o
 .text.usb_shared_idle_timer_elapsed
                0x100015f8       0x60 /tmp/ccJAURE7.ltrans0.ltrans.o
 .text.chSysHalt
                0x10001658       0x24 /tmp/ccJAURE7.ltrans0.ltrans.o
 .text.chThdGetSelfX.lto_priv.0
                0x1000167c       0x18 /tmp/ccJAURE7.ltrans0.ltrans.o
 .text.ch_sch_prio_insert
                0x10001694       0x1e /tmp/ccJAURE7.ltrans0.ltrans.o
 .text.obqGetFullBufferI
                0x100016b2       0x1c /tmp/ccJAURE7.ltrans0.ltrans.o
 .text.obqPostFullBufferS
                0x100016ce       0x2a /tmp/ccJAURE7.ltrans0.ltrans.o
 .text.set_address
                0x100016f8       0x30 /tmp/ccJAURE7.ltrans0.ltrans.o
 .text.serve_interrupt
                0x10001728       0x28 /tmp/ccJAURE7.ltrans0.ltrans.o
 .text.i2c_lld_disableS
                0x10001750       0x68 /tmp/ccJAURE7.ltrans0.ltrans.o
 .text.usb_isochronous_buffer_size
                0x100017b8       0x44 /tmp/ccJAURE7.ltrans0.ltrans.o
 .text.usb_prepare_out_ep
                0x100017fc       0x8c /tmp/ccJAURE7.ltrans0.ltrans.o
 .text._usb_wakeup.constprop.0
                0x10001888       0x24 /tmp/ccJAURE7.ltrans0.ltrans.o
 .text.usbStartReceiveI.constprop.0
                0x100018ac       0x36 /tmp/ccJAURE7.ltrans0.ltrans.o
 *fill*         0x100018e2        0x2 
 .text.rgb_matrix_sethsv_eeprom_helper.constprop.0
                0x100018e4       0x34 /tmp/ccJAURE7.ltrans0.ltrans.o
 .text.rgb_matrix_increase_hue
                0x10001918       0x18 /tmp/ccJAURE7.ltrans0.ltrans.o
 .text.rgb_matrix_decrease_hue
                0x10001930       0x18 /tmp/ccJAURE7.ltrans0.ltrans.o
 .text.rgb_matrix_increase_sat
                0x10001948       0x20 /tmp/ccJAURE7.ltrans0.ltrans.o
 .text.rgb_matrix_decrease_sat
                0x10001968       0x20 /tmp/ccJAURE7.ltrans0.ltrans.o
 .text.rgb_matrix_increase_val
                0x10001988       0x20 /tmp/ccJAURE7.ltrans0.ltrans.o
 .text.rgb_matrix_decrease_val
                0x100019a8       0x20 /tmp/ccJAURE7.ltrans0.ltrans.o
 .text.rgb_matrix_mode_eeprom_helper.constprop.0
                0x100019c8       0x34 /tmp/ccJAURE7.ltrans0.ltrans.o
 .text.rgb_matrix_step
                0x100019fc        0xa /tmp/ccJAURE7.ltrans0.ltrans.o
 *fill*         0x10001a06        0x2 
 .text.rgb_matrix_step_reverse
                0x10001a08       0x20 /tmp/ccJAURE7.ltrans0.ltrans.o
 .text.reset_usb_boot.constprop.0
                0x10001a28       0x1c /tmp/ccJAURE7.ltrans0.ltrans.o
 .text.backing_store_erase
                0x10001a44       0x20 /tmp/ccJAURE7.ltrans0.ltrans.o
 .text.oled_write_raw.constprop.0
                0x10001a64       0x6c /tmp/ccJAURE7.ltrans0.ltrans.o
 .text.clock_configure.constprop.0.isra.0
                0x10001ad0       0xd8 /tmp/ccJAURE7.ltrans0.ltrans.o
 .text.clocks_init
                0x10001ba8      0x198 /tmp/ccJAURE7.ltrans0.ltrans.o
 .text.usb_event_queue_enqueue.isra.0
                0x10001d40       0x28 /tmp/ccJAURE7.ltrans0.ltrans.o
 .text.waiting_buffer_typed.isra.0
                0x10001d68       0x48 /tmp/ccJAURE7.ltrans0.ltrans.o
 .text.usb_lld_reset.constprop.0
                0x10001db0       0x74 /tmp/ccJAURE7.ltrans0.ltrans.o
 .text.send_keyboard_report
                0x10001e24       0x94 /tmp/ccJAURE7.ltrans0.ltrans.o
 .text.unregister_code
                0x10001eb8       0x6a /tmp/ccJAURE7.ltrans0.ltrans.o
 *fill*         0x10001f22        0x2 
 .text.register_code
                0x10001f24       0xcc /tmp/ccJAURE7.ltrans0.ltrans.o
 .text.register_mods
                0x10001ff0       0x18 /tmp/ccJAURE7.ltrans0.ltrans.o
 .text.unregister_mods
                0x10002008       0x10 /tmp/ccJAURE7.ltrans0.ltrans.o
 .text.usb_set_report
                0x10002018       0x1c /tmp/ccJAURE7.ltrans0.ltrans.o
 .text.usb_get_report
                0x10002034       0x1a /tmp/ccJAURE7.ltrans0.ltrans.o
 *fill*         0x1000204e        0x2 
 .text.usb_shared_set_report
                0x10002050       0x24 /tmp/ccJAURE7.ltrans0.ltrans.o
 .text.usb_shared_get_report
                0x10002074       0x20 /tmp/ccJAURE7.ltrans0.ltrans.o
 .text.usb_prepare_in_ep_buffer
                0x10002094       0x6e /tmp/ccJAURE7.ltrans0.ltrans.o
 *fill*         0x10002102        0x2 
 .text.usb_prepare_in_ep
                0x10002104       0x88 /tmp/ccJAURE7.ltrans0.ltrans.o
 .text.usbStartTransmitI
                0x1000218c       0x28 /tmp/ccJAURE7.ltrans0.ltrans.o
 .text.obnotify
                0x100021b4       0x32 /tmp/ccJAURE7.ltrans0.ltrans.o
 *fill*         0x100021e6        0x2 
 .text._usb_ep0in
                0x100021e8       0xd4 /tmp/ccJAURE7.ltrans0.ltrans.o
 .text._usb_ep0out
                0x100022bc       0xa0 /tmp/ccJAURE7.ltrans0.ltrans.o
 .text.wear_leveling_read.isra.0
                0x1000235c       0x20 /tmp/ccJAURE7.ltrans0.ltrans.o
 .text.eeprom_read_word
                0x1000237c       0x18 /tmp/ccJAURE7.ltrans0.ltrans.o
 .text.transport_execute_transaction
                0x10002394       0x6c /tmp/ccJAURE7.ltrans0.ltrans.o
 .text.send_if_condition
                0x10002400       0x3c /tmp/ccJAURE7.ltrans0.ltrans.o
 .text.rgb_matrix_handlers_master
                0x1000243c       0x44 /tmp/ccJAURE7.ltrans0.ltrans.o
 .text.master_matrix_handlers_master
                0x10002480       0x2c /tmp/ccJAURE7.ltrans0.ltrans.o
 .text.layer_state_handlers_master
                0x100024ac       0x50 /tmp/ccJAURE7.ltrans0.ltrans.o
 .text.oled_handlers_master
                0x100024fc       0x34 /tmp/ccJAURE7.ltrans0.ltrans.o
 .text.slave_matrix_handlers_master
                0x10002530       0xa8 /tmp/ccJAURE7.ltrans0.ltrans.o
 .text.sync_timer_handlers_master
                0x100025d8       0x40 /tmp/ccJAURE7.ltrans0.ltrans.o
 .text.mods_handlers_master
                0x10002618       0x84 /tmp/ccJAURE7.ltrans0.ltrans.o
 .text.wear_leveling_clear_cache
                0x1000269c       0x20 /tmp/ccJAURE7.ltrans0.ltrans.o
 .text.wear_leveling_erase.isra.0
                0x100026bc       0x1e /tmp/ccJAURE7.ltrans0.ltrans.o
 *fill*         0x100026da        0x2 
 .text.clear_keys_from_report
                0x100026dc       0x34 /tmp/ccJAURE7.ltrans0.ltrans.o
 .text.clear_keyboard
                0x10002710       0x54 /tmp/ccJAURE7.ltrans0.ltrans.o
 .text.usb_reset_report
                0x10002764       0x20 /tmp/ccJAURE7.ltrans0.ltrans.o
 .text.usb_shared_reset_report
                0x10002784       0x2a /tmp/ccJAURE7.ltrans0.ltrans.o
 *fill*         0x100027ae        0x2 
 .text.oled_write_char.constprop.0
                0x100027b0       0xbc /tmp/ccJAURE7.ltrans0.ltrans.o
 .text.oled_advance_page
                0x1000286c       0x68 /tmp/ccJAURE7.ltrans0.ltrans.o
 .text.wear_leveling_consolidate_force
                0x100028d4       0xfc /tmp/ccJAURE7.ltrans0.ltrans.o
 .text.wear_leveling_consolidate_if_needed
                0x100029d0       0x20 /tmp/ccJAURE7.ltrans0.ltrans.o
 .text.wear_leveling_append_raw
                0x100029f0       0x40 /tmp/ccJAURE7.ltrans0.ltrans.o
 .text.wear_leveling_write.isra.0
                0x10002a30      0x12c /tmp/ccJAURE7.ltrans0.ltrans.o
 .text.eeprom_update_word
                0x10002b5c       0x1e /tmp/ccJAURE7.ltrans0.ltrans.o
 *fill*         0x10002b7a        0x2 
 .text.oneshot_set
                0x10002b7c       0x30 /tmp/ccJAURE7.ltrans0.ltrans.o
 .text.eeprom_update_byte
                0x10002bac       0x2a /tmp/ccJAURE7.ltrans0.ltrans.o
 .text.eeprom_update_dword.constprop.0
                0x10002bd6       0x24 /tmp/ccJAURE7.ltrans0.ltrans.o
 .text.ch_dlist_insert
                0x10002bfa       0x2a /tmp/ccJAURE7.ltrans0.ltrans.o
 .text.vt_set_alarm
                0x10002c24       0x4c /tmp/ccJAURE7.ltrans0.ltrans.o
 .text.vt_insert_first
                0x10002c70       0x7c /tmp/ccJAURE7.ltrans0.ltrans.o
 .text.chVTDoTickI
                0x10002cec       0xd0 /tmp/ccJAURE7.ltrans0.ltrans.o
 .text.__sch_ready_behind
                0x10002dbc       0x1c /tmp/ccJAURE7.ltrans0.ltrans.o
 .text.__sch_wakeup
                0x10002dd8       0x42 /tmp/ccJAURE7.ltrans0.ltrans.o
 *fill*         0x10002e1a        0x2 
 .text.chSchReadyI
                0x10002e1c       0x2c /tmp/ccJAURE7.ltrans0.ltrans.o
 .text.ws2812_dma_callback
                0x10002e48       0x84 /tmp/ccJAURE7.ltrans0.ltrans.o
 .text.usb_endpoint_in_tx_complete_cb
                0x10002ecc       0xc8 /tmp/ccJAURE7.ltrans0.ltrans.o
 .text.chThdDequeueAllI.constprop.0
                0x10002f94       0x1e /tmp/ccJAURE7.ltrans0.ltrans.o
 .text.obqResetI
                0x10002fb2       0x18 /tmp/ccJAURE7.ltrans0.ltrans.o
 *fill*         0x10002fca        0x2 
 .text.usb_event_cb
                0x10002fcc      0x238 /tmp/ccJAURE7.ltrans0.ltrans.o
 .text.oled_send_cmd
                0x10003204       0x16 /tmp/ccJAURE7.ltrans0.ltrans.o
 *fill*         0x1000321a        0x2 
 .text.oled_on.isra.0
                0x1000321c       0x44 /tmp/ccJAURE7.ltrans0.ltrans.o
 .text.oled_off.isra.0
                0x10003260       0x30 /tmp/ccJAURE7.ltrans0.ltrans.o
 .text.chSchGoSleepS
                0x10003290       0x2c /tmp/ccJAURE7.ltrans0.ltrans.o
 .text.chSchGoSleepTimeoutS
                0x100032bc      0x104 /tmp/ccJAURE7.ltrans0.ltrans.o
 .text.eeprom_update_block.constprop.0
                0x100033c0       0x28 /tmp/ccJAURE7.ltrans0.ltrans.o
 .text.eeconfig_update_rgb_matrix_default
                0x100033e8       0x34 /tmp/ccJAURE7.ltrans0.ltrans.o
 .text.rgb_matrix_task
                0x1000341c      0x224 /tmp/ccJAURE7.ltrans0.ltrans.o
 .text.oled_write.constprop.0
                0x10003640       0x1a /tmp/ccJAURE7.ltrans0.ltrans.o
 *fill*         0x1000365a        0x2 
 .text.render_space
                0x1000365c       0x10 /tmp/ccJAURE7.ltrans0.ltrans.o
 .text.render_status_main
                0x1000366c       0xe4 /tmp/ccJAURE7.ltrans0.ltrans.o
 .text.led_init_ports
                0x10003750        0x2 /tmp/ccJAURE7.ltrans0.ltrans.o
                0x10003750                __cpu_init
 *fill*         0x10003752        0x2 
 .text.clock_get_hz
                0x10003754        0xc /tmp/ccJAURE7.ltrans0.ltrans.o
                0x10003754                clock_get_hz
 .text.__early_init
                0x10003760        0x2 /tmp/ccJAURE7.ltrans0.ltrans.o
                0x10003760                __early_init
 .text.__default_exit
                0x10003762        0x2 /tmp/ccJAURE7.ltrans0.ltrans.o
                0x10003762                __default_exit
 .text.__init_ram_areas
                0x10003764       0x54 /tmp/ccJAURE7.ltrans0.ltrans.o
                0x10003764                __init_ram_areas
 .text.chSysPolledDelayX
                0x100037b8       0x14 /tmp/ccJAURE7.ltrans0.ltrans.o
                0x100037b8                chSysPolledDelayX
 .text.__late_init
                0x100037cc       0x30 /tmp/ccJAURE7.ltrans0.ltrans.o
                0x100037cc                __late_init
 .text.transaction_handler_master.constprop.0
                0x100037fc       0x48 /tmp/ccJAURE7.ltrans0.ltrans.o
 .text.__sch_reschedule_ahead
                0x10003844       0x44 /tmp/ccJAURE7.ltrans0.ltrans.o
                0x10003844                chSchDoPreemption
 .text.chSchRescheduleS
                0x10003888       0x28 /tmp/ccJAURE7.ltrans0.ltrans.o
 .text.flush    0x100038b0      0x164 /tmp/ccJAURE7.ltrans0.ltrans.o
 .text.send_report.isra.0
                0x10003a14      0x184 /tmp/ccJAURE7.ltrans0.ltrans.o
 .text.send_keyboard
                0x10003b98        0xe /tmp/ccJAURE7.ltrans0.ltrans.o
 .text.send_nkro
                0x10003ba6        0xe /tmp/ccJAURE7.ltrans0.ltrans.o
 .text.send_mouse
                0x10003bb4        0xe /tmp/ccJAURE7.ltrans0.ltrans.o
 .text.send_extra
                0x10003bc2        0xe /tmp/ccJAURE7.ltrans0.ltrans.o
 .text.chThdCreateStatic
                0x10003bd0       0xa0 /tmp/ccJAURE7.ltrans0.ltrans.o
                0x10003bd0                chThdCreateStatic
 .text.chThdExit
                0x10003c70       0x16 /tmp/ccJAURE7.ltrans0.ltrans.o
                0x10003c70                chThdExit
 .text.chThdSleep
                0x10003c86       0x16 /tmp/ccJAURE7.ltrans0.ltrans.o
                0x10003c86                chThdSleep
 .text.soft_reset_keyboard
                0x10003c9c       0x2c /tmp/ccJAURE7.ltrans0.ltrans.o
 .text.tap_code_delay
                0x10003cc8       0x44 /tmp/ccJAURE7.ltrans0.ltrans.o
 .text.perform_space_cadet.constprop.0.isra.0
                0x10003d0c       0xa8 /tmp/ccJAURE7.ltrans0.ltrans.o
 .text.send_string_with_delay.constprop.0
                0x10003db4      0x184 /tmp/ccJAURE7.ltrans0.ltrans.o
 .text.process_record
                0x10003f38      0xbc8 /tmp/ccJAURE7.ltrans0.ltrans.o
 .text.waiting_buffer_scan_tap
                0x10004b00       0x84 /tmp/ccJAURE7.ltrans0.ltrans.o
 .text.process_tapping
                0x10004b84      0x2a0 /tmp/ccJAURE7.ltrans0.ltrans.o
 .text.action_exec
                0x10004e24      0x128 /tmp/ccJAURE7.ltrans0.ltrans.o
 .text.generate_tick_event
                0x10004f4c       0x30 /tmp/ccJAURE7.ltrans0.ltrans.o
 .text.chThdSuspendTimeoutS
                0x10004f7c       0x22 /tmp/ccJAURE7.ltrans0.ltrans.o
                0x10004f7c                chThdSuspendTimeoutS
 .text.chThdResumeI
                0x10004f9e       0x16 /tmp/ccJAURE7.ltrans0.ltrans.o
                0x10004f9e                chThdResumeI
 .text._usb_ep0setup
                0x10004fb4      0x3d8 /tmp/ccJAURE7.ltrans0.ltrans.o
 .text.usbStop.constprop.0
                0x1000538c       0x94 /tmp/ccJAURE7.ltrans0.ltrans.o
 .text.NMI_Handler
                0x10005420       0x12 /tmp/ccJAURE7.ltrans0.ltrans.o
                0x10005420                NMI_Handler
 *fill*         0x10005432        0x2 
 .text.__port_irq_epilogue
                0x10005434       0x4c /tmp/ccJAURE7.ltrans0.ltrans.o
                0x10005434                __port_irq_epilogue
 .text.Vector7C
                0x10005480       0x20 /tmp/ccJAURE7.ltrans0.ltrans.o
                0x10005480                Vector7C
 .text.Vector80
                0x100054a0       0x3c /tmp/ccJAURE7.ltrans0.ltrans.o
                0x100054a0                Vector80
 .text.__port_spinlock_release
                0x100054dc       0x10 /tmp/ccJAURE7.ltrans0.ltrans.o
                0x100054dc                __port_spinlock_release
 .text.i2cStop  0x100054ec       0xc4 /tmp/ccJAURE7.ltrans0.ltrans.o
                0x100054ec                i2cStop
 .text.i2cMasterTransmitTimeout
                0x100055b0       0xbc /tmp/ccJAURE7.ltrans0.ltrans.o
                0x100055b0                i2cMasterTransmitTimeout
 .text.nvicEnableVector
                0x1000566c       0x40 /tmp/ccJAURE7.ltrans0.ltrans.o
                0x1000566c                nvicEnableVector
 .text.i2cStart
                0x100056ac      0x100 /tmp/ccJAURE7.ltrans0.ltrans.o
                0x100056ac                i2cStart
 .text.Vector6C
                0x100057ac       0x34 /tmp/ccJAURE7.ltrans0.ltrans.o
                0x100057ac                Vector6C
 .text.Vector70
                0x100057e0       0x34 /tmp/ccJAURE7.ltrans0.ltrans.o
                0x100057e0                Vector70
 .text.Vector40
                0x10005814       0x24 /tmp/ccJAURE7.ltrans0.ltrans.o
                0x10005814                Vector40
 .text.Vector44
                0x10005838       0x24 /tmp/ccJAURE7.ltrans0.ltrans.o
                0x10005838                Vector44
 .text.Vector48
                0x1000585c       0x28 /tmp/ccJAURE7.ltrans0.ltrans.o
                0x1000585c                Vector48
 .text.Vector4C
                0x10005884       0x28 /tmp/ccJAURE7.ltrans0.ltrans.o
                0x10005884                Vector4C
 .text.VectorA0
                0x100058ac      0x154 /tmp/ccJAURE7.ltrans0.ltrans.o
                0x100058ac                VectorA0
 .text.Vector98
                0x10005a00      0x194 /tmp/ccJAURE7.ltrans0.ltrans.o
                0x10005a00                Vector98
 .text.Vector54
                0x10005b94      0x2ac /tmp/ccJAURE7.ltrans0.ltrans.o
                0x10005b94                Vector54
 .text._fini    0x10005e40        0x2 /tmp/ccJAURE7.ltrans0.ltrans.o
                0x10005e40                _fini
 *fill*         0x10005e42        0x2 
 .text.split_shared_memory_lock
                0x10005e44       0x70 /tmp/ccJAURE7.ltrans0.ltrans.o
                0x10005e44                split_shared_memory_lock
 .text.split_shared_memory_unlock
                0x10005eb4       0x58 /tmp/ccJAURE7.ltrans0.ltrans.o
                0x10005eb4                split_shared_memory_unlock
 .text.matrix_scan.isra.0
                0x10005f0c      0x4e0 /tmp/ccJAURE7.ltrans0.ltrans.o
 .text.startup.main
                0x100063ec      0xfe4 /tmp/ccJAURE7.ltrans0.ltrans.o
                0x100063ec                main
 .text.pio_claim_unused_sm
                0x100073d0       0x80 /tmp/ccJAURE7.ltrans0.ltrans.o
                0x100073d0                pio_claim_unused_sm
 .text.pio_add_program
                0x10007450       0xd0 /tmp/ccJAURE7.ltrans0.ltrans.o
                0x10007450                pio_add_program
 .text.pio_sm_set_pins_with_mask
                0x10007520       0x7a /tmp/ccJAURE7.ltrans0.ltrans.o
                0x10007520                pio_sm_set_pins_with_mask
 *fill*         0x1000759a        0x2 
 .text.pio_sm_set_consecutive_pindirs
                0x1000759c       0x94 /tmp/ccJAURE7.ltrans0.ltrans.o
                0x1000759c                pio_sm_set_consecutive_pindirs
 .text.pio_sm_init
                0x10007630       0x8c /tmp/ccJAURE7.ltrans0.ltrans.o
                0x10007630                pio_sm_init
 .text.init     0x100076bc      0x1bc /tmp/ccJAURE7.ltrans0.ltrans.o
 .text.gpio_set_drive_strength
                0x10007878       0x20 /tmp/ccJAURE7.ltrans0.ltrans.o
                0x10007878                gpio_set_drive_strength
 .text.SlaveThread
                0x10007898       0xa8 .build/obj_crkbd_rev1_clarity_helios/serial_protocol.a(serial_protocol.o)
 .text.soft_serial_target_init
                0x10007940       0x24 .build/obj_crkbd_rev1_clarity_helios/serial_protocol.a(serial_protocol.o)
                0x10007940                soft_serial_target_init
 .text.soft_serial_initiator_init
                0x10007964        0x8 .build/obj_crkbd_rev1_clarity_helios/serial_protocol.a(serial_protocol.o)
                0x10007964                soft_serial_initiator_init
 .text.soft_serial_transaction
                0x1000796c       0x98 .build/obj_crkbd_rev1_clarity_helios/serial_protocol.a(serial_protocol.o)
                0x1000796c                soft_serial_transaction
 .text.port_lock
                0x10007a04       0x16 .build/obj_crkbd_rev1_clarity_helios/serial_vendor.a(serial_vendor.o)
 .text.port_unlock
                0x10007a1a       0x12 .build/obj_crkbd_rev1_clarity_helios/serial_vendor.a(serial_vendor.o)
 .text.sm_config_set_clkdiv
                0x10007a2c       0x3a .build/obj_crkbd_rev1_clarity_helios/serial_vendor.a(serial_vendor.o)
 *fill*         0x10007a66        0x2 
 .text.pio_sm_set_enabled.constprop.0
                0x10007a68       0x18 .build/obj_crkbd_rev1_clarity_helios/serial_vendor.a(serial_vendor.o)
 .text.receive_impl
                0x10007a80       0xb0 .build/obj_crkbd_rev1_clarity_helios/serial_vendor.a(serial_vendor.o)
 .text.Vector5C
                0x10007b30       0x9c .build/obj_crkbd_rev1_clarity_helios/serial_vendor.a(serial_vendor.o)
                0x10007b30                Vector5C
 .text.serial_transport_driver_clear
                0x10007bcc       0x44 .build/obj_crkbd_rev1_clarity_helios/serial_vendor.a(serial_vendor.o)
                0x10007bcc                serial_transport_driver_clear
 .text.hot.serial_transport_send
                0x10007c10       0xb8 .build/obj_crkbd_rev1_clarity_helios/serial_vendor.a(serial_vendor.o)
                0x10007c10                serial_transport_send
 .text.hot.serial_transport_receive
                0x10007cc8       0x10 .build/obj_crkbd_rev1_clarity_helios/serial_vendor.a(serial_vendor.o)
                0x10007cc8                serial_transport_receive
 .text.hot.serial_transport_receive_blocking
                0x10007cd8        0xc .build/obj_crkbd_rev1_clarity_helios/serial_vendor.a(serial_vendor.o)
                0x10007cd8                serial_transport_receive_blocking
 .text.serial_transport_driver_slave_init
                0x10007ce4      0x1c8 .build/obj_crkbd_rev1_clarity_helios/serial_vendor.a(serial_vendor.o)
                0x10007ce4                serial_transport_driver_slave_init
 .text.serial_transport_driver_master_init
                0x10007eac        0x8 .build/obj_crkbd_rev1_clarity_helios/serial_vendor.a(serial_vendor.o)
                0x10007eac                serial_transport_driver_master_init
 .text.i2c_epilogue
                0x10007eb4       0x20 .build/obj_crkbd_rev1_clarity_helios/i2c_master.a(i2c_master.o)
 .text.i2c_init
                0x10007ed4       0x54 .build/obj_crkbd_rev1_clarity_helios/i2c_master.a(i2c_master.o)
                0x10007ed4                i2c_init
 .text.i2c_transmit
                0x10007f28       0x64 .build/obj_crkbd_rev1_clarity_helios/i2c_master.a(i2c_master.o)
                0x10007f28                i2c_transmit
 .text.i2c_write_register
                0x10007f8c       0x90 .build/obj_crkbd_rev1_clarity_helios/i2c_master.a(i2c_master.o)
                0x10007f8c                i2c_write_register
 .text.__fixunssfsi
                0x1000801c       0x30 /nix/store/xl91jiyv99gkc01ljm6z22dgck5d9zvi-gcc-arm-embedded-12.3.rel1/bin/../lib/gcc/arm-none-eabi/12.3.1/thumb/v6-m/nofp/libgcc.a(_fixunssfsi.o)
                0x1000801c                __aeabi_f2uiz
                0x1000801c                __fixunssfsi
 .text.__aeabi_fdiv
                0x1000804c      0x240 /nix/store/xl91jiyv99gkc01ljm6z22dgck5d9zvi-gcc-arm-embedded-12.3.rel1/bin/../lib/gcc/arm-none-eabi/12.3.1/thumb/v6-m/nofp/libgcc.a(divsf3.o)
                0x1000804c                __aeabi_fdiv
 .text.__aeabi_fmul
                0x1000828c      0x27c /nix/store/xl91jiyv99gkc01ljm6z22dgck5d9zvi-gcc-arm-embedded-12.3.rel1/bin/../lib/gcc/arm-none-eabi/12.3.1/thumb/v6-m/nofp/libgcc.a(mulsf3.o)
                0x1000828c                __aeabi_fmul
 .text.__aeabi_fsub
                0x10008508      0x348 /nix/store/xl91jiyv99gkc01ljm6z22dgck5d9zvi-gcc-arm-embedded-12.3.rel1/bin/../lib/gcc/arm-none-eabi/12.3.1/thumb/v6-m/nofp/libgcc.a(subsf3.o)
                0x10008508                __aeabi_fsub
 .text.__aeabi_f2iz
                0x10008850       0x40 /nix/store/xl91jiyv99gkc01ljm6z22dgck5d9zvi-gcc-arm-embedded-12.3.rel1/bin/../lib/gcc/arm-none-eabi/12.3.1/thumb/v6-m/nofp/libgcc.a(fixsfsi.o)
                0x10008850                __aeabi_f2iz
 .text.__aeabi_ui2f
                0x10008890       0x84 /nix/store/xl91jiyv99gkc01ljm6z22dgck5d9zvi-gcc-arm-embedded-12.3.rel1/bin/../lib/gcc/arm-none-eabi/12.3.1/thumb/v6-m/nofp/libgcc.a(floatunsisf.o)
                0x10008890                __aeabi_ui2f
 .text.__eqsf2  0x10008914       0x50 /nix/store/xl91jiyv99gkc01ljm6z22dgck5d9zvi-gcc-arm-embedded-12.3.rel1/bin/../lib/gcc/arm-none-eabi/12.3.1/thumb/v6-m/nofp/libgcc.a(eqsf2.o)
                0x10008914                __nesf2
                0x10008914                __eqsf2
 .text.__gesf2  0x10008964       0xa0 /nix/store/xl91jiyv99gkc01ljm6z22dgck5d9zvi-gcc-arm-embedded-12.3.rel1/bin/../lib/gcc/arm-none-eabi/12.3.1/thumb/v6-m/nofp/libgcc.a(gesf2.o)
                0x10008964                __gtsf2
                0x10008964                __gesf2
 .text.__lesf2  0x10008a04       0x9c /nix/store/xl91jiyv99gkc01ljm6z22dgck5d9zvi-gcc-arm-embedded-12.3.rel1/bin/../lib/gcc/arm-none-eabi/12.3.1/thumb/v6-m/nofp/libgcc.a(lesf2.o)
                0x10008a04                __lesf2
                0x10008a04                __ltsf2
 .text.memcpy   0x10008aa0       0x12 /nix/store/xl91jiyv99gkc01ljm6z22dgck5d9zvi-gcc-arm-embedded-12.3.rel1/bin/../lib/gcc/arm-none-eabi/12.3.1/../../../../arm-none-eabi/lib/thumb/v6-m/nofp/libg_nano.a(libc_a-memcpy-stub.o)
                0x10008aa0                memcpy
 .text.memset   0x10008ab2       0x10 /nix/store/xl91jiyv99gkc01ljm6z22dgck5d9zvi-gcc-arm-embedded-12.3.rel1/bin/../lib/gcc/arm-none-eabi/12.3.1/../../../../arm-none-eabi/lib/thumb/v6-m/nofp/libg_nano.a(libc_a-memset.o)
                0x10008ab2                memset
 .text.memcmp   0x10008ac2       0x1c /nix/store/xl91jiyv99gkc01ljm6z22dgck5d9zvi-gcc-arm-embedded-12.3.rel1/bin/../lib/gcc/arm-none-eabi/12.3.1/../../../../arm-none-eabi/lib/thumb/v6-m/nofp/libg_nano.a(libc_a-memcmp.o)
                0x10008ac2                memcmp
 *fill*         0x10008ade        0x2 
 .text.memcmp.__stub
                0x10008ae0       0xa0 linker stubs
 *(.glue_7t)
 .glue_7t       0x10008b80        0x0 linker stubs
 *(.glue_7)
 .glue_7        0x10008b80        0x0 linker stubs
 *(.gcc*)
                0x10008b80                        __text_end__ = .

.vfp11_veneer   0x10008b80        0x0
 .vfp11_veneer  0x10008b80        0x0 linker stubs

.v4_bx          0x10008b80        0x0
 .v4_bx         0x10008b80        0x0 linker stubs

.iplt           0x10008b80        0x0
 .iplt          0x10008b80        0x0 .build/obj_crkbd_rev1_clarity_helios/serial_protocol.a(serial_protocol.o)

.rodata         0x10008b80     0x183c
                0x10008b80                        __rodata_base__ = .
 *(.rodata)
 .rodata        0x10008b80      0x103 /tmp/ccJAURE7.ltrans0.ltrans.o
 *(.rodata.*)
 .rodata.rgb_matrix_sethsv_eeprom_helper.constprop.0.cst1
                0x10008c83        0x1 /tmp/ccJAURE7.ltrans0.ltrans.o
 .rodata.render_space.str1.1
                0x10008c84        0x6 /tmp/ccJAURE7.ltrans0.ltrans.o
 .rodata.render_status_main.str1.1
                0x10008c8a        0x6 /tmp/ccJAURE7.ltrans0.ltrans.o
 .rodata.process_record.str1.1
                0x10008c90       0x7d /tmp/ccJAURE7.ltrans0.ltrans.o
 .rodata.Vector80.str1.1
                0x10008d0d        0xd /tmp/ccJAURE7.ltrans0.ltrans.o
 .rodata.pio_claim_unused_sm.str1.1
                0x10008d1a       0x24 /tmp/ccJAURE7.ltrans0.ltrans.o
 .rodata.pio_add_program.str1.1
                0x10008d3e       0x11 /tmp/ccJAURE7.ltrans0.ltrans.o
 .rodata.ProductString
                0x10008d4f        0xe /tmp/ccJAURE7.ltrans0.ltrans.o
 .rodata.ManufacturerString
                0x10008d5d       0x12 /tmp/ccJAURE7.ltrans0.ltrans.o
 .rodata.LanguageString
                0x10008d6f        0x4 /tmp/ccJAURE7.ltrans0.ltrans.o
 *fill*         0x10008d73        0x1 
 .rodata.ws2812_program_instructions
                0x10008d74        0xc /tmp/ccJAURE7.ltrans0.ltrans.o
 .rodata.display_on.5
                0x10008d80        0x2 /tmp/ccJAURE7.ltrans0.ltrans.o
 .rodata.display_off.4
                0x10008d82        0x2 /tmp/ccJAURE7.ltrans0.ltrans.o
 .rodata.font   0x10008d84      0x540 /tmp/ccJAURE7.ltrans0.ltrans.o
 .rodata.ascii_to_altgr_lut
                0x100092c4       0x10 /tmp/ccJAURE7.ltrans0.ltrans.o
 .rodata.ascii_to_shift_lut
                0x100092d4       0x10 /tmp/ccJAURE7.ltrans0.ltrans.o
 .rodata.ascii_to_keycode_lut
                0x100092e4       0x80 /tmp/ccJAURE7.ltrans0.ltrans.o
 .rodata.ep0config
                0x10009364       0x1c /tmp/ccJAURE7.ltrans0.ltrans.o
 .rodata.active_status
                0x10009380        0x2 /tmp/ccJAURE7.ltrans0.ltrans.o
 .rodata.halted_status
                0x10009382        0x2 /tmp/ccJAURE7.ltrans0.ltrans.o
 .rodata.zero_status
                0x10009384        0x2 /tmp/ccJAURE7.ltrans0.ltrans.o
 *fill*         0x10009386        0x2 
 .rodata.ram_areas
                0x10009388       0x80 /tmp/ccJAURE7.ltrans0.ltrans.o
 .rodata.usb_endpoint_interface_lut
                0x10009408        0x2 /tmp/ccJAURE7.ltrans0.ltrans.o
 .rodata.SharedReport
                0x1000940a       0xb6 /tmp/ccJAURE7.ltrans0.ltrans.o
 .rodata.KeyboardReport
                0x100094c0       0x44 /tmp/ccJAURE7.ltrans0.ltrans.o
 .rodata.ConfigurationDescriptor
                0x10009504       0x3b /tmp/ccJAURE7.ltrans0.ltrans.o
 .rodata.DeviceDescriptor
                0x1000953f       0x12 /tmp/ccJAURE7.ltrans0.ltrans.o
 .rodata.CSWTCH.2
                0x10009551        0x3 /tmp/ccJAURE7.ltrans0.ltrans.o
 .rodata.CSWTCH.1
                0x10009554        0xc /tmp/ccJAURE7.ltrans0.ltrans.o
 .rodata.__rp_dma_channels
                0x10009560       0xc0 /tmp/ccJAURE7.ltrans0.ltrans.o
 .rodata.ws2812_program
                0x10009620        0x6 /tmp/ccJAURE7.ltrans0.ltrans.o
 .rodata.CIE1931_CURVE
                0x10009626      0x100 /tmp/ccJAURE7.ltrans0.ltrans.o
 .rodata.g_led_config
                0x10009726       0xd2 /tmp/ccJAURE7.ltrans0.ltrans.o
 .rodata.alarm_irqs
                0x100097f8       0x20 /tmp/ccJAURE7.ltrans0.ltrans.o
 .rodata.str1.1
                0x10009818        0x3 /tmp/ccJAURE7.ltrans0.ltrans.o
 *fill*         0x1000981b        0x1 
 .rodata.ch_core0_cfg
                0x1000981c        0xc /tmp/ccJAURE7.ltrans0.ltrans.o
 .rodata.usbcfg
                0x10009828       0x10 /tmp/ccJAURE7.ltrans0.ltrans.o
 .rodata.row_pins
                0x10009838       0x10 /tmp/ccJAURE7.ltrans0.ltrans.o
 .rodata.col_pins
                0x10009848       0x18 /tmp/ccJAURE7.ltrans0.ltrans.o
 .rodata.display_setup2.11
                0x10009860        0xd /tmp/ccJAURE7.ltrans0.ltrans.o
 .rodata.display_flipped.12
                0x1000986d        0x5 /tmp/ccJAURE7.ltrans0.ltrans.o
 .rodata.display_normal.13
                0x10009872        0x5 /tmp/ccJAURE7.ltrans0.ltrans.o
 .rodata.display_setup1.14
                0x10009877        0xb /tmp/ccJAURE7.ltrans0.ltrans.o
 .rodata.target_map.7
                0x10009882        0x4 /tmp/ccJAURE7.ltrans0.ltrans.o
 .rodata.source_map.8
                0x10009886        0x4 /tmp/ccJAURE7.ltrans0.ltrans.o
 *fill*         0x1000988a        0x2 
 .rodata.split_shmem
                0x1000988c        0x4 /tmp/ccJAURE7.ltrans0.ltrans.o
                0x1000988c                split_shmem
 .rodata.keymaps
                0x10009890      0x600 /tmp/ccJAURE7.ltrans0.ltrans.o
 .rodata.code_to_name
                0x10009e90       0x3c /tmp/ccJAURE7.ltrans0.ltrans.o
 .rodata.CSWTCH.10
                0x10009ecc       0x36 /tmp/ccJAURE7.ltrans0.ltrans.o
 .rodata.corne_logo.10
                0x10009f02       0x10 /tmp/ccJAURE7.ltrans0.ltrans.o
 .rodata.walk.2
                0x10009f12       0xc0 /tmp/ccJAURE7.ltrans0.ltrans.o
 .rodata.run.3  0x10009fd2       0xc0 /tmp/ccJAURE7.ltrans0.ltrans.o
 .rodata.sneak.5
                0x1000a092       0xc0 /tmp/ccJAURE7.ltrans0.ltrans.o
 .rodata.bark.4
                0x1000a152       0xc0 /tmp/ccJAURE7.ltrans0.ltrans.o
 .rodata.uart_rx_program
                0x1000a212        0x6 .build/obj_crkbd_rev1_clarity_helios/serial_vendor.a(serial_vendor.o)
 .rodata.uart_rx_program_instructions
                0x1000a218       0x12 .build/obj_crkbd_rev1_clarity_helios/serial_vendor.a(serial_vendor.o)
 .rodata.uart_tx_program
                0x1000a22a        0x6 .build/obj_crkbd_rev1_clarity_helios/serial_vendor.a(serial_vendor.o)
 .rodata.uart_tx_program_instructions
                0x1000a230        0x8 .build/obj_crkbd_rev1_clarity_helios/serial_vendor.a(serial_vendor.o)
 .rodata.i2cconfig
                0x1000a238        0x4 .build/obj_crkbd_rev1_clarity_helios/i2c_master.a(i2c_master.o)
 .rodata.__aeabi_fdiv
                0x1000a23c       0x7c /nix/store/xl91jiyv99gkc01ljm6z22dgck5d9zvi-gcc-arm-embedded-12.3.rel1/bin/../lib/gcc/arm-none-eabi/12.3.1/thumb/v6-m/nofp/libgcc.a(divsf3.o)
 .rodata._ctype_
                0x1000a2b8      0x101 /nix/store/xl91jiyv99gkc01ljm6z22dgck5d9zvi-gcc-arm-embedded-12.3.rel1/bin/../lib/gcc/arm-none-eabi/12.3.1/../../../../arm-none-eabi/lib/thumb/v6-m/nofp/libg_nano.a(libc_a-ctype_.o)
                0x1000a2b8                _ctype_
                0x1000a3bc                        . = ALIGN (0x4)
 *fill*         0x1000a3b9        0x3 
                0x1000a3bc                        __rodata_end__ = .

.rel.dyn        0x1000a3bc        0x0
 .rel.iplt      0x1000a3bc        0x0 .build/obj_crkbd_rev1_clarity_helios/serial_protocol.a(serial_protocol.o)

.ARM.extab
 *(.ARM.extab* .gnu.linkonce.armextab.*)

.ARM.exidx      0x1000a3bc        0x0
                0x1000a3bc                        __exidx_base__ = .
                0x1000a3bc                        __exidx_start = .
 *(.ARM.exidx* .gnu.linkonce.armexidx.*)
                0x1000a3bc                        __exidx_end__ = .
                0x1000a3bc                        __exidx_end = .

.eh_frame_hdr
 *(.eh_frame_hdr)

.eh_frame
 *(.eh_frame)

.data           0x20000000      0xc48 load address 0x1000a3bc
                [!provide]                        PROVIDE (_textdata = LOADADDR (.data))
                [!provide]                        PROVIDE (_data = .)
                0x1000a3bc                        __textdata_base__ = LOADADDR (.data)
                0x20000000                        __data_base__ = .
 *(vtable)
 *(.time_critical*)
 .time_critical.flash_enable_xip_via_boot2
                0x20000000       0x18 /tmp/ccJAURE7.ltrans0.ltrans.o
 .time_critical.flash_cs_force
                0x20000018       0x20 /tmp/ccJAURE7.ltrans0.ltrans.o
 .time_critical.flash_was_aborted
                0x20000038       0x10 /tmp/ccJAURE7.ltrans0.ltrans.o
 .time_critical.flash_init_boot2_copyout
                0x20000048       0x30 /tmp/ccJAURE7.ltrans0.ltrans.o
 .time_critical.flash_range_erase
                0x20000078       0x60 /tmp/ccJAURE7.ltrans0.ltrans.o
 .time_critical.flash_put_cmd_addr
                0x200000d8       0x24 /tmp/ccJAURE7.ltrans0.ltrans.o
 .time_critical.flash_put_get
                0x200000fc       0x6e /tmp/ccJAURE7.ltrans0.ltrans.o
 .time_critical._flash_do_cmd
                0x2000016a       0x22 /tmp/ccJAURE7.ltrans0.ltrans.o
 .time_critical.flash_wait_ready
                0x2000018c       0x22 /tmp/ccJAURE7.ltrans0.ltrans.o
 .time_critical.flash_enable_write
                0x200001ae        0xe /tmp/ccJAURE7.ltrans0.ltrans.o
 .time_critical.pico_program_bulk
                0x200001bc       0x94 /tmp/ccJAURE7.ltrans0.ltrans.o
 .time_critical.leave_rx_state
                0x20000250       0x60 .build/obj_crkbd_rev1_clarity_helios/serial_vendor.a(serial_vendor.o)
 .time_critical.enter_rx_state
                0x200002b0       0x68 .build/obj_crkbd_rev1_clarity_helios/serial_vendor.a(serial_vendor.o)
 .time_critical.__wrap___aeabi_idiv
                0x20000318       0x40 .build/obj_crkbd_rev1_clarity_helios/./lib/pico-sdk/src/rp2_common/pico_divider/divider.o
                0x20000318                __wrap___aeabi_idivmod
                0x20000318                divmod_s32s32
                0x20000318                div_s32s32
                0x20000318                __wrap___aeabi_idiv
                0x20000318                divmod_s32s32_unsafe
 .time_critical.__wrap___aeabi_uidiv
                0x20000358       0x3c .build/obj_crkbd_rev1_clarity_helios/./lib/pico-sdk/src/rp2_common/pico_divider/divider.o
                0x20000358                divmod_u32u32_unsafe
                0x20000358                __wrap___aeabi_uidiv
                0x20000358                __wrap___aeabi_uidivmod
                0x20000358                div_u32u32
                0x20000358                divmod_u32u32
 .time_critical.__wrap___aeabi_ldiv
                0x20000394      0x3ec .build/obj_crkbd_rev1_clarity_helios/./lib/pico-sdk/src/rp2_common/pico_divider/divider.o
                0x20000394                div_s64s64
                0x20000394                divmod_s64s64
                0x20000394                __wrap___aeabi_ldivmod
                0x200003a8                div_u64u64
                0x200003a8                divmod_u64u64
                0x200003a8                __wrap___aeabi_uldivmod
                0x200003bc                divmod_s64s64_unsafe
                0x20000444                divmod_u64u64_unsafe
 .time_critical.__aeabi_lmul
                0x20000780       0x32 .build/obj_crkbd_rev1_clarity_helios/./lib/pico-sdk/src/rp2_common/pico_int64_ops/pico_int64_ops_aeabi.o
                0x20000780                __wrap___aeabi_lmul
 *fill*         0x200007b2        0x6 
 .time_critical.__aeabi_lmul.__stub
                0x200007b8       0x90 linker stubs
                0x20000848                        . = ALIGN (0x4)
 *fill*         0x20000848        0x0 
 *(.data)
 *(.data.*)
 .data.__compound_literal.7
                0x20000848       0x4c /tmp/ccJAURE7.ltrans0.ltrans.o
 .data.__compound_literal.3
                0x20000894       0x4c /tmp/ccJAURE7.ltrans0.ltrans.o
 .data.__compound_literal.2
                0x200008e0       0x4c /tmp/ccJAURE7.ltrans0.ltrans.o
 .data.__compound_literal.1.lto_priv.1
                0x2000092c       0x4c /tmp/ccJAURE7.ltrans0.ltrans.o
 .data.__compound_literal.0.lto_priv.1
                0x20000978       0x4c /tmp/ccJAURE7.ltrans0.ltrans.o
 .data.__compound_literal.8
                0x200009c4        0x4 /tmp/ccJAURE7.ltrans0.ltrans.o
 .data.__compound_literal.4
                0x200009c8       0x24 /tmp/ccJAURE7.ltrans0.ltrans.o
 .data.__compound_literal.9
                0x200009ec       0x1c /tmp/ccJAURE7.ltrans0.ltrans.o
 .data.__compound_literal.5
                0x20000a08       0x1c /tmp/ccJAURE7.ltrans0.ltrans.o
 .data.SPLIT_SHARED_MEMORY_MUTEX
                0x20000a24       0x10 /tmp/ccJAURE7.ltrans0.ltrans.o
 .data.TRANSFER_COUNTER
                0x20000a34        0xc /tmp/ccJAURE7.ltrans0.ltrans.o
 .data.STATE_MACHINE
                0x20000a40        0x4 /tmp/ccJAURE7.ltrans0.ltrans.o
 .data.rgb_effect_params
                0x20000a44        0x3 /tmp/ccJAURE7.ltrans0.ltrans.o
 .data.rgb_last_enable
                0x20000a47        0x1 /tmp/ccJAURE7.ltrans0.ltrans.o
 .data.rgb_last_effect
                0x20000a48        0x1 /tmp/ccJAURE7.ltrans0.ltrans.o
 *fill*         0x20000a49        0x3 
 .data.func     0x20000a4c        0x4 /tmp/ccJAURE7.ltrans0.ltrans.o
 .data.chibios_driver
                0x20000a50       0x14 /tmp/ccJAURE7.ltrans0.ltrans.o
 .data.isLeftHand
                0x20000a64        0x1 /tmp/ccJAURE7.ltrans0.ltrans.o
 .data.display_start.10
                0x20000a65        0x7 /tmp/ccJAURE7.ltrans0.ltrans.o
 .data.usb_endpoints_in
                0x20000a6c      0x128 /tmp/ccJAURE7.ltrans0.ltrans.o
 .data.split_transaction_table
                0x20000b94       0xa8 /tmp/ccJAURE7.ltrans0.ltrans.o
                0x20000b94                split_transaction_table
 .data.keyboard_protocol
                0x20000c3c        0x1 /tmp/ccJAURE7.ltrans0.ltrans.o
 .data.key_name
                0x20000c3d        0x1 /tmp/ccJAURE7.ltrans0.ltrans.o
 .data.rgb_task_state
                0x20000c3e        0x1 /tmp/ccJAURE7.ltrans0.ltrans.o
 *fill*         0x20000c3f        0x1 
 .data.tx_state_machine
                0x20000c40        0x4 .build/obj_crkbd_rev1_clarity_helios/serial_vendor.a(serial_vendor.o)
 .data.rx_state_machine
                0x20000c44        0x4 .build/obj_crkbd_rev1_clarity_helios/serial_vendor.a(serial_vendor.o)
 *(.ramtext)
                0x20000c48                        . = ALIGN (0x4)
                [!provide]                        PROVIDE (_edata = .)
                0x20000c48                        __data_end__ = .

.igot.plt       0x20000c48        0x0 load address 0x1000b004
 .igot.plt      0x20000c48        0x0 .build/obj_crkbd_rev1_clarity_helios/serial_protocol.a(serial_protocol.o)

.bss            0x20000c48     0x210c load address 0x1000b004
                0x20000c48                        __bss_base__ = .
 *(.bss)
 *(.bss.*)
 .bss.ep0_state
                0x20000c48       0x3c /tmp/ccJAURE7.ltrans0.ltrans.o
 .bss.__compound_literal.10
                0x20000c84       0x30 /tmp/ccJAURE7.ltrans0.ltrans.o
 .bss.__compound_literal.6
                0x20000cb4       0x90 /tmp/ccJAURE7.ltrans0.ltrans.o
 .bss.__compound_literal.1.lto_priv.0
                0x20000d44       0x20 /tmp/ccJAURE7.ltrans0.ltrans.o
 .bss.__compound_literal.0.lto_priv.0
                0x20000d64        0x8 /tmp/ccJAURE7.ltrans0.ltrans.o
 .bss.last_sync_timer.0
                0x20000d6c        0x4 /tmp/ccJAURE7.ltrans0.ltrans.o
 .bss.connection_check_timer.0
                0x20000d70        0x2 /tmp/ccJAURE7.ltrans0.ltrans.o
 .bss.last_connected.0
                0x20000d72        0x1 /tmp/ccJAURE7.ltrans0.ltrans.o
 *fill*         0x20000d73        0x1 
 .bss.debouncing_time
                0x20000d74        0x4 /tmp/ccJAURE7.ltrans0.ltrans.o
 .bss.debouncing
                0x20000d78        0x1 /tmp/ccJAURE7.ltrans0.ltrans.o
 *fill*         0x20000d79        0x1 
 .bss.sc_timer  0x20000d7a        0x2 /tmp/ccJAURE7.ltrans0.ltrans.o
 .bss.oled_temp_buffer.6
                0x20000d7c        0x6 /tmp/ccJAURE7.ltrans0.ltrans.o
 .bss.connection_errors
                0x20000d82        0x1 /tmp/ccJAURE7.ltrans0.ltrans.o
 *fill*         0x20000d83        0x1 
 .bss.boot2_copyout
                0x20000d84      0x100 /tmp/ccJAURE7.ltrans0.ltrans.o
 .bss.boot2_copyout_valid
                0x20000e84        0x1 /tmp/ccJAURE7.ltrans0.ltrans.o
 *fill*         0x20000e85        0x3 
 .bss._used_instruction_space
                0x20000e88        0x8 /tmp/ccJAURE7.ltrans0.ltrans.o
 .bss.claimed   0x20000e90        0x1 /tmp/ccJAURE7.ltrans0.ltrans.o
 *fill*         0x20000e91        0x3 
 .bss.report.2  0x20000e94       0x4c /tmp/ccJAURE7.ltrans0.ltrans.o
 .bss.idle_rate.0
                0x20000ee0        0x1 /tmp/ccJAURE7.ltrans0.ltrans.o
 .bss.keyboard_led_state
                0x20000ee1        0x1 /tmp/ccJAURE7.ltrans0.ltrans.o
 *fill*         0x20000ee2        0x2 
 .bss.set_report_buf
                0x20000ee4        0x2 /tmp/ccJAURE7.ltrans0.ltrans.o
 *fill*         0x20000ee6        0x2 
 .bss.descriptor.0
                0x20000ee8        0x8 /tmp/ccJAURE7.ltrans0.ltrans.o
 .bss.last_consumer_usage
                0x20000ef0        0x2 /tmp/ccJAURE7.ltrans0.ltrans.o
 .bss.last_system_usage
                0x20000ef2        0x2 /tmp/ccJAURE7.ltrans0.ltrans.o
 *fill*         0x20000ef4        0x4 
 .bss.LAST_TRANSFER
                0x20000ef8        0x8 /tmp/ccJAURE7.ltrans0.ltrans.o
 .bss.WS2812_BUFFER
                0x20000f00       0xd8 /tmp/ccJAURE7.ltrans0.ltrans.o
 .bss.rgb_matrix_ws2812_array
                0x20000fd8       0xa2 /tmp/ccJAURE7.ltrans0.ltrans.o
 *fill*         0x2000107a        0x2 
 .bss.RP_DMA_MODE_WS2812
                0x2000107c        0x4 /tmp/ccJAURE7.ltrans0.ltrans.o
 .bss.dma_channel
                0x20001080        0x4 /tmp/ccJAURE7.ltrans0.ltrans.o
 .bss.ws2812_dirty
                0x20001084        0x1 /tmp/ccJAURE7.ltrans0.ltrans.o
 *fill*         0x20001085        0x3 
 .bss.rgb_timer_buffer
                0x20001088        0x4 /tmp/ccJAURE7.ltrans0.ltrans.o
 .bss.g_rgb_timer
                0x2000108c        0x4 /tmp/ccJAURE7.ltrans0.ltrans.o
 .bss.bulk_write_buffer.0
                0x20001090       0x80 /tmp/ccJAURE7.ltrans0.ltrans.o
 .bss.interrupts
                0x20001110        0x4 /tmp/ccJAURE7.ltrans0.ltrans.o
 .bss.configured_freq
                0x20001114       0x28 /tmp/ccJAURE7.ltrans0.ltrans.o
 .bss.dma       0x2000113c       0x68 /tmp/ccJAURE7.ltrans0.ltrans.o
 .bss.ADCD1     0x200011a4       0x38 /tmp/ccJAURE7.ltrans0.ltrans.o
 .bss.SPID0     0x200011dc       0x30 /tmp/ccJAURE7.ltrans0.ltrans.o
 .bss.st_callbacks
                0x2000120c       0x10 /tmp/ccJAURE7.ltrans0.ltrans.o
 .bss.ch_memcore
                0x2000121c        0x8 /tmp/ccJAURE7.ltrans0.ltrans.o
 .bss.ch_system
                0x20001224       0x10 /tmp/ccJAURE7.ltrans0.ltrans.o
 .bss.wear_leveling
                0x20001234     0x1008 /tmp/ccJAURE7.ltrans0.ltrans.o
 .bss.BOOT2_ROM_RAM
                0x2000223c      0x100 /tmp/ccJAURE7.ltrans0.ltrans.o
 .bss.ms_offset
                0x2000233c        0x4 /tmp/ccJAURE7.ltrans0.ltrans.o
 .bss.last_ticks
                0x20002340        0x4 /tmp/ccJAURE7.ltrans0.ltrans.o
 .bss.ticks_offset
                0x20002344        0x4 /tmp/ccJAURE7.ltrans0.ltrans.o
 .bss.raw_matrix
                0x20002348        0x8 /tmp/ccJAURE7.ltrans0.ltrans.o
 .bss.thatHand  0x20002350        0x1 /tmp/ccJAURE7.ltrans0.ltrans.o
 .bss.thisHand  0x20002351        0x1 /tmp/ccJAURE7.ltrans0.ltrans.o
 *fill*         0x20002352        0x2 
 .bss.oled_cursor
                0x20002354        0x4 /tmp/ccJAURE7.ltrans0.ltrans.o
 .bss.oled_rotation_width
                0x20002358        0x1 /tmp/ccJAURE7.ltrans0.ltrans.o
 *fill*         0x20002359        0x3 
 .bss.driver.lto_priv.1
                0x2000235c        0x4 /tmp/ccJAURE7.ltrans0.ltrans.o
 .bss.event_queue
                0x20002360       0x10 /tmp/ccJAURE7.ltrans0.ltrans.o
 .bss.event_queue_tail
                0x20002370        0x1 /tmp/ccJAURE7.ltrans0.ltrans.o
 .bss.event_queue_head
                0x20002371        0x1 /tmp/ccJAURE7.ltrans0.ltrans.o
 .bss.last_suspend_state
                0x20002372        0x1 /tmp/ccJAURE7.ltrans0.ltrans.o
 *fill*         0x20002373        0x1 
 .bss.USBD1     0x20002374       0xe4 /tmp/ccJAURE7.ltrans0.ltrans.o
 .bss.matrix    0x20002458        0x8 /tmp/ccJAURE7.ltrans0.ltrans.o
 .bss.debug_config
                0x20002460        0x1 /tmp/ccJAURE7.ltrans0.ltrans.o
 .bss.matrix_previous.1
                0x20002461        0x8 /tmp/ccJAURE7.ltrans0.ltrans.o
 .bss.temp_buffer.9
                0x20002469       0x20 /tmp/ccJAURE7.ltrans0.ltrans.o
 .bss.oled_buffer
                0x20002489      0x200 /tmp/ccJAURE7.ltrans0.ltrans.o
 .bss.oled_rotation
                0x20002689        0x1 /tmp/ccJAURE7.ltrans0.ltrans.o
 .bss.oled_scrolling
                0x2000268a        0x1 /tmp/ccJAURE7.ltrans0.ltrans.o
 *fill*         0x2000268b        0x1 
 .bss.oled_dirty
                0x2000268c        0x2 /tmp/ccJAURE7.ltrans0.ltrans.o
 *fill*         0x2000268e        0x2 
 .bss.oled_timeout
                0x20002690        0x4 /tmp/ccJAURE7.ltrans0.ltrans.o
 .bss.oled_update_timeout
                0x20002694        0x2 /tmp/ccJAURE7.ltrans0.ltrans.o
 .bss.oled_initialized
                0x20002696        0x1 /tmp/ccJAURE7.ltrans0.ltrans.o
 *fill*         0x20002697        0x1 
 .bss.last_timer_w
                0x20002698        0x2 /tmp/ccJAURE7.ltrans0.ltrans.o
 .bss.last_timer_c
                0x2000269a        0x2 /tmp/ccJAURE7.ltrans0.ltrans.o
 .bss.last_led_status.0
                0x2000269c        0x1 /tmp/ccJAURE7.ltrans0.ltrans.o
 *fill*         0x2000269d        0x3 
 .bss.report.1  0x200026a0       0x4c /tmp/ccJAURE7.ltrans0.ltrans.o
 .bss.run_idle_task
                0x200026ec        0x1 /tmp/ccJAURE7.ltrans0.ltrans.o
 .bss.oled_active
                0x200026ed        0x1 /tmp/ccJAURE7.ltrans0.ltrans.o
 *fill*         0x200026ee        0x2 
 .bss.last_update.9
                0x200026f0        0x4 /tmp/ccJAURE7.ltrans0.ltrans.o
 .bss.last_update.8
                0x200026f4        0x4 /tmp/ccJAURE7.ltrans0.ltrans.o
 .bss.last_update.7
                0x200026f8        0x4 /tmp/ccJAURE7.ltrans0.ltrans.o
 .bss.last_default_layer_state_update.5
                0x200026fc        0x4 /tmp/ccJAURE7.ltrans0.ltrans.o
 .bss.last_layer_state_update.6
                0x20002700        0x4 /tmp/ccJAURE7.ltrans0.ltrans.o
 .bss.last_update.4
                0x20002704        0x4 /tmp/ccJAURE7.ltrans0.ltrans.o
 .bss.last_update.3
                0x20002708        0x4 /tmp/ccJAURE7.ltrans0.ltrans.o
 .bss.last_matrix.1
                0x2000270c        0x4 /tmp/ccJAURE7.ltrans0.ltrans.o
 .bss.last_update.2
                0x20002710        0x4 /tmp/ccJAURE7.ltrans0.ltrans.o
 *fill*         0x20002714        0x4 
 .bss.shared_memory
                0x20002718       0x70 /tmp/ccJAURE7.ltrans0.ltrans.o
 .bss.split_config
                0x20002788        0x2 /tmp/ccJAURE7.ltrans0.ltrans.o
 *fill*         0x2000278a        0x2 
 .bss.sync_timer_ms
                0x2000278c        0x4 /tmp/ccJAURE7.ltrans0.ltrans.o
 .bss.last_tick.0
                0x20002790        0x2 /tmp/ccJAURE7.ltrans0.ltrans.o
 .bss.last_report.0
                0x20002792       0x20 /tmp/ccJAURE7.ltrans0.ltrans.o
 *fill*         0x200027b2        0x2 
 .bss.driver.lto_priv.0
                0x200027b4        0x4 /tmp/ccJAURE7.ltrans0.ltrans.o
 .bss.last_report.1
                0x200027b8        0x8 /tmp/ccJAURE7.ltrans0.ltrans.o
 .bss.source_layers_cache
                0x200027c0       0x18 /tmp/ccJAURE7.ltrans0.ltrans.o
 .bss.mousekey_accel
                0x200027d8        0x1 /tmp/ccJAURE7.ltrans0.ltrans.o
 .bss.mousekey_wheel_repeat
                0x200027d9        0x1 /tmp/ccJAURE7.ltrans0.ltrans.o
 .bss.mousekey_repeat
                0x200027da        0x1 /tmp/ccJAURE7.ltrans0.ltrans.o
 .bss.mouse_report
                0x200027db        0x6 /tmp/ccJAURE7.ltrans0.ltrans.o
 *fill*         0x200027e1        0x1 
 .bss.last_keycode
                0x200027e2        0x2 /tmp/ccJAURE7.ltrans0.ltrans.o
 .bss.last_col  0x200027e4        0x1 /tmp/ccJAURE7.ltrans0.ltrans.o
 .bss.last_row  0x200027e5        0x1 /tmp/ccJAURE7.ltrans0.ltrans.o
 .bss.is_HLD_BTN1.1
                0x200027e6        0x1 /tmp/ccJAURE7.ltrans0.ltrans.o
 *fill*         0x200027e7        0x1 
 .bss.oled_timer
                0x200027e8        0x4 /tmp/ccJAURE7.ltrans0.ltrans.o
 .bss.sc_last   0x200027ec        0x1 /tmp/ccJAURE7.ltrans0.ltrans.o
 .bss.grave_esc_was_shifted
                0x200027ed        0x1 /tmp/ccJAURE7.ltrans0.ltrans.o
 .bss.dirty_rgb_matrix
                0x200027ee        0x1 /tmp/ccJAURE7.ltrans0.ltrans.o
 *fill*         0x200027ef        0x1 
 .bss.rgb_matrix_config
                0x200027f0        0x8 /tmp/ccJAURE7.ltrans0.ltrans.o
 .bss.oneshot_locked_mods
                0x200027f8        0x1 /tmp/ccJAURE7.ltrans0.ltrans.o
 *fill*         0x200027f9        0x1 
 .bss.default_layer_state
                0x200027fa        0x2 /tmp/ccJAURE7.ltrans0.ltrans.o
 .bss.layer_state
                0x200027fc        0x2 /tmp/ccJAURE7.ltrans0.ltrans.o
 .bss.weak_mods
                0x200027fe        0x1 /tmp/ccJAURE7.ltrans0.ltrans.o
 .bss.oneshot_layer_data
                0x200027ff        0x1 /tmp/ccJAURE7.ltrans0.ltrans.o
 .bss.oneshot_layer_time
                0x20002800        0x2 /tmp/ccJAURE7.ltrans0.ltrans.o
 .bss.oneshot_time
                0x20002802        0x2 /tmp/ccJAURE7.ltrans0.ltrans.o
 .bss.waiting_buffer_head
                0x20002804        0x1 /tmp/ccJAURE7.ltrans0.ltrans.o
 .bss.waiting_buffer_tail
                0x20002805        0x1 /tmp/ccJAURE7.ltrans0.ltrans.o
 .bss.waiting_buffer
                0x20002806       0x40 /tmp/ccJAURE7.ltrans0.ltrans.o
 .bss.tapping_key
                0x20002846        0x8 /tmp/ccJAURE7.ltrans0.ltrans.o
 .bss.keymap_config
                0x2000284e        0x2 /tmp/ccJAURE7.ltrans0.ltrans.o
 .bss.real_mods
                0x20002850        0x1 /tmp/ccJAURE7.ltrans0.ltrans.o
 .bss.oneshot_mods
                0x20002851        0x1 /tmp/ccJAURE7.ltrans0.ltrans.o
 .bss.current_frame
                0x20002852        0x1 /tmp/ccJAURE7.ltrans0.ltrans.o
 *fill*         0x20002853        0x1 
 .bss.anim_timer
                0x20002854        0x4 /tmp/ccJAURE7.ltrans0.ltrans.o
 .bss.capson    0x20002858        0x1 /tmp/ccJAURE7.ltrans0.ltrans.o
 *fill*         0x20002859        0x7 
 .bss.waSlaveThread
                0x20002860      0x4b0 .build/obj_crkbd_rev1_clarity_helios/serial_protocol.a(serial_protocol.o)
 .bss.tx_thread
                0x20002d10        0x4 .build/obj_crkbd_rev1_clarity_helios/serial_vendor.a(serial_vendor.o)
                0x20002d10                tx_thread
 .bss.rx_thread
                0x20002d14        0x4 .build/obj_crkbd_rev1_clarity_helios/serial_vendor.a(serial_vendor.o)
                0x20002d14                rx_thread
 .bss.is_initialised.0
                0x20002d18        0x1 .build/obj_crkbd_rev1_clarity_helios/i2c_master.a(i2c_master.o)
 *(COMMON)
 *fill*         0x20002d19        0x3 
 COMMON         0x20002d1c       0x38 /tmp/ccJAURE7.ltrans0.ltrans.o
                0x20002d1c                I2CD1
                0x20002d54                        . = ALIGN (0x4)
                0x20002d54                        __bss_end__ = .
                [!provide]                        PROVIDE (end = .)
                0x20000000                        __ram0_base__ = ORIGIN (ram0)
                0x00040000                        __ram0_size__ = LENGTH (ram0)
                0x20040000                        __ram0_end__ = (__ram0_base__ + __ram0_size__)
                0x00000000                        __ram1_base__ = ORIGIN (ram1)
                0x00040000                        __ram1_size__ = LENGTH (ram1)
                0x00040000                        __ram1_end__ = (__ram1_base__ + __ram1_size__)
                0x00000000                        __ram2_base__ = ORIGIN (ram2)
                0x00000000                        __ram2_size__ = LENGTH (ram2)
                0x00000000                        __ram2_end__ = (__ram2_base__ + __ram2_size__)
                0x00000000                        __ram3_base__ = ORIGIN (ram3)
                0x00000000                        __ram3_size__ = LENGTH (ram3)
                0x00000000                        __ram3_end__ = (__ram3_base__ + __ram3_size__)
                0x20040000                        __ram4_base__ = ORIGIN (ram4)
                0x00001000                        __ram4_size__ = LENGTH (ram4)
                0x20041000                        __ram4_end__ = (__ram4_base__ + __ram4_size__)
                0x20041000                        __ram5_base__ = ORIGIN (ram5)
                0x00001000                        __ram5_size__ = LENGTH (ram5)
                0x20042000                        __ram5_end__ = (__ram5_base__ + __ram5_size__)
                0x00000000                        __ram6_base__ = ORIGIN (ram6)
                0x00000000                        __ram6_size__ = LENGTH (ram6)
                0x00000000                        __ram6_end__ = (__ram6_base__ + __ram6_size__)
                0x20041f00                        __ram7_base__ = ORIGIN (ram7)
                0x00000100                        __ram7_size__ = LENGTH (ram7)
                0x20042000                        __ram7_end__ = (__ram7_base__ + __ram7_size__)
                0x00000000                        __flash0_base__ = ORIGIN (flash0)
                0x00004000                        __flash0_size__ = LENGTH (flash0)
                0x00004000                        __flash0_end__ = (__flash0_base__ + __flash0_size__)
                0x10000000                        __flash1_base__ = ORIGIN (flash1)
                0x00200000                        __flash1_size__ = LENGTH (flash1)
                0x10200000                        __flash1_end__ = (__flash1_base__ + __flash1_size__)
                0x00000000                        __flash2_base__ = ORIGIN (flash2)
                0x00000000                        __flash2_size__ = LENGTH (flash2)
                0x00000000                        __flash2_end__ = (__flash2_base__ + __flash2_size__)
                0x00000000                        __flash3_base__ = ORIGIN (flash3)
                0x00000000                        __flash3_size__ = LENGTH (flash3)
                0x00000000                        __flash3_end__ = (__flash3_base__ + __flash3_size__)
                0x00000000                        __flash4_base__ = ORIGIN (flash4)
                0x00000000                        __flash4_size__ = LENGTH (flash4)
                0x00000000                        __flash4_end__ = (__flash4_base__ + __flash4_size__)
                0x00000000                        __flash5_base__ = ORIGIN (flash5)
                0x00000000                        __flash5_size__ = LENGTH (flash5)
                0x00000000                        __flash5_end__ = (__flash5_base__ + __flash5_size__)
                0x00000000                        __flash6_base__ = ORIGIN (flash6)
                0x00000000                        __flash6_size__ = LENGTH (flash6)
                0x00000000                        __flash6_end__ = (__flash6_base__ + __flash6_size__)
                0x00000000                        __flash7_base__ = ORIGIN (flash7)
                0x00000000                        __flash7_size__ = LENGTH (flash7)
                0x00000000                        __flash7_end__ = (__flash7_base__ + __flash7_size__)

.ram0_init      0x20002d54        0x0 load address 0x1000b004
                0x1000b004                        __ram0_init_text__ = LOADADDR (.ram0_init)
                0x20002d54                        __ram0_init__ = .
 *(.ram0_init)
 *(.ram0_init.*)
                0x20002d54                        . = ALIGN (0x4)

.ram0           0x20002d54        0x4 load address 0x1000b004
                0x20002d54                        __ram0_clear__ = .
 *(.ram0_clear)
 *(.ram0_clear.*)
                0x20002d54                        . = ALIGN (0x4)
                0x20002d54                        __ram0_noinit__ = .
 *(.ram0)
 *(.ram0.*)
 .ram0.bootloader_magic
                0x20002d54        0x4 /tmp/ccJAURE7.ltrans0.ltrans.o
                0x20002d58                        . = ALIGN (0x4)
                0x20002d58                        __ram0_free__ = .

.ram1_init      0x00000000        0x0 load address 0x1000b004
                0x1000b004                        __ram1_init_text__ = LOADADDR (.ram1_init)
                0x00000000                        __ram1_init__ = .
 *(.ram1_init)
 *(.ram1_init.*)
                0x00000000                        . = ALIGN (0x4)

.ram1           0x00000000        0x0 load address 0x1000b004
                0x00000000                        __ram1_clear__ = .
 *(.ram1_clear)
 *(.ram1_clear.*)
                0x00000000                        . = ALIGN (0x4)
                0x00000000                        __ram1_noinit__ = .
 *(.ram1)
 *(.ram1.*)
                0x00000000                        . = ALIGN (0x4)
                0x00000000                        __ram1_free__ = .

.ram2_init      0x00000000        0x0 load address 0x1000b004
                0x1000b004                        __ram2_init_text__ = LOADADDR (.ram2_init)
                0x00000000                        __ram2_init__ = .
 *(.ram2_init)
 *(.ram2_init.*)
                0x00000000                        . = ALIGN (0x4)

.ram2           0x00000000        0x0 load address 0x1000b004
                0x00000000                        __ram2_clear__ = .
 *(.ram2_clear)
 *(.ram2_clear.*)
                0x00000000                        . = ALIGN (0x4)
                0x00000000                        __ram2_noinit__ = .
 *(.ram2)
 *(.ram2.*)
                0x00000000                        . = ALIGN (0x4)
                0x00000000                        __ram2_free__ = .
