Archive member included to satisfy reference by file (symbol)

.build/obj_crkbd_rev1_tensotha/i2c_master.a(i2c_master.o)
                              .build/obj_crkbd_rev1_tensotha/oled_driver.o (symbol from plugin) (i2c_init)
.build/obj_crkbd_rev1_tensotha/serial.a(serial.o)
                              .build/obj_crkbd_rev1_tensotha/quantum/split_common/transport.o (symbol from plugin) (soft_serial_initiator_init)
/opt/homebrew/Cellar/avr-gcc@8/8.5.0_2/lib/avr-gcc/8/gcc/avr/8.5.0/avr5/libgcc.a(_udivmodhi4.o)
                              .build/obj_crkbd_rev1_tensotha/i2c_master.a(i2c_master.o) (__udivmodhi4)
/opt/homebrew/Cellar/avr-gcc@8/8.5.0_2/lib/avr-gcc/8/gcc/avr/8.5.0/avr5/libgcc.a(_exit.o)
                              /opt/homebrew/Cellar/avr-gcc@8/8.5.0_2/lib/avr-gcc/8/gcc/avr/8.5.0/../../../../../../avr/lib/avr5/crtatmega32u4.o (exit)
/opt/homebrew/Cellar/avr-gcc@8/8.5.0_2/lib/avr-gcc/8/gcc/avr/8.5.0/avr5/libgcc.a(_prologue.o)
                              .build/obj_crkbd_rev1_tensotha/i2c_master.a(i2c_master.o) (__prologue_saves__)
/opt/homebrew/Cellar/avr-gcc@8/8.5.0_2/lib/avr-gcc/8/gcc/avr/8.5.0/avr5/libgcc.a(_epilogue.o)
                              .build/obj_crkbd_rev1_tensotha/i2c_master.a(i2c_master.o) (__epilogue_restores__)
/opt/homebrew/Cellar/avr-gcc@8/8.5.0_2/lib/avr-gcc/8/gcc/avr/8.5.0/../../../../../../avr/lib/avr5/libc.a(rand.o)
                              .build/obj_crkbd_rev1_tensotha/quantum/rgblight/rgblight.o (symbol from plugin) (rand)
/opt/homebrew/Cellar/avr-gcc@8/8.5.0_2/lib/avr-gcc/8/gcc/avr/8.5.0/../../../../../../avr/lib/avr5/libc.a(memcpy_P.o)
                              .build/obj_crkbd_rev1_tensotha/oled_driver.o (symbol from plugin) (memcpy_P)
/opt/homebrew/Cellar/avr-gcc@8/8.5.0_2/lib/avr-gcc/8/gcc/avr/8.5.0/../../../../../../avr/lib/avr5/libatmega32u4.a(eerd_byte.o)
                              .build/obj_crkbd_rev1_tensotha/quantum/eeconfig.o (symbol from plugin) (eeprom_read_byte)
/opt/homebrew/Cellar/avr-gcc@8/8.5.0_2/lib/avr-gcc/8/gcc/avr/8.5.0/../../../../../../avr/lib/avr5/libatmega32u4.a(eerd_dword.o)
                              .build/obj_crkbd_rev1_tensotha/quantum/eeconfig.o (symbol from plugin) (eeprom_read_dword)
/opt/homebrew/Cellar/avr-gcc@8/8.5.0_2/lib/avr-gcc/8/gcc/avr/8.5.0/../../../../../../avr/lib/avr5/libatmega32u4.a(eerd_word.o)
                              .build/obj_crkbd_rev1_tensotha/quantum/eeconfig.o (symbol from plugin) (eeprom_read_word)
/opt/homebrew/Cellar/avr-gcc@8/8.5.0_2/lib/avr-gcc/8/gcc/avr/8.5.0/../../../../../../avr/lib/avr5/libatmega32u4.a(eeupd_block.o)
                              .build/obj_crkbd_rev1_tensotha/quantum/eeconfig.o (symbol from plugin) (eeprom_update_block)
/opt/homebrew/Cellar/avr-gcc@8/8.5.0_2/lib/avr-gcc/8/gcc/avr/8.5.0/../../../../../../avr/lib/avr5/libatmega32u4.a(eeupd_byte.o)
                              .build/obj_crkbd_rev1_tensotha/quantum/eeconfig.o (symbol from plugin) (eeprom_update_byte)
/opt/homebrew/Cellar/avr-gcc@8/8.5.0_2/lib/avr-gcc/8/gcc/avr/8.5.0/../../../../../../avr/lib/avr5/libatmega32u4.a(eeupd_dword.o)
                              .build/obj_crkbd_rev1_tensotha/quantum/eeconfig.o (symbol from plugin) (eeprom_update_dword)
/opt/homebrew/Cellar/avr-gcc@8/8.5.0_2/lib/avr-gcc/8/gcc/avr/8.5.0/../../../../../../avr/lib/avr5/libatmega32u4.a(eeupd_word.o)
                              .build/obj_crkbd_rev1_tensotha/quantum/eeconfig.o (symbol from plugin) (eeprom_update_word)
/opt/homebrew/Cellar/avr-gcc@8/8.5.0_2/lib/avr-gcc/8/gcc/avr/8.5.0/../../../../../../avr/lib/avr5/libatmega32u4.a(eerd_block.o)
                              /opt/homebrew/Cellar/avr-gcc@8/8.5.0_2/lib/avr-gcc/8/gcc/avr/8.5.0/../../../../../../avr/lib/avr5/libatmega32u4.a(eerd_dword.o) (eeprom_read_blraw)
/opt/homebrew/Cellar/avr-gcc@8/8.5.0_2/lib/avr-gcc/8/gcc/avr/8.5.0/avr5/libgcc.a(_divmodsi4.o)
                              /opt/homebrew/Cellar/avr-gcc@8/8.5.0_2/lib/avr-gcc/8/gcc/avr/8.5.0/../../../../../../avr/lib/avr5/libc.a(rand.o) (__divmodsi4)
/opt/homebrew/Cellar/avr-gcc@8/8.5.0_2/lib/avr-gcc/8/gcc/avr/8.5.0/avr5/libgcc.a(_negsi2.o)
                              /opt/homebrew/Cellar/avr-gcc@8/8.5.0_2/lib/avr-gcc/8/gcc/avr/8.5.0/avr5/libgcc.a(_divmodsi4.o) (__negsi2)
/opt/homebrew/Cellar/avr-gcc@8/8.5.0_2/lib/avr-gcc/8/gcc/avr/8.5.0/avr5/libgcc.a(_copy_data.o)
                              /opt/homebrew/Cellar/avr-gcc@8/8.5.0_2/lib/avr-gcc/8/gcc/avr/8.5.0/../../../../../../avr/lib/avr5/libc.a(rand.o) (__do_copy_data)
/opt/homebrew/Cellar/avr-gcc@8/8.5.0_2/lib/avr-gcc/8/gcc/avr/8.5.0/avr5/libgcc.a(_muluhisi3.o)
                              /opt/homebrew/Cellar/avr-gcc@8/8.5.0_2/lib/avr-gcc/8/gcc/avr/8.5.0/../../../../../../avr/lib/avr5/libc.a(rand.o) (__muluhisi3)
/opt/homebrew/Cellar/avr-gcc@8/8.5.0_2/lib/avr-gcc/8/gcc/avr/8.5.0/avr5/libgcc.a(_mulshisi3.o)
[...]
Memory Configuration

Name             Origin             Length             Attributes
text             0x00000000         0x00020000         xr
data             0x00800060         0x0000ffa0         rw!x
eeprom           0x00810000         0x00010000         rw!x
fuse             0x00820000         0x00000003         rw!x
lock             0x00830000         0x00000400         rw!x
signature        0x00840000         0x00000400         rw!x
user_signatures  0x00850000         0x00000400         rw!x
*default*        0x00000000         0xffffffff

Linker script and memory map

Address of section .data set to 0x800100
LOAD /opt/homebrew/Cellar/avr-gcc@8/8.5.0_2/lib/avr-gcc/8/gcc/avr/8.5.0/../../../../../../avr/lib/avr5/crtatmega32u4.o
LOAD .build/obj_crkbd_rev1_tensotha/keyboards/crkbd/crkbd.o
LOAD /var/folders/01/r6qc96lx1x7c0h1529l70j5m0000gn/T//ccyjZG1vdebugobj
LOAD /var/folders/01/r6qc96lx1x7c0h1529l70j5m0000gn/T//ccbP30kE.ltrans0.ltrans.o
LOAD .build/obj_crkbd_rev1_tensotha/.build/obj_crkbd_rev1_tensotha/src/default_keyboard.o
LOAD .build/obj_crkbd_rev1_tensotha/quantum/keymap_introspection.o
LOAD .build/obj_crkbd_rev1_tensotha/quantum/quantum.o
LOAD .build/obj_crkbd_rev1_tensotha/quantum/bitwise.o
LOAD .build/obj_crkbd_rev1_tensotha/quantum/led.o
LOAD .build/obj_crkbd_rev1_tensotha/quantum/action.o
LOAD .build/obj_crkbd_rev1_tensotha/quantum/action_layer.o
LOAD .build/obj_crkbd_rev1_tensotha/quantum/action_tapping.o
LOAD .build/obj_crkbd_rev1_tensotha/quantum/action_util.o
LOAD .build/obj_crkbd_rev1_tensotha/quantum/eeconfig.o
LOAD .build/obj_crkbd_rev1_tensotha/quantum/keyboard.o
LOAD .build/obj_crkbd_rev1_tensotha/quantum/keymap_common.o
LOAD .build/obj_crkbd_rev1_tensotha/quantum/keycode_config.o
LOAD .build/obj_crkbd_rev1_tensotha/quantum/sync_timer.o
LOAD .build/obj_crkbd_rev1_tensotha/quantum/logging/debug.o
LOAD .build/obj_crkbd_rev1_tensotha/quantum/logging/sendchar.o
LOAD .build/obj_crkbd_rev1_tensotha/quantum/matrix_common.o
LOAD .build/obj_crkbd_rev1_tensotha/quantum/matrix.o
LOAD .build/obj_crkbd_rev1_tensotha/quantum/debounce/sym_defer_g.o
LOAD .build/obj_crkbd_rev1_tensotha/quantum/split_common/split_util.o
LOAD .build/obj_crkbd_rev1_tensotha/quantum/split_common/transport.o
LOAD .build/obj_crkbd_rev1_tensotha/quantum/split_common/transactions.o
LOAD .build/obj_crkbd_rev1_tensotha/quantum/main.o
LOAD .build/obj_crkbd_rev1_tensotha/platforms/avr/xprintf.o
LOAD .build/obj_crkbd_rev1_tensotha/platforms/avr/printf.o
LOAD .build/obj_crkbd_rev1_tensotha/quantum/color.o
LOAD .build/obj_crkbd_rev1_tensotha/quantum/rgblight/rgblight.o
LOAD .build/obj_crkbd_rev1_tensotha/quantum/rgblight/rgblight_drivers.o
LOAD .build/obj_crkbd_rev1_tensotha/quantum/process_keycode/process_rgb.o
LOAD .build/obj_crkbd_rev1_tensotha/quantum/led_tables.o
LOAD .build/obj_crkbd_rev1_tensotha/oled_driver.o
LOAD .build/obj_crkbd_rev1_tensotha/ws2812_bitbang.o
LOAD .build/obj_crkbd_rev1_tensotha/quantum/bootmagic/bootmagic.o
LOAD .build/obj_crkbd_rev1_tensotha/quantum/crc.o
LOAD .build/obj_crkbd_rev1_tensotha/quantum/process_keycode/process_grave_esc.o
LOAD .build/obj_crkbd_rev1_tensotha/quantum/process_keycode/process_magic.o
LOAD .build/obj_crkbd_rev1_tensotha/quantum/mousekey.o
LOAD .build/obj_crkbd_rev1_tensotha/quantum/send_string/send_string.o
LOAD .build/obj_crkbd_rev1_tensotha/quantum/process_keycode/process_space_cadet.o
LOAD .build/obj_crkbd_rev1_tensotha/protocol/host.o
LOAD .build/obj_crkbd_rev1_tensotha/protocol/report.o
LOAD .build/obj_crkbd_rev1_tensotha/protocol/usb_device_state.o
LOAD .build/obj_crkbd_rev1_tensotha/protocol/usb_util.o
LOAD .build/obj_crkbd_rev1_tensotha/platforms/suspend.o
LOAD .build/obj_crkbd_rev1_tensotha/platforms/synchronization_util.o
LOAD .build/obj_crkbd_rev1_tensotha/platforms/timer.o
LOAD .build/obj_crkbd_rev1_tensotha/platforms/avr/hardware_id.o
LOAD .build/obj_crkbd_rev1_tensotha/platforms/avr/platform.o
LOAD .build/obj_crkbd_rev1_tensotha/platforms/avr/suspend.o
LOAD .build/obj_crkbd_rev1_tensotha/platforms/avr/timer.o
LOAD .build/obj_crkbd_rev1_tensotha/platforms/avr/bootloaders/caterina.o
LOAD .build/obj_crkbd_rev1_tensotha/i2c_master.a
LOAD .build/obj_crkbd_rev1_tensotha/i2c_slave.a
LOAD .build/obj_crkbd_rev1_tensotha/serial.a
LOAD .build/obj_crkbd_rev1_tensotha/lufa.o
LOAD .build/obj_crkbd_rev1_tensotha/usb_descriptor.o
LOAD .build/obj_crkbd_rev1_tensotha/lib/lufa/LUFA/Drivers/USB/Class/Common/HIDParser.o
LOAD .build/obj_crkbd_rev1_tensotha/lib/lufa/LUFA/Drivers/USB/Core/AVR8/Device_AVR8.o
LOAD .build/obj_crkbd_rev1_tensotha/lib/lufa/LUFA/Drivers/USB/Core/AVR8/EndpointStream_AVR8.o
LOAD .build/obj_crkbd_rev1_tensotha/lib/lufa/LUFA/Drivers/USB/Core/AVR8/Endpoint_AVR8.o
LOAD .build/obj_crkbd_rev1_tensotha/lib/lufa/LUFA/Drivers/USB/Core/AVR8/Host_AVR8.o
LOAD .build/obj_crkbd_rev1_tensotha/lib/lufa/LUFA/Drivers/USB/Core/AVR8/PipeStream_AVR8.o
LOAD .build/obj_crkbd_rev1_tensotha/lib/lufa/LUFA/Drivers/USB/Core/AVR8/Pipe_AVR8.o
LOAD .build/obj_crkbd_rev1_tensotha/lib/lufa/LUFA/Drivers/USB/Core/AVR8/USBController_AVR8.o
LOAD .build/obj_crkbd_rev1_tensotha/lib/lufa/LUFA/Drivers/USB/Core/AVR8/USBInterrupt_AVR8.o
LOAD .build/obj_crkbd_rev1_tensotha/lib/lufa/LUFA/Drivers/USB/Core/ConfigDescriptors.o
LOAD .build/obj_crkbd_rev1_tensotha/lib/lufa/LUFA/Drivers/USB/Core/DeviceStandardReq.o
LOAD .build/obj_crkbd_rev1_tensotha/lib/lufa/LUFA/Drivers/USB/Core/Events.o
LOAD .build/obj_crkbd_rev1_tensotha/lib/lufa/LUFA/Drivers/USB/Core/HostStandardReq.o
LOAD .build/obj_crkbd_rev1_tensotha/lib/lufa/LUFA/Drivers/USB/Core/USBTask.o
LOAD .build/obj_crkbd_rev1_tensotha/protocol/lufa/usb_util.o
LOAD /opt/homebrew/Cellar/avr-gcc@8/8.5.0_2/lib/avr-gcc/8/gcc/avr/8.5.0/../../../../../../avr/lib/avr5/libm.a
START GROUP
LOAD /opt/homebrew/Cellar/avr-gcc@8/8.5.0_2/lib/avr-gcc/8/gcc/avr/8.5.0/avr5/libgcc.a
LOAD /opt/homebrew/Cellar/avr-gcc@8/8.5.0_2/lib/avr-gcc/8/gcc/avr/8.5.0/../../../../../../avr/lib/avr5/libm.a
LOAD /opt/homebrew/Cellar/avr-gcc@8/8.5.0_2/lib/avr-gcc/8/gcc/avr/8.5.0/../../../../../../avr/lib/avr5/libc.a
LOAD /opt/homebrew/Cellar/avr-gcc@8/8.5.0_2/lib/avr-gcc/8/gcc/avr/8.5.0/../../../../../../avr/lib/avr5/libatmega32u4.a
END GROUP
                0x00000000                        __TEXT_REGION_ORIGIN__ = DEFINED (__TEXT_REGION_ORIGIN__)?__TEXT_REGION_ORIGIN__:0x0
                0x00020000                        __TEXT_REGION_LENGTH__ = DEFINED (__TEXT_REGION_LENGTH__)?__TEXT_REGION_LENGTH__:0x20000
                0x00800060                        __DATA_REGION_ORIGIN__ = DEFINED (__DATA_REGION_ORIGIN__)?__DATA_REGION_ORIGIN__:0x800060
                0x0000ffa0                        __DATA_REGION_LENGTH__ = DEFINED (__DATA_REGION_LENGTH__)?__DATA_REGION_LENGTH__:0xffa0
                0x00010000                        __EEPROM_REGION_LENGTH__ = DEFINED (__EEPROM_REGION_LENGTH__)?__EEPROM_REGION_LENGTH__:0x10000
                [0x00000003]                      __FUSE_REGION_LENGTH__ = DEFINED (__FUSE_REGION_LENGTH__)?__FUSE_REGION_LENGTH__:0x400
                0x00000400                        __LOCK_REGION_LENGTH__ = DEFINED (__LOCK_REGION_LENGTH__)?__LOCK_REGION_LENGTH__:0x400
                0x00000400                        __SIGNATURE_REGION_LENGTH__ = DEFINED (__SIGNATURE_REGION_LENGTH__)?__SIGNATURE_REGION_LENGTH__:0x400
                0x00000400                        __USER_SIGNATURE_REGION_LENGTH__ = DEFINED (__USER_SIGNATURE_REGION_LENGTH__)?__USER_SIGNATURE_REGION_LENGTH__:0x400

.hash
 *(.hash)

.dynsym
 *(.dynsym)

.dynstr
 *(.dynstr)

.gnu.version
 *(.gnu.version)

.gnu.version_d
 *(.gnu.version_d)

.gnu.version_r
 *(.gnu.version_r)

.rel.init
 *(.rel.init)

.rela.init
 *(.rela.init)

.rel.text
 *(.rel.text)
 *(.rel.text.*)
 *(.rel.gnu.linkonce.t*)

.rela.text
 *(.rela.text)
 *(.rela.text.*)
 *(.rela.gnu.linkonce.t*)

.rel.fini
 *(.rel.fini)

.rela.fini
 *(.rela.fini)

.rel.rodata
 *(.rel.rodata)
 *(.rel.rodata.*)
 *(.rel.gnu.linkonce.r*)

.rela.rodata
 *(.rela.rodata)
 *(.rela.rodata.*)
 *(.rela.gnu.linkonce.r*)

.rel.data
 *(.rel.data)
 *(.rel.data.*)
 *(.rel.gnu.linkonce.d*)

.rela.data
 *(.rela.data)
 *(.rela.data.*)
 *(.rela.gnu.linkonce.d*)

.rel.ctors
 *(.rel.ctors)

.rela.ctors
 *(.rela.ctors)

.rel.dtors
 *(.rel.dtors)

.rela.dtors
 *(.rela.dtors)

.rel.got
 *(.rel.got)

.rela.got
 *(.rela.got)

.rel.bss
 *(.rel.bss)

.rela.bss
 *(.rela.bss)

.rel.plt
 *(.rel.plt)

.rela.plt
 *(.rela.plt)

.text           0x00000000     0x648e
 *(.vectors)
 .vectors       0x00000000       0xac /opt/homebrew/Cellar/avr-gcc@8/8.5.0_2/lib/avr-gcc/8/gcc/avr/8.5.0/../../../../../../avr/lib/avr5/crtatmega32u4.o
                0x00000000                __vectors
                0x00000000                __vector_default
 *(.vectors)
 *(.progmem.gcc*)
                0x000000ac                        . = ALIGN (0x2)
                0x000000ac                        __trampolines_start = .
 *(.trampolines)
 .trampolines   0x000000ac        0x0 linker stubs
 *(.trampolines*)
                0x000000ac                        __trampolines_end = .
 *libprintf_flt.a:*(.progmem.data)
 *libc.a:*(.progmem.data)
 *(.progmem.*)
 .progmem.data.code_to_name
                0x000000ac       0x3c /var/folders/01/r6qc96lx1x7c0h1529l70j5m0000gn/T//ccbP30kE.ltrans0.ltrans.o
 .progmem.data.keymaps
                0x000000e8      0x180 /var/folders/01/r6qc96lx1x7c0h1529l70j5m0000gn/T//ccbP30kE.ltrans0.ltrans.o
 .progmem.data.display_setup2.2290
                0x00000268        0xd /var/folders/01/r6qc96lx1x7c0h1529l70j5m0000gn/T//ccbP30kE.ltrans0.ltrans.o
 .progmem.data.display_flipped.2289
                0x00000275        0x5 /var/folders/01/r6qc96lx1x7c0h1529l70j5m0000gn/T//ccbP30kE.ltrans0.ltrans.o
 .progmem.data.display_normal.2288
                0x0000027a        0x5 /var/folders/01/r6qc96lx1x7c0h1529l70j5m0000gn/T//ccbP30kE.ltrans0.ltrans.o
 .progmem.data.display_setup1.2287
                0x0000027f        0xb /var/folders/01/r6qc96lx1x7c0h1529l70j5m0000gn/T//ccbP30kE.ltrans0.ltrans.o
 .progmem.data.RGBLED_TWINKLE_INTERVALS
                0x0000028a        0x3 /var/folders/01/r6qc96lx1x7c0h1529l70j5m0000gn/T//ccbP30kE.ltrans0.ltrans.o
 .progmem.data.RGBLED_RGBTEST_INTERVALS
                0x0000028d        0x2 /var/folders/01/r6qc96lx1x7c0h1529l70j5m0000gn/T//ccbP30kE.ltrans0.ltrans.o
 .progmem.data.RGBLED_KNIGHT_INTERVALS
                0x0000028f        0x3 /var/folders/01/r6qc96lx1x7c0h1529l70j5m0000gn/T//ccbP30kE.ltrans0.ltrans.o
 .progmem.data.RGBLED_SNAKE_INTERVALS
                0x00000292        0x3 /var/folders/01/r6qc96lx1x7c0h1529l70j5m0000gn/T//ccbP30kE.ltrans0.ltrans.o
 .progmem.data.RGBLED_RAINBOW_SWIRL_INTERVALS
                0x00000295        0x3 /var/folders/01/r6qc96lx1x7c0h1529l70j5m0000gn/T//ccbP30kE.ltrans0.ltrans.o
 .progmem.data.RGBLED_RAINBOW_MOOD_INTERVALS
                0x00000298        0x3 /var/folders/01/r6qc96lx1x7c0h1529l70j5m0000gn/T//ccbP30kE.ltrans0.ltrans.o
 .progmem.data.RGBLED_BREATHING_INTERVALS
                0x0000029b        0x4 /var/folders/01/r6qc96lx1x7c0h1529l70j5m0000gn/T//ccbP30kE.ltrans0.ltrans.o
 .progmem.data.__c.5458
                0x0000029f        0x6 /var/folders/01/r6qc96lx1x7c0h1529l70j5m0000gn/T//ccbP30kE.ltrans0.ltrans.o
 .progmem.data.__c.5455
                0x000002a5        0x7 /var/folders/01/r6qc96lx1x7c0h1529l70j5m0000gn/T//ccbP30kE.ltrans0.ltrans.o
 .progmem.data.__c.5452
                0x000002ac        0x6 /var/folders/01/r6qc96lx1x7c0h1529l70j5m0000gn/T//ccbP30kE.ltrans0.ltrans.o
 .progmem.data.__c.5449
                0x000002b2        0x6 /var/folders/01/r6qc96lx1x7c0h1529l70j5m0000gn/T//ccbP30kE.ltrans0.ltrans.o
 .progmem.data.__c.5445
                0x000002b8        0x8 /var/folders/01/r6qc96lx1x7c0h1529l70j5m0000gn/T//ccbP30kE.ltrans0.ltrans.o
 .progmem.data.__c.5442
                0x000002c0        0x8 /var/folders/01/r6qc96lx1x7c0h1529l70j5m0000gn/T//ccbP30kE.ltrans0.ltrans.o
 .progmem.data.__c.5487
                0x000002c8        0x2 /var/folders/01/r6qc96lx1x7c0h1529l70j5m0000gn/T//ccbP30kE.ltrans0.ltrans.o
 .progmem.data.__c.5484
                0x000002ca        0x4 /var/folders/01/r6qc96lx1x7c0h1529l70j5m0000gn/T//ccbP30kE.ltrans0.ltrans.o
 .progmem.data.__c.5482
                0x000002ce        0x2 /var/folders/01/r6qc96lx1x7c0h1529l70j5m0000gn/T//ccbP30kE.ltrans0.ltrans.o
 .progmem.data.crkbd_logo.5492
                0x000002d0       0x40 /var/folders/01/r6qc96lx1x7c0h1529l70j5m0000gn/T//ccbP30kE.ltrans0.ltrans.o
 .progmem.data.CIE1931_CURVE
                0x00000310      0x100 /var/folders/01/r6qc96lx1x7c0h1529l70j5m0000gn/T//ccbP30kE.ltrans0.ltrans.o
 .progmem.data.RGBLED_GRADIENT_RANGES
                0x00000410        0x5 /var/folders/01/r6qc96lx1x7c0h1529l70j5m0000gn/T//ccbP30kE.ltrans0.ltrans.o
 .progmem.data.rgblight_effect_breathe_table
                0x00000415      0x100 /var/folders/01/r6qc96lx1x7c0h1529l70j5m0000gn/T//ccbP30kE.ltrans0.ltrans.o
 .progmem.data.display_on.2466
                0x00000515        0x2 /var/folders/01/r6qc96lx1x7c0h1529l70j5m0000gn/T//ccbP30kE.ltrans0.ltrans.o
 .progmem.data.display_off.2470
                0x00000517        0x2 /var/folders/01/r6qc96lx1x7c0h1529l70j5m0000gn/T//ccbP30kE.ltrans0.ltrans.o
 .progmem.data.SharedReport
                0x00000519       0xb6 /var/folders/01/r6qc96lx1x7c0h1529l70j5m0000gn/T//ccbP30kE.ltrans0.ltrans.o
 .progmem.data.KeyboardReport
                0x000005cf       0x44 /var/folders/01/r6qc96lx1x7c0h1529l70j5m0000gn/T//ccbP30kE.ltrans0.ltrans.o
 .progmem.data.ConfigurationDescriptor
                0x00000613       0x3b /var/folders/01/r6qc96lx1x7c0h1529l70j5m0000gn/T//ccbP30kE.ltrans0.ltrans.o
 .progmem.data.DeviceDescriptor
                0x0000064e       0x12 /var/folders/01/r6qc96lx1x7c0h1529l70j5m0000gn/T//ccbP30kE.ltrans0.ltrans.o
 .progmem.data.ProductString
                0x00000660        0xe /var/folders/01/r6qc96lx1x7c0h1529l70j5m0000gn/T//ccbP30kE.ltrans0.ltrans.o
 .progmem.data.ManufacturerString
                0x0000066e       0x12 /var/folders/01/r6qc96lx1x7c0h1529l70j5m0000gn/T//ccbP30kE.ltrans0.ltrans.o
 .progmem.data.LanguageString
                0x00000680        0x4 /var/folders/01/r6qc96lx1x7c0h1529l70j5m0000gn/T//ccbP30kE.ltrans0.ltrans.o
 .progmem.data.font
                0x00000684      0x540 /var/folders/01/r6qc96lx1x7c0h1529l70j5m0000gn/T//ccbP30kE.ltrans0.ltrans.o
                0x00000bc4                        . = ALIGN (0x2)
 *(.lowtext)
 *(.lowtext*)
                0x00000bc4                        __ctors_start = .
 *(.ctors)
                0x00000bc4                        __ctors_end = .
                0x00000bc4                        __dtors_start = .
 *(.dtors)
                0x00000bc4                        __dtors_end = .
 SORT_BY_NAME(*)(.ctors)
 SORT_BY_NAME(*)(.dtors)
 *(.init0)
 .init0         0x00000bc4        0x0 /opt/homebrew/Cellar/avr-gcc@8/8.5.0_2/lib/avr-gcc/8/gcc/avr/8.5.0/../../../../../../avr/lib/avr5/crtatmega32u4.o
                0x00000bc4                __init
 *(.init0)
 *(.init1)
 *(.init1)
 *(.init2)
 .init2         0x00000bc4        0xc /opt/homebrew/Cellar/avr-gcc@8/8.5.0_2/lib/avr-gcc/8/gcc/avr/8.5.0/../../../../../../avr/lib/avr5/crtatmega32u4.o
 *(.init2)
 *(.init3)
 *(.init3)
 *(.init4)
 .init4         0x00000bd0       0x10 /opt/homebrew/Cellar/avr-gcc@8/8.5.0_2/lib/avr-gcc/8/gcc/avr/8.5.0/avr5/libgcc.a(_clear_bss.o)
                0x00000bd0                __do_clear_bss
 .init4         0x00000be0       0x16 /opt/homebrew/Cellar/avr-gcc@8/8.5.0_2/lib/avr-gcc/8/gcc/avr/8.5.0/avr5/libgcc.a(_copy_data.o)
                0x00000be0                __do_copy_data
 *(.init4)
 *(.init5)
 *(.init5)
 *(.init6)
 *(.init6)
 *(.init7)
 *(.init7)
 *(.init8)
 *(.init8)
 *(.init9)
 .init9         0x00000bf6        0x8 /opt/homebrew/Cellar/avr-gcc@8/8.5.0_2/lib/avr-gcc/8/gcc/avr/8.5.0/../../../../../../avr/lib/avr5/crtatmega32u4.o
 *(.init9)
 *(.text)
 .text          0x00000bfe        0x4 /opt/homebrew/Cellar/avr-gcc@8/8.5.0_2/lib/avr-gcc/8/gcc/avr/8.5.0/../../../../../../avr/lib/avr5/crtatmega32u4.o
                0x00000bfe                __vector_42
                0x00000bfe                __vector_22
                0x00000bfe                __vector_28
                0x00000bfe                __vector_1
                0x00000bfe                __vector_32
                0x00000bfe                __vector_34
                0x00000bfe                __vector_24
                0x00000bfe                __bad_interrupt
                0x00000bfe                __vector_6
                0x00000bfe                __vector_31
                0x00000bfe                __vector_35
                0x00000bfe                __vector_39
                0x00000bfe                __vector_23
                0x00000bfe                __vector_30
                0x00000bfe                __vector_25
                0x00000bfe                __vector_13
                0x00000bfe                __vector_17
                0x00000bfe                __vector_19
                0x00000bfe                __vector_7
                0x00000bfe                __vector_41
                0x00000bfe                __vector_27
                0x00000bfe                __vector_5
                0x00000bfe                __vector_33
                0x00000bfe                __vector_37
                0x00000bfe                __vector_4
                0x00000bfe                __vector_9
                0x00000bfe                __vector_2
                0x00000bfe                __vector_15
                0x00000bfe                __vector_36
                0x00000bfe                __vector_29
                0x00000bfe                __vector_40
                0x00000bfe                __vector_8
                0x00000bfe                __vector_26
                0x00000bfe                __vector_14
                0x00000bfe                __vector_16
                0x00000bfe                __vector_18
                0x00000bfe                __vector_20
                0x00000bfe                __vector_38
                0x00000c02                        . = ALIGN (0x2)
 *(.text.*)
 .text.waiting_buffer_typed.isra.2.constprop.36
                0x00000c02       0x3e /var/folders/01/r6qc96lx1x7c0h1529l70j5m0000gn/T//ccbP30kE.ltrans0.ltrans.o
 .text.crc8.constprop.30
                0x00000c40       0x2e /var/folders/01/r6qc96lx1x7c0h1529l70j5m0000gn/T//ccbP30kE.ltrans0.ltrans.o
 .text.USB_Disable
                0x00000c6e       0x3e /var/folders/01/r6qc96lx1x7c0h1529l70j5m0000gn/T//ccbP30kE.ltrans0.ltrans.o
 .text.Endpoint_WaitUntilReady
                0x00000cac       0x62 /var/folders/01/r6qc96lx1x7c0h1529l70j5m0000gn/T//ccbP30kE.ltrans0.ltrans.o
 .text.Endpoint_ClearStatusStage
                0x00000d0e       0x3e /var/folders/01/r6qc96lx1x7c0h1529l70j5m0000gn/T//ccbP30kE.ltrans0.ltrans.o
 .text.Endpoint_ConfigureEndpoint_Prv
                0x00000d4c       0x64 /var/folders/01/r6qc96lx1x7c0h1529l70j5m0000gn/T//ccbP30kE.ltrans0.ltrans.o
 .text.USB_Init
                0x00000db0       0xb6 /var/folders/01/r6qc96lx1x7c0h1529l70j5m0000gn/T//ccbP30kE.ltrans0.ltrans.o
 .text.Endpoint_Write_Control_Stream_LE
                0x00000e66       0xbc /var/folders/01/r6qc96lx1x7c0h1529l70j5m0000gn/T//ccbP30kE.ltrans0.ltrans.o
 .text.keyboard_leds
                0x00000f22        0x6 /var/folders/01/r6qc96lx1x7c0h1529l70j5m0000gn/T//ccbP30kE.ltrans0.ltrans.o
 .text.bootloader_jump
                0x00000f28       0x22 /var/folders/01/r6qc96lx1x7c0h1529l70j5m0000gn/T//ccbP30kE.ltrans0.ltrans.o
 .text.timer_read32
                0x00000f4a       0x18 /var/folders/01/r6qc96lx1x7c0h1529l70j5m0000gn/T//ccbP30kE.ltrans0.ltrans.o
 .text.del_key_from_report
                0x00000f62       0x56 /var/folders/01/r6qc96lx1x7c0h1529l70j5m0000gn/T//ccbP30kE.ltrans0.ltrans.o
 .text.add_key_to_report
                0x00000fb8       0x68 /var/folders/01/r6qc96lx1x7c0h1529l70j5m0000gn/T//ccbP30kE.ltrans0.ltrans.o
 .text.host_consumer_send
                0x00001020       0x4a /var/folders/01/r6qc96lx1x7c0h1529l70j5m0000gn/T//ccbP30kE.ltrans0.ltrans.o
 .text.host_system_send
                0x0000106a       0x4a /var/folders/01/r6qc96lx1x7c0h1529l70j5m0000gn/T//ccbP30kE.ltrans0.ltrans.o
 .text.host_keyboard_leds
                0x000010b4       0x22 /var/folders/01/r6qc96lx1x7c0h1529l70j5m0000gn/T//ccbP30kE.ltrans0.ltrans.o
 .text.wheel_unit
                0x000010d6       0x44 /var/folders/01/r6qc96lx1x7c0h1529l70j5m0000gn/T//ccbP30kE.ltrans0.ltrans.o
 .text.move_unit
                0x0000111a       0x40 /var/folders/01/r6qc96lx1x7c0h1529l70j5m0000gn/T//ccbP30kE.ltrans0.ltrans.o
 .text.times_inv_sqrt2
                0x0000115a       0x1c /var/folders/01/r6qc96lx1x7c0h1529l70j5m0000gn/T//ccbP30kE.ltrans0.ltrans.o
 .text.ws2812_init
                0x00001176        0x4 /var/folders/01/r6qc96lx1x7c0h1529l70j5m0000gn/T//ccbP30kE.ltrans0.ltrans.o
 .text.handleKeycodeRGB
                0x0000117a        0xc /var/folders/01/r6qc96lx1x7c0h1529l70j5m0000gn/T//ccbP30kE.ltrans0.ltrans.o
 .text.rgblight_effect_dummy
                0x00001186        0x2 /var/folders/01/r6qc96lx1x7c0h1529l70j5m0000gn/T//ccbP30kE.ltrans0.ltrans.o
 .text.rgblight_timer_init
                0x00001188        0xe /var/folders/01/r6qc96lx1x7c0h1529l70j5m0000gn/T//ccbP30kE.ltrans0.ltrans.o
 .text.rgblight_set
                0x00001196       0x48 /var/folders/01/r6qc96lx1x7c0h1529l70j5m0000gn/T//ccbP30kE.ltrans0.ltrans.o
 .text.rgblight_setrgb
                0x000011de       0x32 /var/folders/01/r6qc96lx1x7c0h1529l70j5m0000gn/T//ccbP30kE.ltrans0.ltrans.o
 .text.rgblight_check_config
                0x00001210       0x2c /var/folders/01/r6qc96lx1x7c0h1529l70j5m0000gn/T//ccbP30kE.ltrans0.ltrans.o
 .text.sethsv   0x0000123c      0x132 /var/folders/01/r6qc96lx1x7c0h1529l70j5m0000gn/T//ccbP30kE.ltrans0.ltrans.o
 .text.rgblight_effect_alternating
                0x0000136e       0x7a /var/folders/01/r6qc96lx1x7c0h1529l70j5m0000gn/T//ccbP30kE.ltrans0.ltrans.o
 .text.rgblight_effect_rgbtest
                0x000013e8       0x72 /var/folders/01/r6qc96lx1x7c0h1529l70j5m0000gn/T//ccbP30kE.ltrans0.ltrans.o
 .text.rgblight_effect_christmas
                0x0000145a      0x104 /var/folders/01/r6qc96lx1x7c0h1529l70j5m0000gn/T//ccbP30kE.ltrans0.ltrans.o
 .text.rgblight_effect_knight
                0x0000155e      0x10a /var/folders/01/r6qc96lx1x7c0h1529l70j5m0000gn/T//ccbP30kE.ltrans0.ltrans.o
 .text.rgblight_effect_snake
                0x00001668      0x116 /var/folders/01/r6qc96lx1x7c0h1529l70j5m0000gn/T//ccbP30kE.ltrans0.ltrans.o
 .text.rgblight_effect_rainbow_swirl
                0x0000177e       0x7a /var/folders/01/r6qc96lx1x7c0h1529l70j5m0000gn/T//ccbP30kE.ltrans0.ltrans.o
 .text.rgblight_sethsv_noeeprom_old
                0x000017f8       0x30 /var/folders/01/r6qc96lx1x7c0h1529l70j5m0000gn/T//ccbP30kE.ltrans0.ltrans.o
 .text.rgblight_effect_rainbow_mood
                0x00001828       0x20 /var/folders/01/r6qc96lx1x7c0h1529l70j5m0000gn/T//ccbP30kE.ltrans0.ltrans.o
 .text.rgblight_effect_breathing
                0x00001848       0x28 /var/folders/01/r6qc96lx1x7c0h1529l70j5m0000gn/T//ccbP30kE.ltrans0.ltrans.o
 .text.sendchar
                0x00001870        0x4 /var/folders/01/r6qc96lx1x7c0h1529l70j5m0000gn/T//ccbP30kE.ltrans0.ltrans.o
 .text.gpio_atomic_set_pin_input_high
                0x00001874       0x2e /var/folders/01/r6qc96lx1x7c0h1529l70j5m0000gn/T//ccbP30kE.ltrans0.ltrans.o
 .text.sync_timer_read32
                0x000018a2       0x34 /var/folders/01/r6qc96lx1x7c0h1529l70j5m0000gn/T//ccbP30kE.ltrans0.ltrans.o
 .text.mod_config
                0x000018d6       0x9e /var/folders/01/r6qc96lx1x7c0h1529l70j5m0000gn/T//ccbP30kE.ltrans0.ltrans.o
 .text.keycode_config
                0x00001974      0x144 /var/folders/01/r6qc96lx1x7c0h1529l70j5m0000gn/T//ccbP30kE.ltrans0.ltrans.o
 .text.keymap_key_to_keycode
                0x00001ab8       0x3e /var/folders/01/r6qc96lx1x7c0h1529l70j5m0000gn/T//ccbP30kE.ltrans0.ltrans.o
 .text.action_for_keycode
                0x00001af6      0x23c /var/folders/01/r6qc96lx1x7c0h1529l70j5m0000gn/T//ccbP30kE.ltrans0.ltrans.o
 .text.del_mods
                0x00001d32        0xe /var/folders/01/r6qc96lx1x7c0h1529l70j5m0000gn/T//ccbP30kE.ltrans0.ltrans.o
 .text.get_mods_for_report
                0x00001d40       0x4e /var/folders/01/r6qc96lx1x7c0h1529l70j5m0000gn/T//ccbP30kE.ltrans0.ltrans.o
 .text.debug_waiting_buffer
                0x00001d8e       0x14 /var/folders/01/r6qc96lx1x7c0h1529l70j5m0000gn/T//ccbP30kE.ltrans0.ltrans.o
 .text.layer_switch_get_layer
                0x00001da2       0x68 /var/folders/01/r6qc96lx1x7c0h1529l70j5m0000gn/T//ccbP30kE.ltrans0.ltrans.o
 .text.layer_switch_get_action
                0x00001e0a       0x1a /var/folders/01/r6qc96lx1x7c0h1529l70j5m0000gn/T//ccbP30kE.ltrans0.ltrans.o
 .text.read_source_layers_cache
                0x00001e24       0x66 /var/folders/01/r6qc96lx1x7c0h1529l70j5m0000gn/T//ccbP30kE.ltrans0.ltrans.o
 .text.update_source_layers_cache
                0x00001e8a       0x6c /var/folders/01/r6qc96lx1x7c0h1529l70j5m0000gn/T//ccbP30kE.ltrans0.ltrans.o
 .text.layer_state_set
                0x00001ef6        0xa /var/folders/01/r6qc96lx1x7c0h1529l70j5m0000gn/T//ccbP30kE.ltrans0.ltrans.o
 .text.layer_off
                0x00001f00       0x24 /var/folders/01/r6qc96lx1x7c0h1529l70j5m0000gn/T//ccbP30kE.ltrans0.ltrans.o
 .text.clear_oneshot_layer_state
                0x00001f24       0x2e /var/folders/01/r6qc96lx1x7c0h1529l70j5m0000gn/T//ccbP30kE.ltrans0.ltrans.o
 .text.layer_on
                0x00001f52       0x20 /var/folders/01/r6qc96lx1x7c0h1529l70j5m0000gn/T//ccbP30kE.ltrans0.ltrans.o
 .text.default_layer_state_set
                0x00001f72        0xa /var/folders/01/r6qc96lx1x7c0h1529l70j5m0000gn/T//ccbP30kE.ltrans0.ltrans.o
 .text.is_tap_record
                0x00001f7c       0x46 /var/folders/01/r6qc96lx1x7c0h1529l70j5m0000gn/T//ccbP30kE.ltrans0.ltrans.o
 .text.get_event_keycode
                0x00001fc2       0x4a /var/folders/01/r6qc96lx1x7c0h1529l70j5m0000gn/T//ccbP30kE.ltrans0.ltrans.o
 .text.oled_write_char.constprop.59
                0x0000200c      0x100 /var/folders/01/r6qc96lx1x7c0h1529l70j5m0000gn/T//ccbP30kE.ltrans0.ltrans.o
 .text.oled_write_P.constprop.58
                0x0000210c       0x1c /var/folders/01/r6qc96lx1x7c0h1529l70j5m0000gn/T//ccbP30kE.ltrans0.ltrans.o
 .text.oled_advance_page
                0x00002128       0x64 /var/folders/01/r6qc96lx1x7c0h1529l70j5m0000gn/T//ccbP30kE.ltrans0.ltrans.o
 .text.oled_write_ln_P.constprop.57
                0x0000218c        0xc /var/folders/01/r6qc96lx1x7c0h1529l70j5m0000gn/T//ccbP30kE.ltrans0.ltrans.o
 .text.send_keyboard_report
                0x00002198       0xa4 /var/folders/01/r6qc96lx1x7c0h1529l70j5m0000gn/T//ccbP30kE.ltrans0.ltrans.o
 .text.unregister_mods
                0x0000223c        0xe /var/folders/01/r6qc96lx1x7c0h1529l70j5m0000gn/T//ccbP30kE.ltrans0.ltrans.o
 .text.register_mods
                0x0000224a       0x14 /var/folders/01/r6qc96lx1x7c0h1529l70j5m0000gn/T//ccbP30kE.ltrans0.ltrans.o
 .text.send_report
                0x0000225e       0x76 /var/folders/01/r6qc96lx1x7c0h1529l70j5m0000gn/T//ccbP30kE.ltrans0.ltrans.o
 .text.send_extra
                0x000022d4        0xe /var/folders/01/r6qc96lx1x7c0h1529l70j5m0000gn/T//ccbP30kE.ltrans0.ltrans.o
 .text.send_mouse
                0x000022e2        0xe /var/folders/01/r6qc96lx1x7c0h1529l70j5m0000gn/T//ccbP30kE.ltrans0.ltrans.o
 .text.send_nkro
                0x000022f0        0xe /var/folders/01/r6qc96lx1x7c0h1529l70j5m0000gn/T//ccbP30kE.ltrans0.ltrans.o
 .text.send_keyboard
                0x000022fe       0x28 /var/folders/01/r6qc96lx1x7c0h1529l70j5m0000gn/T//ccbP30kE.ltrans0.ltrans.o
 .text.ws2812_setleds
                0x00002326       0x56 /var/folders/01/r6qc96lx1x7c0h1529l70j5m0000gn/T//ccbP30kE.ltrans0.ltrans.o
 .text.transaction_handler_master.isra.3
                0x0000237c       0x66 /var/folders/01/r6qc96lx1x7c0h1529l70j5m0000gn/T//ccbP30kE.ltrans0.ltrans.o
 .text.oled_send_cmd_P
                0x000023e2       0x1a /var/folders/01/r6qc96lx1x7c0h1529l70j5m0000gn/T//ccbP30kE.ltrans0.ltrans.o
 .text.oled_off
                0x000023fc       0x36 /var/folders/01/r6qc96lx1x7c0h1529l70j5m0000gn/T//ccbP30kE.ltrans0.ltrans.o
 .text.oled_on  0x00002432       0x50 /var/folders/01/r6qc96lx1x7c0h1529l70j5m0000gn/T//ccbP30kE.ltrans0.ltrans.o
 .text.rgblight_effect_twinkle
                0x00002482      0x194 /var/folders/01/r6qc96lx1x7c0h1529l70j5m0000gn/T//ccbP30kE.ltrans0.ltrans.o
 .text.eeconfig_update_rgblight
                0x00002616       0x4c /var/folders/01/r6qc96lx1x7c0h1529l70j5m0000gn/T//ccbP30kE.ltrans0.ltrans.o
 .text.rgblight_sethsv_eeprom_helper
                0x00002662      0x120 /var/folders/01/r6qc96lx1x7c0h1529l70j5m0000gn/T//ccbP30kE.ltrans0.ltrans.o
 .text.rgblight_decrease_val
                0x00002782       0x1a /var/folders/01/r6qc96lx1x7c0h1529l70j5m0000gn/T//ccbP30kE.ltrans0.ltrans.o
 .text.rgblight_increase_val
                0x0000279c       0x1a /var/folders/01/r6qc96lx1x7c0h1529l70j5m0000gn/T//ccbP30kE.ltrans0.ltrans.o
 .text.rgblight_decrease_sat
                0x000027b6       0x1a /var/folders/01/r6qc96lx1x7c0h1529l70j5m0000gn/T//ccbP30kE.ltrans0.ltrans.o
 .text.rgblight_increase_sat
                0x000027d0       0x1a /var/folders/01/r6qc96lx1x7c0h1529l70j5m0000gn/T//ccbP30kE.ltrans0.ltrans.o
 .text.rgblight_decrease_hue
                0x000027ea       0x14 /var/folders/01/r6qc96lx1x7c0h1529l70j5m0000gn/T//ccbP30kE.ltrans0.ltrans.o
 .text.rgblight_increase_hue
                0x000027fe       0x14 /var/folders/01/r6qc96lx1x7c0h1529l70j5m0000gn/T//ccbP30kE.ltrans0.ltrans.o
 .text.rgblight_decrease_speed
                0x00002812       0x34 /var/folders/01/r6qc96lx1x7c0h1529l70j5m0000gn/T//ccbP30kE.ltrans0.ltrans.o
 .text.rgblight_increase_speed
                0x00002846       0x34 /var/folders/01/r6qc96lx1x7c0h1529l70j5m0000gn/T//ccbP30kE.ltrans0.ltrans.o
 .text.oneshot_set
                0x0000287a       0x2e /var/folders/01/r6qc96lx1x7c0h1529l70j5m0000gn/T//ccbP30kE.ltrans0.ltrans.o
 .text.send_if_condition
                0x000028a8       0xc2 /var/folders/01/r6qc96lx1x7c0h1529l70j5m0000gn/T//ccbP30kE.ltrans0.ltrans.o
 .text.rgblight_handlers_master
                0x0000296a       0x5c /var/folders/01/r6qc96lx1x7c0h1529l70j5m0000gn/T//ccbP30kE.ltrans0.ltrans.o
 .text.master_matrix_handlers_master
                0x000029c6       0x38 /var/folders/01/r6qc96lx1x7c0h1529l70j5m0000gn/T//ccbP30kE.ltrans0.ltrans.o
 .text.sync_timer_handlers_master
                0x000029fe       0xac /var/folders/01/r6qc96lx1x7c0h1529l70j5m0000gn/T//ccbP30kE.ltrans0.ltrans.o
 .text.slave_matrix_handlers_master
                0x00002aaa      0x152 /var/folders/01/r6qc96lx1x7c0h1529l70j5m0000gn/T//ccbP30kE.ltrans0.ltrans.o
 .text.__vector_10
                0x00002bfc      0x1b2 /var/folders/01/r6qc96lx1x7c0h1529l70j5m0000gn/T//ccbP30kE.ltrans0.ltrans.o
                0x00002bfc                __vector_10
 .text.__vector_21
                0x00002dae       0x48 /var/folders/01/r6qc96lx1x7c0h1529l70j5m0000gn/T//ccbP30kE.ltrans0.ltrans.o
                0x00002dae                __vector_21
 .text.timer_elapsed
                0x00002df6       0x1e /var/folders/01/r6qc96lx1x7c0h1529l70j5m0000gn/T//ccbP30kE.ltrans0.ltrans.o
                0x00002df6                timer_elapsed
 .text.timer_read
                0x00002e14       0x18 /var/folders/01/r6qc96lx1x7c0h1529l70j5m0000gn/T//ccbP30kE.ltrans0.ltrans.o
                0x00002e14                timer_read
 .text.mousekey_send
                0x00002e2c       0x4e /var/folders/01/r6qc96lx1x7c0h1529l70j5m0000gn/T//ccbP30kE.ltrans0.ltrans.o
 .text.clear_keyboard
                0x00002e7a       0x62 /var/folders/01/r6qc96lx1x7c0h1529l70j5m0000gn/T//ccbP30kE.ltrans0.ltrans.o
 .text.USB_Device_ProcessControlRequest
                0x00002edc      0x562 /var/folders/01/r6qc96lx1x7c0h1529l70j5m0000gn/T//ccbP30kE.ltrans0.ltrans.o
 .text.__vector_11
                0x0000343e       0x88 /var/folders/01/r6qc96lx1x7c0h1529l70j5m0000gn/T//ccbP30kE.ltrans0.ltrans.o
                0x0000343e                __vector_11
 .text.soft_reset_keyboard
                0x000034c6       0x2c /var/folders/01/r6qc96lx1x7c0h1529l70j5m0000gn/T//ccbP30kE.ltrans0.ltrans.o
 .text.register_mouse
                0x000034f2      0x1b0 /var/folders/01/r6qc96lx1x7c0h1529l70j5m0000gn/T//ccbP30kE.ltrans0.ltrans.o
 .text.unregister_code
                0x000036a2       0x66 /var/folders/01/r6qc96lx1x7c0h1529l70j5m0000gn/T//ccbP30kE.ltrans0.ltrans.o
 .text.register_code
                0x00003708       0xe0 /var/folders/01/r6qc96lx1x7c0h1529l70j5m0000gn/T//ccbP30kE.ltrans0.ltrans.o
 .text.perform_space_cadet.constprop.42
                0x000037e8       0xc0 /var/folders/01/r6qc96lx1x7c0h1529l70j5m0000gn/T//ccbP30kE.ltrans0.ltrans.o
 .text.sync_timer_read
                0x000038a8       0x16 /var/folders/01/r6qc96lx1x7c0h1529l70j5m0000gn/T//ccbP30kE.ltrans0.ltrans.o
 .text.rgblight_timer_enable
                0x000038be       0x38 /var/folders/01/r6qc96lx1x7c0h1529l70j5m0000gn/T//ccbP30kE.ltrans0.ltrans.o
 .text.rgblight_mode_eeprom_helper
                0x000038f6       0x94 /var/folders/01/r6qc96lx1x7c0h1529l70j5m0000gn/T//ccbP30kE.ltrans0.ltrans.o
 .text.rgblight_step_reverse
                0x0000398a       0x16 /var/folders/01/r6qc96lx1x7c0h1529l70j5m0000gn/T//ccbP30kE.ltrans0.ltrans.o
 .text.rgblight_step
                0x000039a0       0x18 /var/folders/01/r6qc96lx1x7c0h1529l70j5m0000gn/T//ccbP30kE.ltrans0.ltrans.o
 .text.handleKeycodeRGBMode
                0x000039b8       0x22 /var/folders/01/r6qc96lx1x7c0h1529l70j5m0000gn/T//ccbP30kE.ltrans0.ltrans.o
 .text.process_record
                0x000039da      0x98c /var/folders/01/r6qc96lx1x7c0h1529l70j5m0000gn/T//ccbP30kE.ltrans0.ltrans.o
 .text.waiting_buffer_scan_tap
                0x00004366       0xb6 /var/folders/01/r6qc96lx1x7c0h1529l70j5m0000gn/T//ccbP30kE.ltrans0.ltrans.o
 .text.process_tapping
                0x0000441c      0x2ce /var/folders/01/r6qc96lx1x7c0h1529l70j5m0000gn/T//ccbP30kE.ltrans0.ltrans.o
 .text.action_exec
                0x000046ea      0x118 /var/folders/01/r6qc96lx1x7c0h1529l70j5m0000gn/T//ccbP30kE.ltrans0.ltrans.o
 .text.matrix_scan
                0x00004802      0x3a8 /var/folders/01/r6qc96lx1x7c0h1529l70j5m0000gn/T//ccbP30kE.ltrans0.ltrans.o
 .text.generate_tick_event
                0x00004baa       0x48 /var/folders/01/r6qc96lx1x7c0h1529l70j5m0000gn/T//ccbP30kE.ltrans0.ltrans.o
 .text.__vector_12
                0x00004bf2       0x4e /var/folders/01/r6qc96lx1x7c0h1529l70j5m0000gn/T//ccbP30kE.ltrans0.ltrans.o
                0x00004bf2                __vector_12
 .text.startup.main
                0x00004c40      0xd68 /var/folders/01/r6qc96lx1x7c0h1529l70j5m0000gn/T//ccbP30kE.ltrans0.ltrans.o
                0x00004c40                main
 .text.i2c_start_impl
                0x000059a8       0xa4 .build/obj_crkbd_rev1_tensotha/i2c_master.a(i2c_master.o)
 .text.i2c_init
                0x00005a4c        0xc .build/obj_crkbd_rev1_tensotha/i2c_master.a(i2c_master.o)
                0x00005a4c                i2c_init
 .text.i2c_write
                0x00005a58       0x5c .build/obj_crkbd_rev1_tensotha/i2c_master.a(i2c_master.o)
                0x00005a58                i2c_write
 .text.i2c_transmit
                0x00005ab4       0x88 .build/obj_crkbd_rev1_tensotha/i2c_master.a(i2c_master.o)
                0x00005ab4                i2c_transmit
 .text.i2c_transmit_P
                0x00005b3c       0x8c .build/obj_crkbd_rev1_tensotha/i2c_master.a(i2c_master.o)
                0x00005b3c                i2c_transmit_P
 .text.i2c_write_register
                0x00005bc8       0x94 .build/obj_crkbd_rev1_tensotha/i2c_master.a(i2c_master.o)
                0x00005bc8                i2c_write_register
 .text.sync_recv
                0x00005c5c       0x10 .build/obj_crkbd_rev1_tensotha/serial.a(serial.o)
 .text.sync_send
                0x00005c6c        0xc .build/obj_crkbd_rev1_tensotha/serial.a(serial.o)
 .text.serial_read_chunk.constprop.0
                0x00005c78       0x58 .build/obj_crkbd_rev1_tensotha/serial.a(serial.o)
 .text.serial_recive_packet
                0x00005cd0       0x40 .build/obj_crkbd_rev1_tensotha/serial.a(serial.o)
 .text.soft_serial_initiator_init
                0x00005d10        0x6 .build/obj_crkbd_rev1_tensotha/serial.a(serial.o)
                0x00005d10                soft_serial_initiator_init
 .text.soft_serial_target_init
                0x00005d16       0x12 .build/obj_crkbd_rev1_tensotha/serial.a(serial.o)
                0x00005d16                soft_serial_target_init
 .text.serial_write_chunk
                0x00005d28       0x42 .build/obj_crkbd_rev1_tensotha/serial.a(serial.o)
                0x00005d28                serial_write_chunk
 .text.serial_send_packet
                0x00005d6a       0x32 .build/obj_crkbd_rev1_tensotha/serial.a(serial.o)
 .text.__vector_3
                0x00005d9c      0x14c .build/obj_crkbd_rev1_tensotha/serial.a(serial.o)
                0x00005d9c                __vector_3
 .text.soft_serial_transaction
                0x00005ee8       0xec .build/obj_crkbd_rev1_tensotha/serial.a(serial.o)
                0x00005ee8                soft_serial_transaction
 .text.libgcc.div
                0x00005fd4       0x28 /opt/homebrew/Cellar/avr-gcc@8/8.5.0_2/lib/avr-gcc/8/gcc/avr/8.5.0/avr5/libgcc.a(_udivmodhi4.o)
                0x00005fd4                __udivmodhi4
 .text.libgcc.prologue
                0x00005ffc       0x38 /opt/homebrew/Cellar/avr-gcc@8/8.5.0_2/lib/avr-gcc/8/gcc/avr/8.5.0/avr5/libgcc.a(_prologue.o)
                0x00005ffc                __prologue_saves__
 .text.libgcc.prologue
                0x00006034       0x36 /opt/homebrew/Cellar/avr-gcc@8/8.5.0_2/lib/avr-gcc/8/gcc/avr/8.5.0/avr5/libgcc.a(_epilogue.o)
                0x00006034                __epilogue_restores__
 .text.libgcc.div
                0x0000606a       0x18 /opt/homebrew/Cellar/avr-gcc@8/8.5.0_2/lib/avr-gcc/8/gcc/avr/8.5.0/avr5/libgcc.a(_udivmodqi4.o)
                0x0000606a                __udivmodqi4
 .text.libgcc.div
                0x00006082       0x1c /opt/homebrew/Cellar/avr-gcc@8/8.5.0_2/lib/avr-gcc/8/gcc/avr/8.5.0/avr5/libgcc.a(_divmodqi4.o)
                0x00006082                __divmodqi4
 .text.libgcc.div
                0x0000609e       0x28 /opt/homebrew/Cellar/avr-gcc@8/8.5.0_2/lib/avr-gcc/8/gcc/avr/8.5.0/avr5/libgcc.a(_divmodhi4.o)
                0x0000609e                __divmodhi4
                0x0000609e                _div
 .text.libgcc   0x000060c6        0xc /opt/homebrew/Cellar/avr-gcc@8/8.5.0_2/lib/avr-gcc/8/gcc/avr/8.5.0/avr5/libgcc.a(_tablejump2.o)
                0x000060c6                __tablejump2__
 .text.libgcc.mul
                0x000060d2       0x10 /opt/homebrew/Cellar/avr-gcc@8/8.5.0_2/lib/avr-gcc/8/gcc/avr/8.5.0/avr5/libgcc.a(_mulhisi3.o)
                0x000060d2                __mulhisi3
 .text.libgcc.mul
                0x000060e2        0xe /opt/homebrew/Cellar/avr-gcc@8/8.5.0_2/lib/avr-gcc/8/gcc/avr/8.5.0/avr5/libgcc.a(_usmulhisi3.o)
                0x000060e2                __usmulhisi3
                0x000060e6                __usmulhisi3_tail
 .text.libgcc.builtins
                0x000060f0       0x32 /opt/homebrew/Cellar/avr-gcc@8/8.5.0_2/lib/avr-gcc/8/gcc/avr/8.5.0/avr5/libgcc.a(_ashldi3.o)
                0x000060f0                __ashldi3
 .text.libgcc.builtins
                0x00006122       0x3a /opt/homebrew/Cellar/avr-gcc@8/8.5.0_2/lib/avr-gcc/8/gcc/avr/8.5.0/avr5/libgcc.a(_ashrdi3.o)
                0x00006122                __ashrdi3
                0x00006126                __lshrdi3
 .text.avr-libc
                0x0000615c       0xb8 /opt/homebrew/Cellar/avr-gcc@8/8.5.0_2/lib/avr-gcc/8/gcc/avr/8.5.0/../../../../../../avr/lib/avr5/libc.a(rand.o)
                0x000061ee                rand_r
                0x000061f4                rand
                0x000061fe                srand
 .text.avr-libc
                0x00006214       0x12 /opt/homebrew/Cellar/avr-gcc@8/8.5.0_2/lib/avr-gcc/8/gcc/avr/8.5.0/../../../../../../avr/lib/avr5/libc.a(memcpy_P.o)
                0x00006214                memcpy_P
 .text.avr-libc
                0x00006226       0x1a /opt/homebrew/Cellar/avr-gcc@8/8.5.0_2/lib/avr-gcc/8/gcc/avr/8.5.0/../../../../../../avr/lib/avr5/libc.a(memchr.o)
                0x00006226                memchr
 .text.avr-libc
                0x00006240       0x1a /opt/homebrew/Cellar/avr-gcc@8/8.5.0_2/lib/avr-gcc/8/gcc/avr/8.5.0/../../../../../../avr/lib/avr5/libc.a(memcmp.o)
                0x00006240                memcmp
 .text.avr-libc
                0x0000625a       0x12 /opt/homebrew/Cellar/avr-gcc@8/8.5.0_2/lib/avr-gcc/8/gcc/avr/8.5.0/../../../../../../avr/lib/avr5/libc.a(memcpy.o)
                0x0000625a                memcpy
 .text.avr-libc
                0x0000626c       0x10 /opt/homebrew/Cellar/avr-gcc@8/8.5.0_2/lib/avr-gcc/8/gcc/avr/8.5.0/../../../../../../avr/lib/avr5/libatmega32u4.a(eerd_byte.o)
                0x0000626c                eeprom_read_byte
 .text.avr-libc
                0x0000627c        0xc /opt/homebrew/Cellar/avr-gcc@8/8.5.0_2/lib/avr-gcc/8/gcc/avr/8.5.0/../../../../../../avr/lib/avr5/libatmega32u4.a(eerd_dword.o)
                0x0000627c                eeprom_read_dword
                0x0000627c                eeprom_read_float
 .text.avr-libc
                0x00006288        0xc /opt/homebrew/Cellar/avr-gcc@8/8.5.0_2/lib/avr-gcc/8/gcc/avr/8.5.0/../../../../../../avr/lib/avr5/libatmega32u4.a(eerd_word.o)
                0x00006288                eeprom_read_word
 .text.avr-libc
                0x00006294       0x20 /opt/homebrew/Cellar/avr-gcc@8/8.5.0_2/lib/avr-gcc/8/gcc/avr/8.5.0/../../../../../../avr/lib/avr5/libatmega32u4.a(eeupd_block.o)
                0x00006294                eeprom_update_block
 .text.avr-libc
                0x000062b4       0x24 /opt/homebrew/Cellar/avr-gcc@8/8.5.0_2/lib/avr-gcc/8/gcc/avr/8.5.0/../../../../../../avr/lib/avr5/libatmega32u4.a(eeupd_byte.o)
                0x000062b4                eeprom_update_byte
                0x000062b6                eeprom_update_r18
 .text.avr-libc
                0x000062d8       0x18 /opt/homebrew/Cellar/avr-gcc@8/8.5.0_2/lib/avr-gcc/8/gcc/avr/8.5.0/../../../../../../avr/lib/avr5/libatmega32u4.a(eeupd_dword.o)
                0x000062d8                eeprom_update_dword
                0x000062d8                eeprom_update_float
 .text.avr-libc
                0x000062f0        0xc /opt/homebrew/Cellar/avr-gcc@8/8.5.0_2/lib/avr-gcc/8/gcc/avr/8.5.0/../../../../../../avr/lib/avr5/libatmega32u4.a(eeupd_word.o)
                0x000062f0                eeprom_update_word
 .text.avr-libc
                0x000062fc       0x20 /opt/homebrew/Cellar/avr-gcc@8/8.5.0_2/lib/avr-gcc/8/gcc/avr/8.5.0/../../../../../../avr/lib/avr5/libatmega32u4.a(eerd_block.o)
                0x000062fc                eeprom_read_block
                0x00006300                eeprom_read_blraw
 .text.libgcc.div
                0x0000631c       0x2e /opt/homebrew/Cellar/avr-gcc@8/8.5.0_2/lib/avr-gcc/8/gcc/avr/8.5.0/avr5/libgcc.a(_divmodsi4.o)
                0x0000631c                __divmodsi4
 .text.libgcc.div
                0x0000634a       0x10 /opt/homebrew/Cellar/avr-gcc@8/8.5.0_2/lib/avr-gcc/8/gcc/avr/8.5.0/avr5/libgcc.a(_negsi2.o)
                0x0000634a                __negsi2
 .text.libgcc.mul
                0x0000635a       0x16 /opt/homebrew/Cellar/avr-gcc@8/8.5.0_2/lib/avr-gcc/8/gcc/avr/8.5.0/avr5/libgcc.a(_muluhisi3.o)
                0x0000635a                __muluhisi3
 .text.libgcc.mul
                0x00006370       0x10 /opt/homebrew/Cellar/avr-gcc@8/8.5.0_2/lib/avr-gcc/8/gcc/avr/8.5.0/avr5/libgcc.a(_mulshisi3.o)
                0x00006370                __mulshisi3
                0x00006376                __mulohisi3
 .text.libgcc.div
                0x00006380       0x44 /opt/homebrew/Cellar/avr-gcc@8/8.5.0_2/lib/avr-gcc/8/gcc/avr/8.5.0/avr5/libgcc.a(_udivmodsi4.o)
                0x00006380                __udivmodsi4
 .text.libgcc.mul
                0x000063c4       0x1e /opt/homebrew/Cellar/avr-gcc@8/8.5.0_2/lib/avr-gcc/8/gcc/avr/8.5.0/avr5/libgcc.a(_umulhisi3.o)
                0x000063c4                __umulhisi3
                0x000063e2                        . = ALIGN (0x2)
 *(.fini9)
 .fini9         0x000063e2        0x0 /opt/homebrew/Cellar/avr-gcc@8/8.5.0_2/lib/avr-gcc/8/gcc/avr/8.5.0/avr5/libgcc.a(_exit.o)
                0x000063e2                exit
                0x000063e2                _exit
 *(.fini9)
 *(.fini8)
 *(.fini8)
 *(.fini7)
 *(.fini7)
 *(.fini6)
 *(.fini6)
 *(.fini5)
 *(.fini5)
 *(.fini4)
 *(.fini4)
 *(.fini3)
 *(.fini3)
 *(.fini2)
 *(.fini2)
 *(.fini1)
 *(.fini1)
 *(.fini0)
 .fini0         0x000063e2        0x4 /opt/homebrew/Cellar/avr-gcc@8/8.5.0_2/lib/avr-gcc/8/gcc/avr/8.5.0/avr5/libgcc.a(_exit.o)
 *(.fini0)
 *(.hightext)
 *(.hightext*)
 *(.progmemx.*)
                0x000063e6                        . = ALIGN (0x2)
 *(.jumptables)
 *(.jumptables*)
 .jumptables.gcc.USB_Device_ProcessControlRequest
                0x000063e6       0x14 /var/folders/01/r6qc96lx1x7c0h1529l70j5m0000gn/T//ccbP30kE.ltrans0.ltrans.o
 .jumptables.gcc.process_record
                0x000063fa       0x94 /var/folders/01/r6qc96lx1x7c0h1529l70j5m0000gn/T//ccbP30kE.ltrans0.ltrans.o
                0x0000648e                        _etext = .

.data           0x00800100       0xce load address 0x0000648e
                0x00800100                        PROVIDE (__data_start = .)
 *(.data)
 .data          0x00800100        0x4 /opt/homebrew/Cellar/avr-gcc@8/8.5.0_2/lib/avr-gcc/8/gcc/avr/8.5.0/../../../../../../avr/lib/avr5/libc.a(rand.o)
 *(.data*)
 .data.split_transaction_table
                0x00800104       0x28 /var/folders/01/r6qc96lx1x7c0h1529l70j5m0000gn/T//ccbP30kE.ltrans0.ltrans.o
                0x00800104                split_transaction_table
 .data.isLeftHand
                0x0080012c        0x1 /var/folders/01/r6qc96lx1x7c0h1529l70j5m0000gn/T//ccbP30kE.ltrans0.ltrans.o
 .data.lufa_driver
                0x0080012d        0xa /var/folders/01/r6qc96lx1x7c0h1529l70j5m0000gn/T//ccbP30kE.ltrans0.ltrans.o
 .data.last_num.5584
                0x00800137        0x2 /var/folders/01/r6qc96lx1x7c0h1529l70j5m0000gn/T//ccbP30kE.ltrans0.ltrans.o
 .data.key_name
                0x00800139        0x1 /var/folders/01/r6qc96lx1x7c0h1529l70j5m0000gn/T//ccbP30kE.ltrans0.ltrans.o
 .data.display_start.2340
                0x0080013a        0x7 /var/folders/01/r6qc96lx1x7c0h1529l70j5m0000gn/T//ccbP30kE.ltrans0.ltrans.o
 .data.static_effect_table
                0x00800141        0xb /var/folders/01/r6qc96lx1x7c0h1529l70j5m0000gn/T//ccbP30kE.ltrans0.ltrans.o
 .data.increment.3729
                0x0080014c        0x1 /var/folders/01/r6qc96lx1x7c0h1529l70j5m0000gn/T//ccbP30kE.ltrans0.ltrans.o
 .data.high_bound.3728
                0x0080014d        0x1 /var/folders/01/r6qc96lx1x7c0h1529l70j5m0000gn/T//ccbP30kE.ltrans0.ltrans.o
 .data.increment.3741
                0x0080014e        0x1 /var/folders/01/r6qc96lx1x7c0h1529l70j5m0000gn/T//ccbP30kE.ltrans0.ltrans.o
 .data.rgblight_ranges
                0x0080014f        0x5 /var/folders/01/r6qc96lx1x7c0h1529l70j5m0000gn/T//ccbP30kE.ltrans0.ltrans.o
 .data.keyboard_protocol
                0x00800154        0x1 /var/folders/01/r6qc96lx1x7c0h1529l70j5m0000gn/T//ccbP30kE.ltrans0.ltrans.o
 *(.gnu.linkonce.d*)
 *(.rodata)
 *(.rodata*)
 .rodata.CSWTCH.8
                0x00800155        0x3 /var/folders/01/r6qc96lx1x7c0h1529l70j5m0000gn/T//ccbP30kE.ltrans0.ltrans.o
 .rodata.CSWTCH.9
                0x00800158       0x36 /var/folders/01/r6qc96lx1x7c0h1529l70j5m0000gn/T//ccbP30kE.ltrans0.ltrans.o
 .rodata.split_shmem
                0x0080018e        0x2 /var/folders/01/r6qc96lx1x7c0h1529l70j5m0000gn/T//ccbP30kE.ltrans0.ltrans.o
                0x0080018e                split_shmem
 .rodata.row_pins
                0x00800190        0x4 /var/folders/01/r6qc96lx1x7c0h1529l70j5m0000gn/T//ccbP30kE.ltrans0.ltrans.o
 .rodata.col_pins
                0x00800194        0x6 /var/folders/01/r6qc96lx1x7c0h1529l70j5m0000gn/T//ccbP30kE.ltrans0.ltrans.o
 .rodata.source_map.2341
                0x0080019a        0x4 /var/folders/01/r6qc96lx1x7c0h1529l70j5m0000gn/T//ccbP30kE.ltrans0.ltrans.o
 .rodata.target_map.2342
                0x0080019e        0x4 /var/folders/01/r6qc96lx1x7c0h1529l70j5m0000gn/T//ccbP30kE.ltrans0.ltrans.o
 .rodata.mode_base_table
                0x008001a2       0x2b /var/folders/01/r6qc96lx1x7c0h1529l70j5m0000gn/T//ccbP30kE.ltrans0.ltrans.o
 *(.gnu.linkonce.r*)
                0x008001ce                        . = ALIGN (0x2)
 *fill*         0x008001cd        0x1 
                0x008001ce                        _edata = .
                0x008001ce                        PROVIDE (__data_end = .)

.bss            0x008001ce      0x54c
                0x008001ce                        PROVIDE (__bss_start = .)
 *(.bss)
 .bss           0x008001ce        0x2 .build/obj_crkbd_rev1_tensotha/platforms/avr/xprintf.o
                0x008001ce                xfunc_out
 *(.bss*)
 .bss.__compound_literal.0
                0x008001d0        0x8 /var/folders/01/r6qc96lx1x7c0h1529l70j5m0000gn/T//ccbP30kE.ltrans0.ltrans.o
 .bss.__compound_literal.1
                0x008001d8       0x20 /var/folders/01/r6qc96lx1x7c0h1529l70j5m0000gn/T//ccbP30kE.ltrans0.ltrans.o
 .bss.grave_esc_was_shifted
                0x008001f8        0x1 /var/folders/01/r6qc96lx1x7c0h1529l70j5m0000gn/T//ccbP30kE.ltrans0.ltrans.o
 .bss.oneshot_locked_mods
                0x008001f9        0x1 /var/folders/01/r6qc96lx1x7c0h1529l70j5m0000gn/T//ccbP30kE.ltrans0.ltrans.o
 .bss.source_layers_cache
                0x008001fa       0x18 /var/folders/01/r6qc96lx1x7c0h1529l70j5m0000gn/T//ccbP30kE.ltrans0.ltrans.o
 .bss.tapping_key
                0x00800212        0x7 /var/folders/01/r6qc96lx1x7c0h1529l70j5m0000gn/T//ccbP30kE.ltrans0.ltrans.o
 .bss.oneshot_layer_data
                0x00800219        0x1 /var/folders/01/r6qc96lx1x7c0h1529l70j5m0000gn/T//ccbP30kE.ltrans0.ltrans.o
 .bss.oneshot_mods
                0x0080021a        0x1 /var/folders/01/r6qc96lx1x7c0h1529l70j5m0000gn/T//ccbP30kE.ltrans0.ltrans.o
 .bss.weak_mods
                0x0080021b        0x1 /var/folders/01/r6qc96lx1x7c0h1529l70j5m0000gn/T//ccbP30kE.ltrans0.ltrans.o
 .bss.last_report.4378
                0x0080021c       0x20 /var/folders/01/r6qc96lx1x7c0h1529l70j5m0000gn/T//ccbP30kE.ltrans0.ltrans.o
 .bss.last_report.4374
                0x0080023c        0x8 /var/folders/01/r6qc96lx1x7c0h1529l70j5m0000gn/T//ccbP30kE.ltrans0.ltrans.o
 .bss.real_mods
                0x00800244        0x1 /var/folders/01/r6qc96lx1x7c0h1529l70j5m0000gn/T//ccbP30kE.ltrans0.ltrans.o
 .bss.last_tick.4709
                0x00800245        0x2 /var/folders/01/r6qc96lx1x7c0h1529l70j5m0000gn/T//ccbP30kE.ltrans0.ltrans.o
 .bss.debouncing_time
                0x00800247        0x2 /var/folders/01/r6qc96lx1x7c0h1529l70j5m0000gn/T//ccbP30kE.ltrans0.ltrans.o
 .bss.debouncing
                0x00800249        0x1 /var/folders/01/r6qc96lx1x7c0h1529l70j5m0000gn/T//ccbP30kE.ltrans0.ltrans.o
 .bss.connection_check_timer.4460
                0x0080024a        0x2 /var/folders/01/r6qc96lx1x7c0h1529l70j5m0000gn/T//ccbP30kE.ltrans0.ltrans.o
 .bss.last_sync_timer.5151
                0x0080024c        0x4 /var/folders/01/r6qc96lx1x7c0h1529l70j5m0000gn/T//ccbP30kE.ltrans0.ltrans.o
 .bss.last_connected.4630
                0x00800250        0x1 /var/folders/01/r6qc96lx1x7c0h1529l70j5m0000gn/T//ccbP30kE.ltrans0.ltrans.o
 .bss.last_matrix.5124
                0x00800251        0x4 /var/folders/01/r6qc96lx1x7c0h1529l70j5m0000gn/T//ccbP30kE.ltrans0.ltrans.o
 .bss.last_update.5123
                0x00800255        0x4 /var/folders/01/r6qc96lx1x7c0h1529l70j5m0000gn/T//ccbP30kE.ltrans0.ltrans.o
 .bss.last_update.5135
                0x00800259        0x4 /var/folders/01/r6qc96lx1x7c0h1529l70j5m0000gn/T//ccbP30kE.ltrans0.ltrans.o
 .bss.shared_memory
                0x0080025d       0x18 /var/folders/01/r6qc96lx1x7c0h1529l70j5m0000gn/T//ccbP30kE.ltrans0.ltrans.o
 .bss.last_update.5144
                0x00800275        0x4 /var/folders/01/r6qc96lx1x7c0h1529l70j5m0000gn/T//ccbP30kE.ltrans0.ltrans.o
 .bss.last_update.5156
                0x00800279        0x4 /var/folders/01/r6qc96lx1x7c0h1529l70j5m0000gn/T//ccbP30kE.ltrans0.ltrans.o
 .bss.connection_errors
                0x0080027d        0x1 /var/folders/01/r6qc96lx1x7c0h1529l70j5m0000gn/T//ccbP30kE.ltrans0.ltrans.o
 .bss.sync_timer_ms
                0x0080027e        0x4 /var/folders/01/r6qc96lx1x7c0h1529l70j5m0000gn/T//ccbP30kE.ltrans0.ltrans.o
 .bss.raw_matrix
                0x00800282        0x8 /var/folders/01/r6qc96lx1x7c0h1529l70j5m0000gn/T//ccbP30kE.ltrans0.ltrans.o
 .bss.thatHand  0x0080028a        0x1 /var/folders/01/r6qc96lx1x7c0h1529l70j5m0000gn/T//ccbP30kE.ltrans0.ltrans.o
 .bss.thisHand  0x0080028b        0x1 /var/folders/01/r6qc96lx1x7c0h1529l70j5m0000gn/T//ccbP30kE.ltrans0.ltrans.o
 .bss.default_layer_state
                0x0080028c        0x2 /var/folders/01/r6qc96lx1x7c0h1529l70j5m0000gn/T//ccbP30kE.ltrans0.ltrans.o
 .bss.is_rgblight_initialized
                0x0080028e        0x1 /var/folders/01/r6qc96lx1x7c0h1529l70j5m0000gn/T//ccbP30kE.ltrans0.ltrans.o
 .bss.matrix    0x0080028f        0x8 /var/folders/01/r6qc96lx1x7c0h1529l70j5m0000gn/T//ccbP30kE.ltrans0.ltrans.o
 .bss.debug_config
                0x00800297        0x1 /var/folders/01/r6qc96lx1x7c0h1529l70j5m0000gn/T//ccbP30kE.ltrans0.ltrans.o
 .bss.matrix_previous.4716
                0x00800298        0x8 /var/folders/01/r6qc96lx1x7c0h1529l70j5m0000gn/T//ccbP30kE.ltrans0.ltrans.o
 .bss.report_last_timer.3678
                0x008002a0        0x2 /var/folders/01/r6qc96lx1x7c0h1529l70j5m0000gn/T//ccbP30kE.ltrans0.ltrans.o
 .bss.tick_flag.3679
                0x008002a2        0x1 /var/folders/01/r6qc96lx1x7c0h1529l70j5m0000gn/T//ccbP30kE.ltrans0.ltrans.o
 .bss.layer_state
                0x008002a3        0x2 /var/folders/01/r6qc96lx1x7c0h1529l70j5m0000gn/T//ccbP30kE.ltrans0.ltrans.o
 .bss.buf.5583  0x008002a5        0x6 /var/folders/01/r6qc96lx1x7c0h1529l70j5m0000gn/T//ccbP30kE.ltrans0.ltrans.o
 .bss.last_pad.5585
                0x008002ab        0x1 /var/folders/01/r6qc96lx1x7c0h1529l70j5m0000gn/T//ccbP30kE.ltrans0.ltrans.o
 .bss.last_keycode
                0x008002ac        0x2 /var/folders/01/r6qc96lx1x7c0h1529l70j5m0000gn/T//ccbP30kE.ltrans0.ltrans.o
 .bss.last_col  0x008002ae        0x1 /var/folders/01/r6qc96lx1x7c0h1529l70j5m0000gn/T//ccbP30kE.ltrans0.ltrans.o
 .bss.last_row  0x008002af        0x1 /var/folders/01/r6qc96lx1x7c0h1529l70j5m0000gn/T//ccbP30kE.ltrans0.ltrans.o
 .bss.temp_buffer.2343
                0x008002b0       0x20 /var/folders/01/r6qc96lx1x7c0h1529l70j5m0000gn/T//ccbP30kE.ltrans0.ltrans.o
 .bss.oled_rotation
                0x008002d0        0x1 /var/folders/01/r6qc96lx1x7c0h1529l70j5m0000gn/T//ccbP30kE.ltrans0.ltrans.o
 .bss.oled_scrolling
                0x008002d1        0x1 /var/folders/01/r6qc96lx1x7c0h1529l70j5m0000gn/T//ccbP30kE.ltrans0.ltrans.o
 .bss.oled_update_timeout
                0x008002d2        0x2 /var/folders/01/r6qc96lx1x7c0h1529l70j5m0000gn/T//ccbP30kE.ltrans0.ltrans.o
 .bss.last_led_status.3654
                0x008002d4        0x1 /var/folders/01/r6qc96lx1x7c0h1529l70j5m0000gn/T//ccbP30kE.ltrans0.ltrans.o
 .bss.animation_status
                0x008002d5        0x6 /var/folders/01/r6qc96lx1x7c0h1529l70j5m0000gn/T//ccbP30kE.ltrans0.ltrans.o
 .bss.rgblight_status
                0x008002db        0x3 /var/folders/01/r6qc96lx1x7c0h1529l70j5m0000gn/T//ccbP30kE.ltrans0.ltrans.o
 .bss.pos.3711  0x008002de        0x1 /var/folders/01/r6qc96lx1x7c0h1529l70j5m0000gn/T//ccbP30kE.ltrans0.ltrans.o
 .bss.low_bound.3727
                0x008002df        0x1 /var/folders/01/r6qc96lx1x7c0h1529l70j5m0000gn/T//ccbP30kE.ltrans0.ltrans.o
 .bss.maxval.3756
                0x008002e0        0x1 /var/folders/01/r6qc96lx1x7c0h1529l70j5m0000gn/T//ccbP30kE.ltrans0.ltrans.o
 .bss.led       0x008002e1       0xa2 /var/folders/01/r6qc96lx1x7c0h1529l70j5m0000gn/T//ccbP30kE.ltrans0.ltrans.o
 .bss.led_twinkle_state
                0x00800383      0x10e /var/folders/01/r6qc96lx1x7c0h1529l70j5m0000gn/T//ccbP30kE.ltrans0.ltrans.o
 .bss.rgblight_config
                0x00800491        0x8 /var/folders/01/r6qc96lx1x7c0h1529l70j5m0000gn/T//ccbP30kE.ltrans0.ltrans.o
 .bss.oled_timeout
                0x00800499        0x4 /var/folders/01/r6qc96lx1x7c0h1529l70j5m0000gn/T//ccbP30kE.ltrans0.ltrans.o
 .bss.oled_active
                0x0080049d        0x1 /var/folders/01/r6qc96lx1x7c0h1529l70j5m0000gn/T//ccbP30kE.ltrans0.ltrans.o
 .bss.oled_initialized
                0x0080049e        0x1 /var/folders/01/r6qc96lx1x7c0h1529l70j5m0000gn/T//ccbP30kE.ltrans0.ltrans.o
 .bss.mousekey_repeat
                0x0080049f        0x1 /var/folders/01/r6qc96lx1x7c0h1529l70j5m0000gn/T//ccbP30kE.ltrans0.ltrans.o
 .bss.mousekey_wheel_repeat
                0x008004a0        0x1 /var/folders/01/r6qc96lx1x7c0h1529l70j5m0000gn/T//ccbP30kE.ltrans0.ltrans.o
 .bss.mousekey_accel
                0x008004a1        0x1 /var/folders/01/r6qc96lx1x7c0h1529l70j5m0000gn/T//ccbP30kE.ltrans0.ltrans.o
 .bss.last_timer_w
                0x008004a2        0x2 /var/folders/01/r6qc96lx1x7c0h1529l70j5m0000gn/T//ccbP30kE.ltrans0.ltrans.o
 .bss.last_timer_c
                0x008004a4        0x2 /var/folders/01/r6qc96lx1x7c0h1529l70j5m0000gn/T//ccbP30kE.ltrans0.ltrans.o
 .bss.mouse_report
                0x008004a6        0x6 /var/folders/01/r6qc96lx1x7c0h1529l70j5m0000gn/T//ccbP30kE.ltrans0.ltrans.o
 .bss.split_config
                0x008004ac        0x2 /var/folders/01/r6qc96lx1x7c0h1529l70j5m0000gn/T//ccbP30kE.ltrans0.ltrans.o
 .bss.last_system_usage
                0x008004ae        0x2 /var/folders/01/r6qc96lx1x7c0h1529l70j5m0000gn/T//ccbP30kE.ltrans0.ltrans.o
 .bss.driver    0x008004b0        0x2 /var/folders/01/r6qc96lx1x7c0h1529l70j5m0000gn/T//ccbP30kE.ltrans0.ltrans.o
 .bss.last_consumer_usage
                0x008004b2        0x2 /var/folders/01/r6qc96lx1x7c0h1529l70j5m0000gn/T//ccbP30kE.ltrans0.ltrans.o
 .bss.keymap_config
                0x008004b4        0x2 /var/folders/01/r6qc96lx1x7c0h1529l70j5m0000gn/T//ccbP30kE.ltrans0.ltrans.o
 .bss.wdt_timeout
                0x008004b6        0x1 /var/folders/01/r6qc96lx1x7c0h1529l70j5m0000gn/T//ccbP30kE.ltrans0.ltrans.o
 .bss.timer_count
                0x008004b7        0x4 /var/folders/01/r6qc96lx1x7c0h1529l70j5m0000gn/T//ccbP30kE.ltrans0.ltrans.o
 .bss.USB_IsInitialized
                0x008004bb        0x1 /var/folders/01/r6qc96lx1x7c0h1529l70j5m0000gn/T//ccbP30kE.ltrans0.ltrans.o
 .bss.keyboard_idle
                0x008004bc        0x1 /var/folders/01/r6qc96lx1x7c0h1529l70j5m0000gn/T//ccbP30kE.ltrans0.ltrans.o
 .bss.keyboard_led_state
                0x008004bd        0x1 /var/folders/01/r6qc96lx1x7c0h1529l70j5m0000gn/T//ccbP30kE.ltrans0.ltrans.o
 .bss.keyboard_report_sent
                0x008004be        0x8 /var/folders/01/r6qc96lx1x7c0h1529l70j5m0000gn/T//ccbP30kE.ltrans0.ltrans.o
 .bss.USB_Device_CurrentlySelfPowered
                0x008004c6        0x1 /var/folders/01/r6qc96lx1x7c0h1529l70j5m0000gn/T//ccbP30kE.ltrans0.ltrans.o
 .bss.USB_Device_RemoteWakeupEnabled
                0x008004c7        0x1 /var/folders/01/r6qc96lx1x7c0h1529l70j5m0000gn/T//ccbP30kE.ltrans0.ltrans.o
 .bss.USB_DeviceState
                0x008004c8        0x1 /var/folders/01/r6qc96lx1x7c0h1529l70j5m0000gn/T//ccbP30kE.ltrans0.ltrans.o
 .bss.USB_Device_ConfigurationNumber
                0x008004c9        0x1 /var/folders/01/r6qc96lx1x7c0h1529l70j5m0000gn/T//ccbP30kE.ltrans0.ltrans.o
 .bss.USB_ControlRequest
                0x008004ca        0x8 /var/folders/01/r6qc96lx1x7c0h1529l70j5m0000gn/T//ccbP30kE.ltrans0.ltrans.o
 .bss.waiting_buffer_head
                0x008004d2        0x1 /var/folders/01/r6qc96lx1x7c0h1529l70j5m0000gn/T//ccbP30kE.ltrans0.ltrans.o
 .bss.waiting_buffer
                0x008004d3       0x38 /var/folders/01/r6qc96lx1x7c0h1529l70j5m0000gn/T//ccbP30kE.ltrans0.ltrans.o
 .bss.waiting_buffer_tail
                0x0080050b        0x1 /var/folders/01/r6qc96lx1x7c0h1529l70j5m0000gn/T//ccbP30kE.ltrans0.ltrans.o
 .bss.sc_timer  0x0080050c        0x2 /var/folders/01/r6qc96lx1x7c0h1529l70j5m0000gn/T//ccbP30kE.ltrans0.ltrans.o
 .bss.sc_last   0x0080050e        0x1 /var/folders/01/r6qc96lx1x7c0h1529l70j5m0000gn/T//ccbP30kE.ltrans0.ltrans.o
 .bss.oled_rotation_width
                0x0080050f        0x1 /var/folders/01/r6qc96lx1x7c0h1529l70j5m0000gn/T//ccbP30kE.ltrans0.ltrans.o
 .bss.oled_dirty
                0x00800510        0x2 /var/folders/01/r6qc96lx1x7c0h1529l70j5m0000gn/T//ccbP30kE.ltrans0.ltrans.o
 .bss.oled_buffer
                0x00800512      0x200 /var/folders/01/r6qc96lx1x7c0h1529l70j5m0000gn/T//ccbP30kE.ltrans0.ltrans.o
 .bss.oled_temp_buffer.2373
                0x00800712        0x6 /var/folders/01/r6qc96lx1x7c0h1529l70j5m0000gn/T//ccbP30kE.ltrans0.ltrans.o
 .bss.oled_cursor
                0x00800718        0x2 /var/folders/01/r6qc96lx1x7c0h1529l70j5m0000gn/T//ccbP30kE.ltrans0.ltrans.o
 *(COMMON)
                0x0080071a                        PROVIDE (__bss_end = .)
                0x0000648e                        __data_load_start = LOADADDR (.data)
                0x0000655c                        __data_load_end = (__data_load_start + SIZEOF (.data))

.noinit         0x0080071a        0x0
                [!provide]                        PROVIDE (__noinit_start = .)
 *(.noinit .noinit.* .gnu.linkonce.n.*)
                [!provide]                        PROVIDE (__noinit_end = .)
                0x0080071a                        _end = .
                [!provide]                        PROVIDE (__heap_start = .)
                0x00000000                        __flmap_init_label = DEFINED (__flmap_noinit_start)?__flmap_noinit_start:0x0
                0x00000000                        __flmap = DEFINED (__flmap)?__flmap:0x0

.eeprom         0x00810000        0x0
 *(.eeprom*)
                0x00810000                        __eeprom_end = .

.fuse
 *(.fuse)
 *(.lfuse)
 *(.hfuse)
 *(.efuse)

.lock
 *(.lock*)

.signature
 *(.signature*)

.stab
 *(.stab)

.stabstr
 *(.stabstr)

.stab.excl
 *(.stab.excl)

.stab.exclstr
 *(.stab.exclstr)

.stab.index
 *(.stab.index)

.stab.indexstr
 *(.stab.indexstr)

.comment        0x00000000       0x26
 *(.comment)
 .comment       0x00000000       0x27 /var/folders/01/r6qc96lx1x7c0h1529l70j5m0000gn/T//ccbP30kE.ltrans0.ltrans.o
 .comment       0x00000000       0x26 .build/obj_crkbd_rev1_tensotha/i2c_master.a(i2c_master.o)
                                 0x27 (size before relaxing)
 .comment       0x00000026       0x27 .build/obj_crkbd_rev1_tensotha/serial.a(serial.o)
 .comment       0x00000026       0x27 /opt/homebrew/Cellar/avr-gcc@8/8.5.0_2/lib/avr-gcc/8/gcc/avr/8.5.0/../../../../../../avr/lib/avr5/libc.a(rand.o)

.note.gnu.avr.deviceinfo
                0x00000000       0x40
 .note.gnu.avr.deviceinfo
                0x00000000       0x40 /opt/homebrew/Cellar/avr-gcc@8/8.5.0_2/lib/avr-gcc/8/gcc/avr/8.5.0/../../../../../../avr/lib/avr5/crtatmega32u4.o

.gnu.build.attributes
 *(.gnu.build.attributes .gnu.build.attributes.*)

.note.gnu.build-id
 *(.note.gnu.build-id)

.debug
 *(.debug)

.line
 *(.line)

.debug_srcinfo
 *(.debug_srcinfo)

.debug_sfnames
 *(.debug_sfnames)

.debug_aranges  0x00000000      0x738
 *(.debug_aranges)
 .debug_aranges
                0x00000000      0x3d0 /var/folders/01/r6qc96lx1x7c0h1529l70j5m0000gn/T//ccbP30kE.ltrans0.ltrans.o
 .debug_aranges
                0x000003d0       0x80 .build/obj_crkbd_rev1_tensotha/i2c_master.a(i2c_master.o)
 .debug_aranges
                0x00000450       0x68 .build/obj_crkbd_rev1_tensotha/serial.a(serial.o)
 .debug_aranges
                0x000004b8       0x20 /opt/homebrew/Cellar/avr-gcc@8/8.5.0_2/lib/avr-gcc/8/gcc/avr/8.5.0/avr5/libgcc.a(_udivmodhi4.o)
 .debug_aranges
                0x000004d8       0x20 /opt/homebrew/Cellar/avr-gcc@8/8.5.0_2/lib/avr-gcc/8/gcc/avr/8.5.0/avr5/libgcc.a(_exit.o)
 .debug_aranges
                0x000004f8       0x20 /opt/homebrew/Cellar/avr-gcc@8/8.5.0_2/lib/avr-gcc/8/gcc/avr/8.5.0/avr5/libgcc.a(_prologue.o)
 .debug_aranges
                0x00000518       0x20 /opt/homebrew/Cellar/avr-gcc@8/8.5.0_2/lib/avr-gcc/8/gcc/avr/8.5.0/avr5/libgcc.a(_epilogue.o)
 .debug_aranges
                0x00000538       0x20 /opt/homebrew/Cellar/avr-gcc@8/8.5.0_2/lib/avr-gcc/8/gcc/avr/8.5.0/avr5/libgcc.a(_udivmodqi4.o)
 .debug_aranges
                0x00000558       0x20 /opt/homebrew/Cellar/avr-gcc@8/8.5.0_2/lib/avr-gcc/8/gcc/avr/8.5.0/avr5/libgcc.a(_divmodqi4.o)
 .debug_aranges
                0x00000578       0x20 /opt/homebrew/Cellar/avr-gcc@8/8.5.0_2/lib/avr-gcc/8/gcc/avr/8.5.0/avr5/libgcc.a(_divmodhi4.o)
 .debug_aranges
                0x00000598       0x20 /opt/homebrew/Cellar/avr-gcc@8/8.5.0_2/lib/avr-gcc/8/gcc/avr/8.5.0/avr5/libgcc.a(_tablejump2.o)
 .debug_aranges
                0x000005b8       0x20 /opt/homebrew/Cellar/avr-gcc@8/8.5.0_2/lib/avr-gcc/8/gcc/avr/8.5.0/avr5/libgcc.a(_clear_bss.o)
 .debug_aranges
                0x000005d8       0x20 /opt/homebrew/Cellar/avr-gcc@8/8.5.0_2/lib/avr-gcc/8/gcc/avr/8.5.0/avr5/libgcc.a(_mulhisi3.o)
 .debug_aranges
                0x000005f8       0x20 /opt/homebrew/Cellar/avr-gcc@8/8.5.0_2/lib/avr-gcc/8/gcc/avr/8.5.0/avr5/libgcc.a(_usmulhisi3.o)
 .debug_aranges
                0x00000618       0x20 /opt/homebrew/Cellar/avr-gcc@8/8.5.0_2/lib/avr-gcc/8/gcc/avr/8.5.0/avr5/libgcc.a(_ashldi3.o)
 .debug_aranges
                0x00000638       0x20 /opt/homebrew/Cellar/avr-gcc@8/8.5.0_2/lib/avr-gcc/8/gcc/avr/8.5.0/avr5/libgcc.a(_ashrdi3.o)
 .debug_aranges
                0x00000658       0x20 /opt/homebrew/Cellar/avr-gcc@8/8.5.0_2/lib/avr-gcc/8/gcc/avr/8.5.0/avr5/libgcc.a(_divmodsi4.o)
 .debug_aranges
                0x00000678       0x20 /opt/homebrew/Cellar/avr-gcc@8/8.5.0_2/lib/avr-gcc/8/gcc/avr/8.5.0/avr5/libgcc.a(_negsi2.o)
 .debug_aranges
                0x00000698       0x20 /opt/homebrew/Cellar/avr-gcc@8/8.5.0_2/lib/avr-gcc/8/gcc/avr/8.5.0/avr5/libgcc.a(_copy_data.o)
 .debug_aranges
                0x000006b8       0x20 /opt/homebrew/Cellar/avr-gcc@8/8.5.0_2/lib/avr-gcc/8/gcc/avr/8.5.0/avr5/libgcc.a(_muluhisi3.o)
 .debug_aranges
                0x000006d8       0x20 /opt/homebrew/Cellar/avr-gcc@8/8.5.0_2/lib/avr-gcc/8/gcc/avr/8.5.0/avr5/libgcc.a(_mulshisi3.o)
 .debug_aranges
                0x000006f8       0x20 /opt/homebrew/Cellar/avr-gcc@8/8.5.0_2/lib/avr-gcc/8/gcc/avr/8.5.0/avr5/libgcc.a(_udivmodsi4.o)
 .debug_aranges
                0x00000718       0x20 /opt/homebrew/Cellar/avr-gcc@8/8.5.0_2/lib/avr-gcc/8/gcc/avr/8.5.0/avr5/libgcc.a(_umulhisi3.o)

.debug_pubnames
 *(.debug_pubnames)

.debug_info     0x00000000    0x409f5
 *(.debug_info .gnu.linkonce.wi.*)
 .debug_info    0x00000000      0x9f4 /opt/homebrew/Cellar/avr-gcc@8/8.5.0_2/lib/avr-gcc/8/gcc/avr/8.5.0/../../../../../../avr/lib/avr5/crtatmega32u4.o
 .debug_info    0x000009f4    0x3318c /var/folders/01/r6qc96lx1x7c0h1529l70j5m0000gn/T//ccyjZG1vdebugobj
                0x000009f4                crkbd.c.85637143
                0x0000192e                default_keyboard.c.1ea74db8
                0x0000229a                keymap_introspection.c.d4ec56c2
                0x0000516a                quantum.c.4dd4adbc
                0x0000861e                bitwise.c.50912812
                0x000087e7                led.c.5d92d0a4
                0x00008baa                action.c.2790eba7
                0x0000c477                action_layer.c.b3fa7c3f
                0x0000cce1                action_tapping.c.51148da1
                0x0000f68c                action_util.c.8356d5cb
                0x0000ff64                eeconfig.c.01977388
                0x00010219                keyboard.c.f9eeb732
                0x00010cf3                keymap_common.c.974cb714
                0x00013cba                keycode_config.c.39d4a9e0
                0x000161cf                sync_timer.c.71a21186
                0x00016300                debug.c.fa35ff22
                0x000164f5                sendchar.c.905bd5db
                0x0001657c                matrix_common.c.5e14508a
                0x00017026                matrix.c.39e39f9a
                0x00017969                sym_defer_g.c.b74222cd
                0x00017aee                split_util.c.c40fcc0e
                0x00018364                transport.c.d9c6cf0f
                0x00018c78                transactions.c.3d0117e2
                0x00019a18                main.c.3383d847
                0x00019aac                printf.c.78d96a45
                0x00019b73                color.c.df28c756
                0x00019d9a                rgblight.c.4b21a011
                0x0001b633                rgblight_drivers.c.a6815ba4
                0x0001b756                process_rgb.c.9f9f4d32
                0x0001e1c1                led_tables.c.5a517b9d
                0x0001e24e                oled_driver.c.c538b480
                0x0001ee17                ws2812_bitbang.c.6b2b3525
                0x0001eff0                bootmagic.c.2f09f074
                0x0001f149                crc.c.f906d5fb
                0x0001f247                process_grave_esc.c.406091b1
                0x000218e6                process_magic.c.9d00fdbb
                0x00023f47                mousekey.c.1d5a1d93
                0x00026709                send_string.c.5d409474
                0x0002916f                process_space_cadet.c.944f3ac4
                0x0002b7d7                host.c.7aacb023
                0x0002c0d3                report.c.82f833a9
                0x0002ea17                usb_device_state.c.b4c7d500
                0x0002eb96                usb_util.c.c3a30b67
                0x0002ec19                suspend.c.6d599169
                0x0002ecdd                synchronization_util.c.377f5895
                0x0002ed45                timer.c.27b14bd8
                0x0002edff                hardware_id.c.ac7416e3
                0x0002eeed                platform.c.21374fdf
                0x0002ef62                suspend.c.6cb0291e
                0x0002f4bc                timer.c.c04e403c
                0x0002f6c5                caterina.c.2b2b0c02
                0x0002f78c                lufa.c.cc1aa304
                0x000303f6                usb_descriptor.c.7180659d
                0x00030d3f                HIDParser.c.7580cc52
                0x000313b5                Device_AVR8.c.c3b4f44c
                0x0003151c                EndpointStream_AVR8.c.9e890805
                0x00032036                Endpoint_AVR8.c.89c1d1d1
                0x0003246d                Host_AVR8.c.1411c495
                0x000324ca                PipeStream_AVR8.c.a7b2ba62
                0x00032527                Pipe_AVR8.c.2e078766
                0x00032584                USBController_AVR8.c.a4dc52fa
                0x000328a8                USBInterrupt_AVR8.c.1d46ed0d
                0x00032c38                ConfigDescriptors.c.a47f6b11
                0x00032f99                DeviceStandardReq.c.65d6a52c
                0x0003353c                Events.c.31dd0e9f
                0x000335f3                HostStandardReq.c.bf432f52
                0x00033650                USBTask.c.09c3eda3
                0x00033847                usb_util.c.808f60f9
 .debug_info    0x00033b80     0xa714 /var/folders/01/r6qc96lx1x7c0h1529l70j5m0000gn/T//ccbP30kE.ltrans0.ltrans.o
 .debug_info    0x0003e294     0x10ca .build/obj_crkbd_rev1_tensotha/i2c_master.a(i2c_master.o)
 .debug_info    0x0003f35e     0x139f .build/obj_crkbd_rev1_tensotha/serial.a(serial.o)
 .debug_info    0x000406fd       0x26 /opt/homebrew/Cellar/avr-gcc@8/8.5.0_2/lib/avr-gcc/8/gcc/avr/8.5.0/avr5/libgcc.a(_udivmodhi4.o)
 .debug_info    0x00040723       0x26 /opt/homebrew/Cellar/avr-gcc@8/8.5.0_2/lib/avr-gcc/8/gcc/avr/8.5.0/avr5/libgcc.a(_exit.o)
 .debug_info    0x00040749       0x26 /opt/homebrew/Cellar/avr-gcc@8/8.5.0_2/lib/avr-gcc/8/gcc/avr/8.5.0/avr5/libgcc.a(_prologue.o)
 .debug_info    0x0004076f       0x26 /opt/homebrew/Cellar/avr-gcc@8/8.5.0_2/lib/avr-gcc/8/gcc/avr/8.5.0/avr5/libgcc.a(_epilogue.o)
 .debug_info    0x00040795       0x26 /opt/homebrew/Cellar/avr-gcc@8/8.5.0_2/lib/avr-gcc/8/gcc/avr/8.5.0/avr5/libgcc.a(_udivmodqi4.o)
 .debug_info    0x000407bb       0x26 /opt/homebrew/Cellar/avr-gcc@8/8.5.0_2/lib/avr-gcc/8/gcc/avr/8.5.0/avr5/libgcc.a(_divmodqi4.o)
 .debug_info    0x000407e1       0x26 /opt/homebrew/Cellar/avr-gcc@8/8.5.0_2/lib/avr-gcc/8/gcc/avr/8.5.0/avr5/libgcc.a(_divmodhi4.o)
 .debug_info    0x00040807       0x26 /opt/homebrew/Cellar/avr-gcc@8/8.5.0_2/lib/avr-gcc/8/gcc/avr/8.5.0/avr5/libgcc.a(_tablejump2.o)
 .debug_info    0x0004082d       0x26 /opt/homebrew/Cellar/avr-gcc@8/8.5.0_2/lib/avr-gcc/8/gcc/avr/8.5.0/avr5/libgcc.a(_clear_bss.o)
 .debug_info    0x00040853       0x26 /opt/homebrew/Cellar/avr-gcc@8/8.5.0_2/lib/avr-gcc/8/gcc/avr/8.5.0/avr5/libgcc.a(_mulhisi3.o)
 .debug_info    0x00040879       0x26 /opt/homebrew/Cellar/avr-gcc@8/8.5.0_2/lib/avr-gcc/8/gcc/avr/8.5.0/avr5/libgcc.a(_usmulhisi3.o)
 .debug_info    0x0004089f       0x26 /opt/homebrew/Cellar/avr-gcc@8/8.5.0_2/lib/avr-gcc/8/gcc/avr/8.5.0/avr5/libgcc.a(_ashldi3.o)
 .debug_info    0x000408c5       0x26 /opt/homebrew/Cellar/avr-gcc@8/8.5.0_2/lib/avr-gcc/8/gcc/avr/8.5.0/avr5/libgcc.a(_ashrdi3.o)
 .debug_info    0x000408eb       0x26 /opt/homebrew/Cellar/avr-gcc@8/8.5.0_2/lib/avr-gcc/8/gcc/avr/8.5.0/avr5/libgcc.a(_divmodsi4.o)
 .debug_info    0x00040911       0x26 /opt/homebrew/Cellar/avr-gcc@8/8.5.0_2/lib/avr-gcc/8/gcc/avr/8.5.0/avr5/libgcc.a(_negsi2.o)
 .debug_info    0x00040937       0x26 /opt/homebrew/Cellar/avr-gcc@8/8.5.0_2/lib/avr-gcc/8/gcc/avr/8.5.0/avr5/libgcc.a(_copy_data.o)
 .debug_info    0x0004095d       0x26 /opt/homebrew/Cellar/avr-gcc@8/8.5.0_2/lib/avr-gcc/8/gcc/avr/8.5.0/avr5/libgcc.a(_muluhisi3.o)
 .debug_info    0x00040983       0x26 /opt/homebrew/Cellar/avr-gcc@8/8.5.0_2/lib/avr-gcc/8/gcc/avr/8.5.0/avr5/libgcc.a(_mulshisi3.o)
 .debug_info    0x000409a9       0x26 /opt/homebrew/Cellar/avr-gcc@8/8.5.0_2/lib/avr-gcc/8/gcc/avr/8.5.0/avr5/libgcc.a(_udivmodsi4.o)
 .debug_info    0x000409cf       0x26 /opt/homebrew/Cellar/avr-gcc@8/8.5.0_2/lib/avr-gcc/8/gcc/avr/8.5.0/avr5/libgcc.a(_umulhisi3.o)

.debug_abbrev   0x00000000     0x767b
 *(.debug_abbrev)
 .debug_abbrev  0x00000000      0x96a /opt/homebrew/Cellar/avr-gcc@8/8.5.0_2/lib/avr-gcc/8/gcc/avr/8.5.0/../../../../../../avr/lib/avr5/crtatmega32u4.o
 .debug_abbrev  0x0000096a     0x6089 /var/folders/01/r6qc96lx1x7c0h1529l70j5m0000gn/T//ccyjZG1vdebugobj
 .debug_abbrev  0x000069f3      0x370 /var/folders/01/r6qc96lx1x7c0h1529l70j5m0000gn/T//ccbP30kE.ltrans0.ltrans.o
 .debug_abbrev  0x00006d63      0x2d2 .build/obj_crkbd_rev1_tensotha/i2c_master.a(i2c_master.o)
 .debug_abbrev  0x00007035      0x4b6 .build/obj_crkbd_rev1_tensotha/serial.a(serial.o)
 .debug_abbrev  0x000074eb       0x14 /opt/homebrew/Cellar/avr-gcc@8/8.5.0_2/lib/avr-gcc/8/gcc/avr/8.5.0/avr5/libgcc.a(_udivmodhi4.o)
 .debug_abbrev  0x000074ff       0x14 /opt/homebrew/Cellar/avr-gcc@8/8.5.0_2/lib/avr-gcc/8/gcc/avr/8.5.0/avr5/libgcc.a(_exit.o)
 .debug_abbrev  0x00007513       0x14 /opt/homebrew/Cellar/avr-gcc@8/8.5.0_2/lib/avr-gcc/8/gcc/avr/8.5.0/avr5/libgcc.a(_prologue.o)
 .debug_abbrev  0x00007527       0x14 /opt/homebrew/Cellar/avr-gcc@8/8.5.0_2/lib/avr-gcc/8/gcc/avr/8.5.0/avr5/libgcc.a(_epilogue.o)
 .debug_abbrev  0x0000753b       0x14 /opt/homebrew/Cellar/avr-gcc@8/8.5.0_2/lib/avr-gcc/8/gcc/avr/8.5.0/avr5/libgcc.a(_udivmodqi4.o)
 .debug_abbrev  0x0000754f       0x14 /opt/homebrew/Cellar/avr-gcc@8/8.5.0_2/lib/avr-gcc/8/gcc/avr/8.5.0/avr5/libgcc.a(_divmodqi4.o)
 .debug_abbrev  0x00007563       0x14 /opt/homebrew/Cellar/avr-gcc@8/8.5.0_2/lib/avr-gcc/8/gcc/avr/8.5.0/avr5/libgcc.a(_divmodhi4.o)
 .debug_abbrev  0x00007577       0x14 /opt/homebrew/Cellar/avr-gcc@8/8.5.0_2/lib/avr-gcc/8/gcc/avr/8.5.0/avr5/libgcc.a(_tablejump2.o)
 .debug_abbrev  0x0000758b       0x14 /opt/homebrew/Cellar/avr-gcc@8/8.5.0_2/lib/avr-gcc/8/gcc/avr/8.5.0/avr5/libgcc.a(_clear_bss.o)
 .debug_abbrev  0x0000759f       0x14 /opt/homebrew/Cellar/avr-gcc@8/8.5.0_2/lib/avr-gcc/8/gcc/avr/8.5.0/avr5/libgcc.a(_mulhisi3.o)
 .debug_abbrev  0x000075b3       0x14 /opt/homebrew/Cellar/avr-gcc@8/8.5.0_2/lib/avr-gcc/8/gcc/avr/8.5.0/avr5/libgcc.a(_usmulhisi3.o)
 .debug_abbrev  0x000075c7       0x14 /opt/homebrew/Cellar/avr-gcc@8/8.5.0_2/lib/avr-gcc/8/gcc/avr/8.5.0/avr5/libgcc.a(_ashldi3.o)
 .debug_abbrev  0x000075db       0x14 /opt/homebrew/Cellar/avr-gcc@8/8.5.0_2/lib/avr-gcc/8/gcc/avr/8.5.0/avr5/libgcc.a(_ashrdi3.o)
 .debug_abbrev  0x000075ef       0x14 /opt/homebrew/Cellar/avr-gcc@8/8.5.0_2/lib/avr-gcc/8/gcc/avr/8.5.0/avr5/libgcc.a(_divmodsi4.o)
 .debug_abbrev  0x00007603       0x14 /opt/homebrew/Cellar/avr-gcc@8/8.5.0_2/lib/avr-gcc/8/gcc/avr/8.5.0/avr5/libgcc.a(_negsi2.o)
 .debug_abbrev  0x00007617       0x14 /opt/homebrew/Cellar/avr-gcc@8/8.5.0_2/lib/avr-gcc/8/gcc/avr/8.5.0/avr5/libgcc.a(_copy_data.o)
 .debug_abbrev  0x0000762b       0x14 /opt/homebrew/Cellar/avr-gcc@8/8.5.0_2/lib/avr-gcc/8/gcc/avr/8.5.0/avr5/libgcc.a(_muluhisi3.o)
 .debug_abbrev  0x0000763f       0x14 /opt/homebrew/Cellar/avr-gcc@8/8.5.0_2/lib/avr-gcc/8/gcc/avr/8.5.0/avr5/libgcc.a(_mulshisi3.o)
 .debug_abbrev  0x00007653       0x14 /opt/homebrew/Cellar/avr-gcc@8/8.5.0_2/lib/avr-gcc/8/gcc/avr/8.5.0/avr5/libgcc.a(_udivmodsi4.o)
 .debug_abbrev  0x00007667       0x14 /opt/homebrew/Cellar/avr-gcc@8/8.5.0_2/lib/avr-gcc/8/gcc/avr/8.5.0/avr5/libgcc.a(_umulhisi3.o)

.debug_line     0x00000000    0x1730d
 *(.debug_line .debug_line.* .debug_line_end)
 .debug_line    0x00000000       0x1d /opt/homebrew/Cellar/avr-gcc@8/8.5.0_2/lib/avr-gcc/8/gcc/avr/8.5.0/../../../../../../avr/lib/avr5/crtatmega32u4.o
 .debug_line    0x0000001d     0x51b1 /var/folders/01/r6qc96lx1x7c0h1529l70j5m0000gn/T//ccyjZG1vdebugobj
 .debug_line    0x000051ce     0xed9e /var/folders/01/r6qc96lx1x7c0h1529l70j5m0000gn/T//ccbP30kE.ltrans0.ltrans.o
 .debug_line    0x00013f6c     0x138c .build/obj_crkbd_rev1_tensotha/i2c_master.a(i2c_master.o)
 .debug_line    0x000152f8     0x12ab .build/obj_crkbd_rev1_tensotha/serial.a(serial.o)
 .debug_line    0x000165a3       0xca /opt/homebrew/Cellar/avr-gcc@8/8.5.0_2/lib/avr-gcc/8/gcc/avr/8.5.0/avr5/libgcc.a(_udivmodhi4.o)
 .debug_line    0x0001666d       0x5e /opt/homebrew/Cellar/avr-gcc@8/8.5.0_2/lib/avr-gcc/8/gcc/avr/8.5.0/avr5/libgcc.a(_exit.o)
 .debug_line    0x000166cb       0xfa /opt/homebrew/Cellar/avr-gcc@8/8.5.0_2/lib/avr-gcc/8/gcc/avr/8.5.0/avr5/libgcc.a(_prologue.o)
 .debug_line    0x000167c5       0xf4 /opt/homebrew/Cellar/avr-gcc@8/8.5.0_2/lib/avr-gcc/8/gcc/avr/8.5.0/avr5/libgcc.a(_epilogue.o)
 .debug_line    0x000168b9       0x9a /opt/homebrew/Cellar/avr-gcc@8/8.5.0_2/lib/avr-gcc/8/gcc/avr/8.5.0/avr5/libgcc.a(_udivmodqi4.o)
 .debug_line    0x00016953       0xa0 /opt/homebrew/Cellar/avr-gcc@8/8.5.0_2/lib/avr-gcc/8/gcc/avr/8.5.0/avr5/libgcc.a(_divmodqi4.o)
 .debug_line    0x000169f3       0xc4 /opt/homebrew/Cellar/avr-gcc@8/8.5.0_2/lib/avr-gcc/8/gcc/avr/8.5.0/avr5/libgcc.a(_divmodhi4.o)
 .debug_line    0x00016ab7       0x76 /opt/homebrew/Cellar/avr-gcc@8/8.5.0_2/lib/avr-gcc/8/gcc/avr/8.5.0/avr5/libgcc.a(_tablejump2.o)
 .debug_line    0x00016b2d       0x82 /opt/homebrew/Cellar/avr-gcc@8/8.5.0_2/lib/avr-gcc/8/gcc/avr/8.5.0/avr5/libgcc.a(_clear_bss.o)
 .debug_line    0x00016baf       0x76 /opt/homebrew/Cellar/avr-gcc@8/8.5.0_2/lib/avr-gcc/8/gcc/avr/8.5.0/avr5/libgcc.a(_mulhisi3.o)
 .debug_line    0x00016c25       0x76 /opt/homebrew/Cellar/avr-gcc@8/8.5.0_2/lib/avr-gcc/8/gcc/avr/8.5.0/avr5/libgcc.a(_usmulhisi3.o)
 .debug_line    0x00016c9b       0xe8 /opt/homebrew/Cellar/avr-gcc@8/8.5.0_2/lib/avr-gcc/8/gcc/avr/8.5.0/avr5/libgcc.a(_ashldi3.o)
 .debug_line    0x00016d83      0x100 /opt/homebrew/Cellar/avr-gcc@8/8.5.0_2/lib/avr-gcc/8/gcc/avr/8.5.0/avr5/libgcc.a(_ashrdi3.o)
 .debug_line    0x00016e83       0xca /opt/homebrew/Cellar/avr-gcc@8/8.5.0_2/lib/avr-gcc/8/gcc/avr/8.5.0/avr5/libgcc.a(_divmodsi4.o)
 .debug_line    0x00016f4d       0x5e /opt/homebrew/Cellar/avr-gcc@8/8.5.0_2/lib/avr-gcc/8/gcc/avr/8.5.0/avr5/libgcc.a(_negsi2.o)
 .debug_line    0x00016fab       0x94 /opt/homebrew/Cellar/avr-gcc@8/8.5.0_2/lib/avr-gcc/8/gcc/avr/8.5.0/avr5/libgcc.a(_copy_data.o)
 .debug_line    0x0001703f       0x8e /opt/homebrew/Cellar/avr-gcc@8/8.5.0_2/lib/avr-gcc/8/gcc/avr/8.5.0/avr5/libgcc.a(_muluhisi3.o)
 .debug_line    0x000170cd       0x76 /opt/homebrew/Cellar/avr-gcc@8/8.5.0_2/lib/avr-gcc/8/gcc/avr/8.5.0/avr5/libgcc.a(_mulshisi3.o)
 .debug_line    0x00017143      0x11e /opt/homebrew/Cellar/avr-gcc@8/8.5.0_2/lib/avr-gcc/8/gcc/avr/8.5.0/avr5/libgcc.a(_udivmodsi4.o)
 .debug_line    0x00017261       0xac /opt/homebrew/Cellar/avr-gcc@8/8.5.0_2/lib/avr-gcc/8/gcc/avr/8.5.0/avr5/libgcc.a(_umulhisi3.o)

.debug_frame    0x00000000      0xf18
 *(.debug_frame)
 .debug_frame   0x00000000      0xb84 /var/folders/01/r6qc96lx1x7c0h1529l70j5m0000gn/T//ccbP30kE.ltrans0.ltrans.o
 .debug_frame   0x00000b84      0x240 .build/obj_crkbd_rev1_tensotha/i2c_master.a(i2c_master.o)
 .debug_frame   0x00000dc4      0x154 .build/obj_crkbd_rev1_tensotha/serial.a(serial.o)

.debug_str      0x00000000     0xc48c
 *(.debug_str)
 .debug_str     0x00000000      0x371 /opt/homebrew/Cellar/avr-gcc@8/8.5.0_2/lib/avr-gcc/8/gcc/avr/8.5.0/../../../../../../avr/lib/avr5/crtatmega32u4.o
 .debug_str     0x00000371    0x4cbc8 /var/folders/01/r6qc96lx1x7c0h1529l70j5m0000gn/T//ccyjZG1vdebugobj
 .debug_str     0x00000371      0x17f /var/folders/01/r6qc96lx1x7c0h1529l70j5m0000gn/T//ccbP30kE.ltrans0.ltrans.o
 .debug_str     0x00000371     0xc11b .build/obj_crkbd_rev1_tensotha/i2c_master.a(i2c_master.o)
                                0x354 (size before relaxing)
 .debug_str     0x0000c48c      0x943 .build/obj_crkbd_rev1_tensotha/serial.a(serial.o)
 .debug_str     0x0000c48c       0x82 /opt/homebrew/Cellar/avr-gcc@8/8.5.0_2/lib/avr-gcc/8/gcc/avr/8.5.0/avr5/libgcc.a(_udivmodhi4.o)
 .debug_str     0x0000c48c       0x82 /opt/homebrew/Cellar/avr-gcc@8/8.5.0_2/lib/avr-gcc/8/gcc/avr/8.5.0/avr5/libgcc.a(_exit.o)
 .debug_str     0x0000c48c       0x82 /opt/homebrew/Cellar/avr-gcc@8/8.5.0_2/lib/avr-gcc/8/gcc/avr/8.5.0/avr5/libgcc.a(_prologue.o)
 .debug_str     0x0000c48c       0x82 /opt/homebrew/Cellar/avr-gcc@8/8.5.0_2/lib/avr-gcc/8/gcc/avr/8.5.0/avr5/libgcc.a(_epilogue.o)
 .debug_str     0x0000c48c       0x82 /opt/homebrew/Cellar/avr-gcc@8/8.5.0_2/lib/avr-gcc/8/gcc/avr/8.5.0/avr5/libgcc.a(_udivmodqi4.o)
 .debug_str     0x0000c48c       0x82 /opt/homebrew/Cellar/avr-gcc@8/8.5.0_2/lib/avr-gcc/8/gcc/avr/8.5.0/avr5/libgcc.a(_divmodqi4.o)
 .debug_str     0x0000c48c       0x82 /opt/homebrew/Cellar/avr-gcc@8/8.5.0_2/lib/avr-gcc/8/gcc/avr/8.5.0/avr5/libgcc.a(_divmodhi4.o)
 .debug_str     0x0000c48c       0x82 /opt/homebrew/Cellar/avr-gcc@8/8.5.0_2/lib/avr-gcc/8/gcc/avr/8.5.0/avr5/libgcc.a(_tablejump2.o)
 .debug_str     0x0000c48c       0x82 /opt/homebrew/Cellar/avr-gcc@8/8.5.0_2/lib/avr-gcc/8/gcc/avr/8.5.0/avr5/libgcc.a(_clear_bss.o)
 .debug_str     0x0000c48c       0x82 /opt/homebrew/Cellar/avr-gcc@8/8.5.0_2/lib/avr-gcc/8/gcc/avr/8.5.0/avr5/libgcc.a(_mulhisi3.o)
 .debug_str     0x0000c48c       0x82 /opt/homebrew/Cellar/avr-gcc@8/8.5.0_2/lib/avr-gcc/8/gcc/avr/8.5.0/avr5/libgcc.a(_usmulhisi3.o)
 .debug_str     0x0000c48c       0x82 /opt/homebrew/Cellar/avr-gcc@8/8.5.0_2/lib/avr-gcc/8/gcc/avr/8.5.0/avr5/libgcc.a(_ashldi3.o)
 .debug_str     0x0000c48c       0x82 /opt/homebrew/Cellar/avr-gcc@8/8.5.0_2/lib/avr-gcc/8/gcc/avr/8.5.0/avr5/libgcc.a(_ashrdi3.o)
 .debug_str     0x0000c48c       0x82 /opt/homebrew/Cellar/avr-gcc@8/8.5.0_2/lib/avr-gcc/8/gcc/avr/8.5.0/avr5/libgcc.a(_divmodsi4.o)
 .debug_str     0x0000c48c       0x82 /opt/homebrew/Cellar/avr-gcc@8/8.5.0_2/lib/avr-gcc/8/gcc/avr/8.5.0/avr5/libgcc.a(_negsi2.o)
 .debug_str     0x0000c48c       0x82 /opt/homebrew/Cellar/avr-gcc@8/8.5.0_2/lib/avr-gcc/8/gcc/avr/8.5.0/avr5/libgcc.a(_copy_data.o)
 .debug_str     0x0000c48c       0x82 /opt/homebrew/Cellar/avr-gcc@8/8.5.0_2/lib/avr-gcc/8/gcc/avr/8.5.0/avr5/libgcc.a(_muluhisi3.o)
 .debug_str     0x0000c48c       0x82 /opt/homebrew/Cellar/avr-gcc@8/8.5.0_2/lib/avr-gcc/8/gcc/avr/8.5.0/avr5/libgcc.a(_mulshisi3.o)
 .debug_str     0x0000c48c       0x82 /opt/homebrew/Cellar/avr-gcc@8/8.5.0_2/lib/avr-gcc/8/gcc/avr/8.5.0/avr5/libgcc.a(_udivmodsi4.o)
 .debug_str     0x0000c48c       0x82 /opt/homebrew/Cellar/avr-gcc@8/8.5.0_2/lib/avr-gcc/8/gcc/avr/8.5.0/avr5/libgcc.a(_umulhisi3.o)

.debug_loc      0x00000000     0xbb64
 *(.debug_loc)
 .debug_loc     0x00000000     0x9905 /var/folders/01/r6qc96lx1x7c0h1529l70j5m0000gn/T//ccbP30kE.ltrans0.ltrans.o
 .debug_loc     0x00009905     0x17ba .build/obj_crkbd_rev1_tensotha/i2c_master.a(i2c_master.o)
 .debug_loc     0x0000b0bf      0xaa5 .build/obj_crkbd_rev1_tensotha/serial.a(serial.o)

.debug_macinfo
 *(.debug_macinfo)

.debug_weaknames
 *(.debug_weaknames)

.debug_funcnames
 *(.debug_funcnames)

.debug_typenames
 *(.debug_typenames)

.debug_varnames
 *(.debug_varnames)

.debug_pubtypes
 *(.debug_pubtypes)

.debug_ranges   0x00000000     0x2b78
 *(.debug_ranges)
 .debug_ranges  0x00000000     0x2728 /var/folders/01/r6qc96lx1x7c0h1529l70j5m0000gn/T//ccbP30kE.ltrans0.ltrans.o
 .debug_ranges  0x00002728      0x130 .build/obj_crkbd_rev1_tensotha/i2c_master.a(i2c_master.o)
 .debug_ranges  0x00002858      0x320 .build/obj_crkbd_rev1_tensotha/serial.a(serial.o)

.debug_addr
 *(.debug_addr)

.debug_line_str
 *(.debug_line_str)

.debug_loclists
 *(.debug_loclists)

.debug_macro
 *(.debug_macro)

.debug_names
 *(.debug_names)

.debug_rnglists
 *(.debug_rnglists)

.debug_str_offsets
 *(.debug_str_offsets)

.debug_sup
 *(.debug_sup)
OUTPUT(.build/crkbd_rev1_tensotha.elf elf32-avr)
LOAD linker stubs

Cross Reference Table

Symbol                                            File
CALLBACK_HIDParser_FilterHIDReportItem            .build/obj_crkbd_rev1_tensotha/lib/lufa/LUFA/Drivers/USB/Class/Common/HIDParser.o (symbol from plugin)
CALLBACK_USB_GetDescriptor                        .build/obj_crkbd_rev1_tensotha/lufa.o (symbol from plugin)
                                                  .build/obj_crkbd_rev1_tensotha/lib/lufa/LUFA/Drivers/USB/Core/DeviceStandardReq.o (symbol from plugin)
CIE1931_CURVE                                     .build/obj_crkbd_rev1_tensotha/quantum/led_tables.o (symbol from plugin)
                                                  .build/obj_crkbd_rev1_tensotha/quantum/color.o (symbol from plugin)
ConfigDescriptors.c.a47f6b11                      /var/folders/01/r6qc96lx1x7c0h1529l70j5m0000gn/T//ccyjZG1vdebugobj
ConfigurationDescriptor                           .build/obj_crkbd_rev1_tensotha/usb_descriptor.o (symbol from plugin)
DeviceDescriptor                                  .build/obj_crkbd_rev1_tensotha/usb_descriptor.o (symbol from plugin)
DeviceStandardReq.c.65d6a52c                      /var/folders/01/r6qc96lx1x7c0h1529l70j5m0000gn/T//ccyjZG1vdebugobj
                                                  /var/folders/01/r6qc96lx1x7c0h1529l70j5m0000gn/T//ccbP30kE.ltrans0.ltrans.o
Device_AVR8.c.c3b4f44c                            /var/folders/01/r6qc96lx1x7c0h1529l70j5m0000gn/T//ccyjZG1vdebugobj
                                                  /var/folders/01/r6qc96lx1x7c0h1529l70j5m0000gn/T//ccbP30kE.ltrans0.ltrans.o
EVENT_USB_Device_ConfigurationChanged             .build/obj_crkbd_rev1_tensotha/lufa.o (symbol from plugin)
                                                  .build/obj_crkbd_rev1_tensotha/lib/lufa/LUFA/Drivers/USB/Core/DeviceStandardReq.o (symbol from plugin)
EVENT_USB_Device_Connect                          .build/obj_crkbd_rev1_tensotha/lufa.o (symbol from plugin)
                                                  .build/obj_crkbd_rev1_tensotha/lib/lufa/LUFA/Drivers/USB/Core/AVR8/USBInterrupt_AVR8.o (symbol from plugin)
EVENT_USB_Device_ControlRequest                   .build/obj_crkbd_rev1_tensotha/lufa.o (symbol from plugin)
                                                  .build/obj_crkbd_rev1_tensotha/lib/lufa/LUFA/Drivers/USB/Core/DeviceStandardReq.o (symbol from plugin)
EVENT_USB_Device_Disconnect                       .build/obj_crkbd_rev1_tensotha/lufa.o (symbol from plugin)
                                                  .build/obj_crkbd_rev1_tensotha/lib/lufa/LUFA/Drivers/USB/Core/AVR8/USBInterrupt_AVR8.o (symbol from plugin)
EVENT_USB_Device_Reset                            .build/obj_crkbd_rev1_tensotha/lufa.o (symbol from plugin)
                                                  .build/obj_crkbd_rev1_tensotha/lib/lufa/LUFA/Drivers/USB/Core/AVR8/USBInterrupt_AVR8.o (symbol from plugin)
EVENT_USB_Device_StartOfFrame                     .build/obj_crkbd_rev1_tensotha/lib/lufa/LUFA/Drivers/USB/Core/Events.o (symbol from plugin)
                                                  .build/obj_crkbd_rev1_tensotha/lib/lufa/LUFA/Drivers/USB/Core/AVR8/USBInterrupt_AVR8.o (symbol from plugin)
EVENT_USB_Device_Suspend                          .build/obj_crkbd_rev1_tensotha/lufa.o (symbol from plugin)
                                                  .build/obj_crkbd_rev1_tensotha/lib/lufa/LUFA/Drivers/USB/Core/AVR8/USBInterrupt_AVR8.o (symbol from plugin)
EVENT_USB_Device_WakeUp                           .build/obj_crkbd_rev1_tensotha/lufa.o (symbol from plugin)
                                                  .build/obj_crkbd_rev1_tensotha/lib/lufa/LUFA/Drivers/USB/Core/AVR8/USBInterrupt_AVR8.o (symbol from plugin)
EndpointStream_AVR8.c.9e890805                    /var/folders/01/r6qc96lx1x7c0h1529l70j5m0000gn/T//ccyjZG1vdebugobj
                                                  /var/folders/01/r6qc96lx1x7c0h1529l70j5m0000gn/T//ccbP30kE.ltrans0.ltrans.o
Endpoint_AVR8.c.89c1d1d1                          /var/folders/01/r6qc96lx1x7c0h1529l70j5m0000gn/T//ccyjZG1vdebugobj
                                                  /var/folders/01/r6qc96lx1x7c0h1529l70j5m0000gn/T//ccbP30kE.ltrans0.ltrans.o
Endpoint_ClearEndpoints                           .build/obj_crkbd_rev1_tensotha/lib/lufa/LUFA/Drivers/USB/Core/AVR8/Endpoint_AVR8.o (symbol from plugin)
Endpoint_ClearStatusStage                         .build/obj_crkbd_rev1_tensotha/lib/lufa/LUFA/Drivers/USB/Core/AVR8/Endpoint_AVR8.o (symbol from plugin)
                                                  .build/obj_crkbd_rev1_tensotha/lib/lufa/LUFA/Drivers/USB/Core/DeviceStandardReq.o (symbol from plugin)
                                                  .build/obj_crkbd_rev1_tensotha/lufa.o (symbol from plugin)
Endpoint_ConfigureEndpointTable                   .build/obj_crkbd_rev1_tensotha/lib/lufa/LUFA/Drivers/USB/Core/AVR8/Endpoint_AVR8.o (symbol from plugin)
Endpoint_ConfigureEndpoint_Prv                    .build/obj_crkbd_rev1_tensotha/lib/lufa/LUFA/Drivers/USB/Core/AVR8/Endpoint_AVR8.o (symbol from plugin)
                                                  .build/obj_crkbd_rev1_tensotha/lib/lufa/LUFA/Drivers/USB/Core/AVR8/USBInterrupt_AVR8.o (symbol from plugin)
                                                  .build/obj_crkbd_rev1_tensotha/lib/lufa/LUFA/Drivers/USB/Core/AVR8/USBController_AVR8.o (symbol from plugin)
                                                  .build/obj_crkbd_rev1_tensotha/lufa.o (symbol from plugin)
Endpoint_Discard_Stream                           .build/obj_crkbd_rev1_tensotha/lib/lufa/LUFA/Drivers/USB/Core/AVR8/EndpointStream_AVR8.o (symbol from plugin)
Endpoint_Null_Stream                              .build/obj_crkbd_rev1_tensotha/lib/lufa/LUFA/Drivers/USB/Core/AVR8/EndpointStream_AVR8.o (symbol from plugin)
Endpoint_Read_Control_EStream_BE                  .build/obj_crkbd_rev1_tensotha/lib/lufa/LUFA/Drivers/USB/Core/AVR8/EndpointStream_AVR8.o (symbol from plugin)
Endpoint_Read_Control_EStream_LE                  .build/obj_crkbd_rev1_tensotha/lib/lufa/LUFA/Drivers/USB/Core/AVR8/EndpointStream_AVR8.o (symbol from plugin)
Endpoint_Read_Control_Stream_BE                   .build/obj_crkbd_rev1_tensotha/lib/lufa/LUFA/Drivers/USB/Core/AVR8/EndpointStream_AVR8.o (symbol from plugin)
Endpoint_Read_Control_Stream_LE                   .build/obj_crkbd_rev1_tensotha/lib/lufa/LUFA/Drivers/USB/Core/AVR8/EndpointStream_AVR8.o (symbol from plugin)
Endpoint_Read_EStream_BE                          .build/obj_crkbd_rev1_tensotha/lib/lufa/LUFA/Drivers/USB/Core/AVR8/EndpointStream_AVR8.o (symbol from plugin)
Endpoint_Read_EStream_LE                          .build/obj_crkbd_rev1_tensotha/lib/lufa/LUFA/Drivers/USB/Core/AVR8/EndpointStream_AVR8.o (symbol from plugin)
Endpoint_Read_Stream_BE                           .build/obj_crkbd_rev1_tensotha/lib/lufa/LUFA/Drivers/USB/Core/AVR8/EndpointStream_AVR8.o (symbol from plugin)
Endpoint_Read_Stream_LE                           .build/obj_crkbd_rev1_tensotha/lib/lufa/LUFA/Drivers/USB/Core/AVR8/EndpointStream_AVR8.o (symbol from plugin)
Endpoint_WaitUntilReady                           .build/obj_crkbd_rev1_tensotha/lib/lufa/LUFA/Drivers/USB/Core/AVR8/Endpoint_AVR8.o (symbol from plugin)
                                                  .build/obj_crkbd_rev1_tensotha/lib/lufa/LUFA/Drivers/USB/Core/AVR8/EndpointStream_AVR8.o (symbol from plugin)
Endpoint_Write_Control_EStream_BE                 .build/obj_crkbd_rev1_tensotha/lib/lufa/LUFA/Drivers/USB/Core/AVR8/EndpointStream_AVR8.o (symbol from plugin)
Endpoint_Write_Control_EStream_LE                 .build/obj_crkbd_rev1_tensotha/lib/lufa/LUFA/Drivers/USB/Core/AVR8/EndpointStream_AVR8.o (symbol from plugin)
Endpoint_Write_Control_PStream_BE                 .build/obj_crkbd_rev1_tensotha/lib/lufa/LUFA/Drivers/USB/Core/AVR8/EndpointStream_AVR8.o (symbol from plugin)
Endpoint_Write_Control_PStream_LE                 .build/obj_crkbd_rev1_tensotha/lib/lufa/LUFA/Drivers/USB/Core/AVR8/EndpointStream_AVR8.o (symbol from plugin)
                                                  .build/obj_crkbd_rev1_tensotha/lib/lufa/LUFA/Drivers/USB/Core/DeviceStandardReq.o (symbol from plugin)
Endpoint_Write_Control_Stream_BE                  .build/obj_crkbd_rev1_tensotha/lib/lufa/LUFA/Drivers/USB/Core/AVR8/EndpointStream_AVR8.o (symbol from plugin)
Endpoint_Write_Control_Stream_LE                  .build/obj_crkbd_rev1_tensotha/lib/lufa/LUFA/Drivers/USB/Core/AVR8/EndpointStream_AVR8.o (symbol from plugin)