Archive member included to satisfy reference by file (symbol)

.build/obj_crkbd_rev1_tensotha_helios/serial_protocol.a(serial_protocol.o)
                              .build/obj_crkbd_rev1_tensotha_helios/quantum/split_common/transport.o (symbol from plugin) (soft_serial_target_init)
.build/obj_crkbd_rev1_tensotha_helios/serial_vendor.a(serial_vendor.o)
                              .build/obj_crkbd_rev1_tensotha_helios/serial_protocol.a(serial_protocol.o) (serial_transport_driver_clear)
.build/obj_crkbd_rev1_tensotha_helios/i2c_master.a(i2c_master.o)
                              .build/obj_crkbd_rev1_tensotha_helios/oled_driver.o (symbol from plugin) (i2c_init)
/opt/homebrew/Cellar/arm-none-eabi-gcc@8/8.5.0_2/lib/arm-none-eabi-gcc/8/gcc/arm-none-eabi/8.5.0/thumb/v6-m/nofp/libgcc.a(_dvmd_tls.o)
                              .build/obj_crkbd_rev1_tensotha_helios/./lib/pico-sdk/src/rp2_common/pico_divider/divider.o (__aeabi_idiv0)
/opt/homebrew/Cellar/arm-none-eabi-gcc@8/8.5.0_2/lib/arm-none-eabi-gcc/8/gcc/arm-none-eabi/8.5.0/thumb/v6-m/nofp/libgcc.a(_fixunssfsi.o)
                              .build/obj_crkbd_rev1_tensotha_helios/serial_vendor.a(serial_vendor.o) (__aeabi_f2uiz)
/opt/homebrew/Cellar/arm-none-eabi-gcc@8/8.5.0_2/lib/arm-none-eabi-gcc/8/gcc/arm-none-eabi/8.5.0/thumb/v6-m/nofp/libgcc.a(divsf3.o)
                              .build/obj_crkbd_rev1_tensotha_helios/serial_vendor.a(serial_vendor.o) (__aeabi_fdiv)
/opt/homebrew/Cellar/arm-none-eabi-gcc@8/8.5.0_2/lib/arm-none-eabi-gcc/8/gcc/arm-none-eabi/8.5.0/thumb/v6-m/nofp/libgcc.a(mulsf3.o)
                              .build/obj_crkbd_rev1_tensotha_helios/serial_vendor.a(serial_vendor.o) (__aeabi_fmul)
/opt/homebrew/Cellar/arm-none-eabi-gcc@8/8.5.0_2/lib/arm-none-eabi-gcc/8/gcc/arm-none-eabi/8.5.0/thumb/v6-m/nofp/libgcc.a(subsf3.o)
                              .build/obj_crkbd_rev1_tensotha_helios/serial_vendor.a(serial_vendor.o) (__aeabi_fsub)
/opt/homebrew/Cellar/arm-none-eabi-gcc@8/8.5.0_2/lib/arm-none-eabi-gcc/8/gcc/arm-none-eabi/8.5.0/thumb/v6-m/nofp/libgcc.a(fixsfsi.o)
                              /opt/homebrew/Cellar/arm-none-eabi-gcc@8/8.5.0_2/lib/arm-none-eabi-gcc/8/gcc/arm-none-eabi/8.5.0/thumb/v6-m/nofp/libgcc.a(_fixunssfsi.o) (__aeabi_f2iz)
/opt/homebrew/Cellar/arm-none-eabi-gcc@8/8.5.0_2/lib/arm-none-eabi-gcc/8/gcc/arm-none-eabi/8.5.0/thumb/v6-m/nofp/libgcc.a(floatunsisf.o)
                              .build/obj_crkbd_rev1_tensotha_helios/serial_vendor.a(serial_vendor.o) (__aeabi_ui2f)
/opt/homebrew/Cellar/arm-none-eabi-gcc@8/8.5.0_2/lib/arm-none-eabi-gcc/8/gcc/arm-none-eabi/8.5.0/thumb/v6-m/nofp/libgcc.a(_arm_cmpsf2.o)
                              /opt/homebrew/Cellar/arm-none-eabi-gcc@8/8.5.0_2/lib/arm-none-eabi-gcc/8/gcc/arm-none-eabi/8.5.0/thumb/v6-m/nofp/libgcc.a(_fixunssfsi.o) (__aeabi_fcmpge)
/opt/homebrew/Cellar/arm-none-eabi-gcc@8/8.5.0_2/lib/arm-none-eabi-gcc/8/gcc/arm-none-eabi/8.5.0/thumb/v6-m/nofp/libgcc.a(_clzsi2.o)
                              /opt/homebrew/Cellar/arm-none-eabi-gcc@8/8.5.0_2/lib/arm-none-eabi-gcc/8/gcc/arm-none-eabi/8.5.0/thumb/v6-m/nofp/libgcc.a(divsf3.o) (__clzsi2)
/opt/homebrew/Cellar/arm-none-eabi-gcc@8/8.5.0_2/lib/arm-none-eabi-gcc/8/gcc/arm-none-eabi/8.5.0/thumb/v6-m/nofp/libgcc.a(eqsf2.o)
                              /opt/homebrew/Cellar/arm-none-eabi-gcc@8/8.5.0_2/lib/arm-none-eabi-gcc/8/gcc/arm-none-eabi/8.5.0/thumb/v6-m/nofp/libgcc.a(_arm_cmpsf2.o) (__eqsf2)
/opt/homebrew/Cellar/arm-none-eabi-gcc@8/8.5.0_2/lib/arm-none-eabi-gcc/8/gcc/arm-none-eabi/8.5.0/thumb/v6-m/nofp/libgcc.a(gesf2.o)
                              /opt/homebrew/Cellar/arm-none-eabi-gcc@8/8.5.0_2/lib/arm-none-eabi-gcc/8/gcc/arm-none-eabi/8.5.0/thumb/v6-m/nofp/libgcc.a(_arm_cmpsf2.o) (__gesf2)
/opt/homebrew/Cellar/arm-none-eabi-gcc@8/8.5.0_2/lib/arm-none-eabi-gcc/8/gcc/arm-none-eabi/8.5.0/thumb/v6-m/nofp/libgcc.a(lesf2.o)
                              /opt/homebrew/Cellar/arm-none-eabi-gcc@8/8.5.0_2/lib/arm-none-eabi-gcc/8/gcc/arm-none-eabi/8.5.0/thumb/v6-m/nofp/libgcc.a(_arm_cmpsf2.o) (__lesf2)
/opt/homebrew/Cellar/arm-none-eabi-gcc@8/8.5.0_2/lib/arm-none-eabi-gcc/8/gcc/arm-none-eabi/8.5.0/../../../../../../arm-none-eabi/lib/thumb/v6-m/nofp/libg_nano.a(lib_a-ctype_.o)
                              .build/obj_crkbd_rev1_tensotha_helios/quantum/send_string/send_string.o (symbol from plugin) (_ctype_)
/opt/homebrew/Cellar/arm-none-eabi-gcc@8/8.5.0_2/lib/arm-none-eabi-gcc/8/gcc/arm-none-eabi/8.5.0/../../../../../../arm-none-eabi/lib/thumb/v6-m/nofp/libg_nano.a(lib_a-errno.o)
                              .build/obj_crkbd_rev1_tensotha_helios/platforms/chibios/syscall-fallbacks.o (symbol from plugin) (__errno)
/opt/homebrew/Cellar/arm-none-eabi-gcc@8/8.5.0_2/lib/arm-none-eabi-gcc/8/gcc/arm-none-eabi/8.5.0/../../../../../../arm-none-eabi/lib/thumb/v6-m/nofp/libg_nano.a(lib_a-impure.o)
[...]
Memory Configuration

Name             Origin             Length             Attributes
flash0           0x00000000         0x00004000         xr
flash1           0x10000000         0x00200000         xr
flash2           0x00000000         0x00000000         xr
flash3           0x00000000         0x00000000         xr
flash4           0x00000000         0x00000000         xr
flash5           0x00000000         0x00000000         xr
flash6           0x00000000         0x00000000         xr
flash7           0x00000000         0x00000000         xr
ram0             0x20000000         0x00040000         xw
ram1             0x00000000         0x00040000         xw
ram2             0x00000000         0x00000000         xw
ram3             0x00000000         0x00000000         xw
ram4             0x20040000         0x00001000         xw
ram5             0x20041000         0x00001000         xw
ram6             0x00000000         0x00000000         xw
ram7             0x20041f00         0x00000100         xw
*default*        0x00000000         0xffffffff

Linker script and memory map

LOAD .build/obj_crkbd_rev1_tensotha_helios/keyboards/crkbd/crkbd.o
LOAD /var/folders/01/r6qc96lx1x7c0h1529l70j5m0000gn/T//ccZ3h3t9debugobj
LOAD /var/folders/01/r6qc96lx1x7c0h1529l70j5m0000gn/T//ccqg8YyW.ltrans0.ltrans.o
LOAD .build/obj_crkbd_rev1_tensotha_helios/.build/obj_crkbd_rev1_tensotha_helios/src/default_keyboard.o
LOAD .build/obj_crkbd_rev1_tensotha_helios/quantum/keymap_introspection.o
LOAD .build/obj_crkbd_rev1_tensotha_helios/quantum/quantum.o
LOAD .build/obj_crkbd_rev1_tensotha_helios/quantum/bitwise.o
LOAD .build/obj_crkbd_rev1_tensotha_helios/quantum/led.o
LOAD .build/obj_crkbd_rev1_tensotha_helios/quantum/action.o
LOAD .build/obj_crkbd_rev1_tensotha_helios/quantum/action_layer.o
LOAD .build/obj_crkbd_rev1_tensotha_helios/quantum/action_tapping.o
LOAD .build/obj_crkbd_rev1_tensotha_helios/quantum/action_util.o
LOAD .build/obj_crkbd_rev1_tensotha_helios/quantum/eeconfig.o
LOAD .build/obj_crkbd_rev1_tensotha_helios/quantum/keyboard.o
LOAD .build/obj_crkbd_rev1_tensotha_helios/quantum/keymap_common.o
LOAD .build/obj_crkbd_rev1_tensotha_helios/quantum/keycode_config.o
LOAD .build/obj_crkbd_rev1_tensotha_helios/quantum/sync_timer.o
LOAD .build/obj_crkbd_rev1_tensotha_helios/quantum/logging/debug.o
LOAD .build/obj_crkbd_rev1_tensotha_helios/quantum/logging/sendchar.o
LOAD .build/obj_crkbd_rev1_tensotha_helios/quantum/logging/print.o
LOAD .build/obj_crkbd_rev1_tensotha_helios/quantum/matrix_common.o
LOAD .build/obj_crkbd_rev1_tensotha_helios/quantum/matrix.o
LOAD .build/obj_crkbd_rev1_tensotha_helios/quantum/debounce/sym_defer_g.o
LOAD .build/obj_crkbd_rev1_tensotha_helios/quantum/split_common/split_util.o
LOAD .build/obj_crkbd_rev1_tensotha_helios/quantum/split_common/transport.o
LOAD .build/obj_crkbd_rev1_tensotha_helios/quantum/split_common/transactions.o
LOAD .build/obj_crkbd_rev1_tensotha_helios/quantum/main.o
LOAD .build/obj_crkbd_rev1_tensotha_helios/printf.o
LOAD .build/obj_crkbd_rev1_tensotha_helios/eeprom_driver.o
LOAD .build/obj_crkbd_rev1_tensotha_helios/eeprom_wear_leveling.o
LOAD .build/obj_crkbd_rev1_tensotha_helios/wear_leveling.o
LOAD .build/obj_crkbd_rev1_tensotha_helios/wear_leveling_rp2040_flash.o
LOAD .build/obj_crkbd_rev1_tensotha_helios/quantum/color.o
LOAD .build/obj_crkbd_rev1_tensotha_helios/quantum/rgblight/rgblight.o
LOAD .build/obj_crkbd_rev1_tensotha_helios/quantum/rgblight/rgblight_drivers.o
LOAD .build/obj_crkbd_rev1_tensotha_helios/quantum/process_keycode/process_rgb.o
LOAD .build/obj_crkbd_rev1_tensotha_helios/quantum/led_tables.o
LOAD .build/obj_crkbd_rev1_tensotha_helios/qmk_fnv_type_validation.o
LOAD .build/obj_crkbd_rev1_tensotha_helios/hash_32a.o
LOAD .build/obj_crkbd_rev1_tensotha_helios/hash_64a.o
LOAD .build/obj_crkbd_rev1_tensotha_helios/oled_driver.o
LOAD .build/obj_crkbd_rev1_tensotha_helios/ws2812_vendor.o
LOAD .build/obj_crkbd_rev1_tensotha_helios/quantum/bootmagic/bootmagic.o
LOAD .build/obj_crkbd_rev1_tensotha_helios/quantum/crc.o
LOAD .build/obj_crkbd_rev1_tensotha_helios/quantum/process_keycode/process_grave_esc.o
LOAD .build/obj_crkbd_rev1_tensotha_helios/quantum/process_keycode/process_magic.o
LOAD .build/obj_crkbd_rev1_tensotha_helios/quantum/mousekey.o
LOAD .build/obj_crkbd_rev1_tensotha_helios/quantum/send_string/send_string.o
LOAD .build/obj_crkbd_rev1_tensotha_helios/quantum/process_keycode/process_space_cadet.o
LOAD .build/obj_crkbd_rev1_tensotha_helios/protocol/host.o
LOAD .build/obj_crkbd_rev1_tensotha_helios/protocol/report.o
LOAD .build/obj_crkbd_rev1_tensotha_helios/protocol/usb_device_state.o
LOAD .build/obj_crkbd_rev1_tensotha_helios/protocol/usb_util.o
LOAD .build/obj_crkbd_rev1_tensotha_helios/platforms/suspend.o
LOAD .build/obj_crkbd_rev1_tensotha_helios/platforms/synchronization_util.o
LOAD .build/obj_crkbd_rev1_tensotha_helios/platforms/timer.o
LOAD .build/obj_crkbd_rev1_tensotha_helios/platforms/chibios/hardware_id.o
LOAD .build/obj_crkbd_rev1_tensotha_helios/platforms/chibios/platform.o
LOAD .build/obj_crkbd_rev1_tensotha_helios/platforms/chibios/suspend.o
LOAD .build/obj_crkbd_rev1_tensotha_helios/platforms/chibios/timer.o
LOAD .build/obj_crkbd_rev1_tensotha_helios/platforms/chibios/bootloaders/rp2040.o
LOAD .build/obj_crkbd_rev1_tensotha_helios/serial_protocol.a
LOAD .build/obj_crkbd_rev1_tensotha_helios/serial_vendor.a
LOAD .build/obj_crkbd_rev1_tensotha_helios/i2c_master.a
LOAD .build/obj_crkbd_rev1_tensotha_helios/./lib/chibios/os/common/startup/ARMCMx/compilers/GCC/crt0_v6m.o
LOAD .build/obj_crkbd_rev1_tensotha_helios/./lib/chibios/os/common/startup/ARMCMx/compilers/GCC/vectors.o
LOAD .build/obj_crkbd_rev1_tensotha_helios/./lib/chibios/os/common/ports/ARMv6-M-RP2/compilers/GCC/chcoreasm.o
LOAD .build/obj_crkbd_rev1_tensotha_helios/protocol/chibios/usb_main.o
LOAD .build/obj_crkbd_rev1_tensotha_helios/protocol/chibios/chibios.o
LOAD .build/obj_crkbd_rev1_tensotha_helios/usb_descriptor.o
LOAD .build/obj_crkbd_rev1_tensotha_helios/protocol/chibios/usb_driver.o
LOAD .build/obj_crkbd_rev1_tensotha_helios/protocol/chibios/usb_endpoints.o
LOAD .build/obj_crkbd_rev1_tensotha_helios/protocol/chibios/usb_report_handling.o
LOAD .build/obj_crkbd_rev1_tensotha_helios/protocol/chibios/usb_util.o
LOAD .build/obj_crkbd_rev1_tensotha_helios/lib/chibios/os/common/startup/ARMCMx/compilers/GCC/crt1.o
LOAD .build/obj_crkbd_rev1_tensotha_helios/lib/chibios/os/rt/src/chsys.o
LOAD .build/obj_crkbd_rev1_tensotha_helios/lib/chibios/os/rt/src/chrfcu.o
LOAD .build/obj_crkbd_rev1_tensotha_helios/lib/chibios/os/rt/src/chdebug.o
LOAD .build/obj_crkbd_rev1_tensotha_helios/lib/chibios/os/rt/src/chtrace.o
LOAD .build/obj_crkbd_rev1_tensotha_helios/lib/chibios/os/rt/src/chvt.o
LOAD .build/obj_crkbd_rev1_tensotha_helios/lib/chibios/os/rt/src/chschd.o
LOAD .build/obj_crkbd_rev1_tensotha_helios/lib/chibios/os/rt/src/chinstances.o
LOAD .build/obj_crkbd_rev1_tensotha_helios/lib/chibios/os/rt/src/chthreads.o
LOAD .build/obj_crkbd_rev1_tensotha_helios/lib/chibios/os/rt/src/chtm.o
LOAD .build/obj_crkbd_rev1_tensotha_helios/lib/chibios/os/rt/src/chstats.o
LOAD .build/obj_crkbd_rev1_tensotha_helios/lib/chibios/os/rt/src/chregistry.o
LOAD .build/obj_crkbd_rev1_tensotha_helios/lib/chibios/os/rt/src/chsem.o
LOAD .build/obj_crkbd_rev1_tensotha_helios/lib/chibios/os/rt/src/chmtx.o
LOAD .build/obj_crkbd_rev1_tensotha_helios/lib/chibios/os/rt/src/chcond.o
LOAD .build/obj_crkbd_rev1_tensotha_helios/lib/chibios/os/rt/src/chevents.o
LOAD .build/obj_crkbd_rev1_tensotha_helios/lib/chibios/os/rt/src/chmsg.o
LOAD .build/obj_crkbd_rev1_tensotha_helios/lib/chibios/os/rt/src/chdynamic.o
LOAD .build/obj_crkbd_rev1_tensotha_helios/lib/chibios/os/common/ports/ARMv6-M-RP2/chcore.o
LOAD .build/obj_crkbd_rev1_tensotha_helios/lib/chibios/os/hal/osal/rt-nil/osal.o
LOAD .build/obj_crkbd_rev1_tensotha_helios/lib/chibios/os/oslib/src/chmboxes.o
LOAD .build/obj_crkbd_rev1_tensotha_helios/lib/chibios/os/oslib/src/chmemcore.o
LOAD .build/obj_crkbd_rev1_tensotha_helios/lib/chibios/os/oslib/src/chmemheaps.o
LOAD .build/obj_crkbd_rev1_tensotha_helios/lib/chibios/os/oslib/src/chmempools.o
LOAD .build/obj_crkbd_rev1_tensotha_helios/lib/chibios/os/oslib/src/chpipes.o
LOAD .build/obj_crkbd_rev1_tensotha_helios/lib/chibios/os/oslib/src/chobjcaches.o
LOAD .build/obj_crkbd_rev1_tensotha_helios/lib/chibios/os/oslib/src/chdelegates.o
LOAD .build/obj_crkbd_rev1_tensotha_helios/lib/chibios/os/oslib/src/chfactory.o
LOAD .build/obj_crkbd_rev1_tensotha_helios/lib/chibios/os/hal/src/hal.o
LOAD .build/obj_crkbd_rev1_tensotha_helios/lib/chibios/os/hal/src/hal_st.o
LOAD .build/obj_crkbd_rev1_tensotha_helios/lib/chibios/os/hal/src/hal_buffers.o
LOAD .build/obj_crkbd_rev1_tensotha_helios/lib/chibios/os/hal/src/hal_queues.o
LOAD .build/obj_crkbd_rev1_tensotha_helios/lib/chibios/os/hal/src/hal_flash.o
LOAD .build/obj_crkbd_rev1_tensotha_helios/lib/chibios/os/hal/src/hal_mmcsd.o
LOAD .build/obj_crkbd_rev1_tensotha_helios/lib/chibios/os/hal/src/hal_adc.o
LOAD .build/obj_crkbd_rev1_tensotha_helios/lib/chibios/os/hal/src/hal_can.o
LOAD .build/obj_crkbd_rev1_tensotha_helios/lib/chibios/os/hal/src/hal_crypto.o
LOAD .build/obj_crkbd_rev1_tensotha_helios/lib/chibios/os/hal/src/hal_dac.o
LOAD .build/obj_crkbd_rev1_tensotha_helios/lib/chibios/os/hal/src/hal_efl.o
LOAD .build/obj_crkbd_rev1_tensotha_helios/lib/chibios/os/hal/src/hal_gpt.o
LOAD .build/obj_crkbd_rev1_tensotha_helios/lib/chibios/os/hal/src/hal_i2c.o
LOAD .build/obj_crkbd_rev1_tensotha_helios/lib/chibios/os/hal/src/hal_i2s.o
LOAD .build/obj_crkbd_rev1_tensotha_helios/lib/chibios/os/hal/src/hal_icu.o
LOAD .build/obj_crkbd_rev1_tensotha_helios/lib/chibios/os/hal/src/hal_mac.o
LOAD .build/obj_crkbd_rev1_tensotha_helios/lib/chibios/os/hal/src/hal_mmc_spi.o
LOAD .build/obj_crkbd_rev1_tensotha_helios/lib/chibios/os/hal/src/hal_pal.o
LOAD .build/obj_crkbd_rev1_tensotha_helios/lib/chibios/os/hal/src/hal_pwm.o
LOAD .build/obj_crkbd_rev1_tensotha_helios/lib/chibios/os/hal/src/hal_rtc.o
LOAD .build/obj_crkbd_rev1_tensotha_helios/lib/chibios/os/hal/src/hal_sdc.o
LOAD .build/obj_crkbd_rev1_tensotha_helios/lib/chibios/os/hal/src/hal_serial.o
LOAD .build/obj_crkbd_rev1_tensotha_helios/lib/chibios/os/hal/src/hal_serial_usb.o
LOAD .build/obj_crkbd_rev1_tensotha_helios/lib/chibios/os/hal/src/hal_sio.o
LOAD .build/obj_crkbd_rev1_tensotha_helios/lib/chibios/os/hal/src/hal_spi.o
LOAD .build/obj_crkbd_rev1_tensotha_helios/lib/chibios/os/hal/src/hal_trng.o
LOAD .build/obj_crkbd_rev1_tensotha_helios/lib/chibios/os/hal/src/hal_uart.o
LOAD .build/obj_crkbd_rev1_tensotha_helios/lib/chibios/os/hal/src/hal_usb.o
LOAD .build/obj_crkbd_rev1_tensotha_helios/lib/chibios/os/hal/src/hal_wdg.o
LOAD .build/obj_crkbd_rev1_tensotha_helios/lib/chibios/os/hal/src/hal_wspi.o
LOAD .build/obj_crkbd_rev1_tensotha_helios/lib/chibios/os/hal/ports/common/ARMCMx/nvic.o
LOAD .build/obj_crkbd_rev1_tensotha_helios/lib/chibios/os/hal/ports/RP/RP2040/rp_isr.o
LOAD .build/obj_crkbd_rev1_tensotha_helios/lib/chibios/os/hal/ports/RP/RP2040/hal_lld.o
LOAD .build/obj_crkbd_rev1_tensotha_helios/lib/chibios/os/hal/ports/RP/LLD/DMAv1/rp_dma.o
LOAD .build/obj_crkbd_rev1_tensotha_helios/lib/chibios/os/hal/ports/RP/LLD/GPIOv1/hal_pal_lld.o
LOAD .build/obj_crkbd_rev1_tensotha_helios/lib/chibios/os/hal/ports/RP/LLD/SPIv1/hal_spi_lld.o
LOAD .build/obj_crkbd_rev1_tensotha_helios/lib/chibios/os/hal/ports/RP/LLD/TIMERv1/hal_st_lld.o
LOAD .build/obj_crkbd_rev1_tensotha_helios/lib/chibios/os/hal/ports/RP/LLD/UARTv1/hal_sio_lld.o
LOAD .build/obj_crkbd_rev1_tensotha_helios/lib/chibios/os/hal/ports/RP/LLD/RTCv1/hal_rtc_lld.o
LOAD .build/obj_crkbd_rev1_tensotha_helios/lib/chibios/os/hal/ports/RP/LLD/WDGv1/hal_wdg_lld.o
LOAD .build/obj_crkbd_rev1_tensotha_helios/lib/chibios-contrib/os/hal/ports/RP/LLD/I2Cv1/hal_i2c_lld.o
LOAD .build/obj_crkbd_rev1_tensotha_helios/lib/chibios-contrib/os/hal/ports/RP/LLD/PWMv1/hal_pwm_lld.o
LOAD .build/obj_crkbd_rev1_tensotha_helios/lib/chibios-contrib/os/hal/ports/RP/LLD/ADCv1/hal_adc_lld.o
LOAD .build/obj_crkbd_rev1_tensotha_helios/lib/chibios-contrib/os/hal/ports/RP/LLD/USBDv1/hal_usb_lld.o
LOAD .build/obj_crkbd_rev1_tensotha_helios/lib/chibios/os/hal/boards/RP_PICO_RP2040/board.o
LOAD .build/obj_crkbd_rev1_tensotha_helios/lib/chibios/os/hal/lib/streams/chprintf.o
LOAD .build/obj_crkbd_rev1_tensotha_helios/lib/chibios/os/hal/lib/streams/chscanf.o
LOAD .build/obj_crkbd_rev1_tensotha_helios/lib/chibios/os/hal/lib/streams/memstreams.o
LOAD .build/obj_crkbd_rev1_tensotha_helios/lib/chibios/os/hal/lib/streams/nullstreams.o
LOAD .build/obj_crkbd_rev1_tensotha_helios/lib/chibios/os/hal/lib/streams/bufstreams.o
LOAD .build/obj_crkbd_rev1_tensotha_helios/lib/chibios/os/various/syscalls.o
LOAD .build/obj_crkbd_rev1_tensotha_helios/platforms/chibios/syscall-fallbacks.o
LOAD .build/obj_crkbd_rev1_tensotha_helios/platforms/chibios/wait.o
LOAD .build/obj_crkbd_rev1_tensotha_helios/platforms/chibios/synchronization_util.o
LOAD .build/obj_crkbd_rev1_tensotha_helios/platforms/chibios/interrupt_handlers.o
LOAD .build/obj_crkbd_rev1_tensotha_helios/./lib/pico-sdk/src/rp2_common/hardware_clocks/clocks.o
LOAD .build/obj_crkbd_rev1_tensotha_helios/./lib/pico-sdk/src/rp2_common/hardware_pll/pll.o
LOAD .build/obj_crkbd_rev1_tensotha_helios/./lib/pico-sdk/src/rp2_common/hardware_pio/pio.o
LOAD .build/obj_crkbd_rev1_tensotha_helios/./lib/pico-sdk/src/rp2_common/hardware_timer/timer.o
LOAD .build/obj_crkbd_rev1_tensotha_helios/./lib/pico-sdk/src/rp2_common/hardware_flash/flash.o
LOAD .build/obj_crkbd_rev1_tensotha_helios/./lib/pico-sdk/src/rp2_common/hardware_gpio/gpio.o
LOAD .build/obj_crkbd_rev1_tensotha_helios/./lib/pico-sdk/src/rp2_common/hardware_claim/claim.o
LOAD .build/obj_crkbd_rev1_tensotha_helios/./lib/pico-sdk/src/rp2_common/hardware_watchdog/watchdog.o
LOAD .build/obj_crkbd_rev1_tensotha_helios/./lib/pico-sdk/src/rp2_common/hardware_xosc/xosc.o
LOAD .build/obj_crkbd_rev1_tensotha_helios/./lib/pico-sdk/src/rp2_common/pico_bootrom/bootrom.o
LOAD .build/obj_crkbd_rev1_tensotha_helios/platforms/chibios/vendors/RP/stage2_bootloaders.o
LOAD .build/obj_crkbd_rev1_tensotha_helios/platforms/chibios/vendors/RP/pico_sdk_shims.o
LOAD .build/obj_crkbd_rev1_tensotha_helios/./lib/pico-sdk/src/rp2_common/pico_divider/divider.o
LOAD .build/obj_crkbd_rev1_tensotha_helios/./lib/pico-sdk/src/rp2_common/pico_int64_ops/pico_int64_ops_aeabi.o
                0x00000800                        __process_stack_size__ = 0x800
                0x00000400                        __main_stack_size__ = 0x400
LOAD /opt/homebrew/Cellar/arm-none-eabi-gcc@8/8.5.0_2/lib/arm-none-eabi-gcc/8/gcc/arm-none-eabi/8.5.0/../../../../../../arm-none-eabi/lib/thumb/v6-m/nofp/libm.a
START GROUP
LOAD /opt/homebrew/Cellar/arm-none-eabi-gcc@8/8.5.0_2/lib/arm-none-eabi-gcc/8/gcc/arm-none-eabi/8.5.0/thumb/v6-m/nofp/libgcc.a
LOAD /opt/homebrew/Cellar/arm-none-eabi-gcc@8/8.5.0_2/lib/arm-none-eabi-gcc/8/gcc/arm-none-eabi/8.5.0/../../../../../../arm-none-eabi/lib/thumb/v6-m/nofp/libg_nano.a
LOAD /opt/homebrew/Cellar/arm-none-eabi-gcc@8/8.5.0_2/lib/arm-none-eabi-gcc/8/gcc/arm-none-eabi/8.5.0/../../../../../../arm-none-eabi/lib/thumb/v6-m/nofp/libc_nano.a
END GROUP
START GROUP
LOAD /opt/homebrew/Cellar/arm-none-eabi-gcc@8/8.5.0_2/lib/arm-none-eabi-gcc/8/gcc/arm-none-eabi/8.5.0/thumb/v6-m/nofp/libgcc.a
LOAD /opt/homebrew/Cellar/arm-none-eabi-gcc@8/8.5.0_2/lib/arm-none-eabi-gcc/8/gcc/arm-none-eabi/8.5.0/../../../../../../arm-none-eabi/lib/thumb/v6-m/nofp/libc_nano.a
END GROUP

.flash_begin    0x10000000        0x0
                0x10000000                        __flash_binary_start = .

.boot2          0x10000000      0x100
                0x10000000                        __boot2_start__ = .
 *(.boot2)
 .boot2         0x10000000      0x100 /var/folders/01/r6qc96lx1x7c0h1529l70j5m0000gn/T//ccqg8YyW.ltrans0.ltrans.o
                0x10000000                BOOT2_ROM
                0x10000100                        __boot2_end__ = .

.mstack         0x20040000      0x400
                0x20040000                        . = ALIGN (0x8)
                0x20040000                        __main_stack_base__ = .
                0x20040400                        . = (. + __main_stack_size__)
 *fill*         0x20040000      0x400 
                0x20040400                        . = ALIGN (0x8)
                0x20040400                        __main_stack_end__ = .

.pstack         0x20040400      0x800
                0x20040400                        . = ALIGN (0x8)
                0x20040400                        __process_stack_base__ = .
                0x20040400                        __main_thread_stack_base__ = .
                0x20040c00                        . = (. + __process_stack_size__)
 *fill*         0x20040400      0x800 
                0x20040c00                        . = ALIGN (0x8)
                0x20040c00                        __process_stack_end__ = .
                0x20040c00                        __main_thread_stack_end__ = .
                0x00000400                        __c1_main_stack_size__ = __main_stack_size__
                0x00000800                        __c1_process_stack_size__ = __process_stack_size__

.c1_mstack      0x20041000      0x400
                0x20041000                        . = ALIGN (0x8)
                0x20041000                        __c1_main_stack_base__ = .
                0x20041400                        . = (. + __c1_main_stack_size__)
 *fill*         0x20041000      0x400 
                0x20041400                        . = ALIGN (0x8)
                0x20041400                        __c1_main_stack_end__ = .

.c1_pstack      0x20041400      0x800
                0x20041400                        . = ALIGN (0x8)
                0x20041400                        __c1_process_stack_base__ = .
                0x20041400                        __c1_main_thread_stack_base__ = .
                0x20041c00                        . = (. + __c1_process_stack_size__)
 *fill*         0x20041400      0x800 
                0x20041c00                        . = ALIGN (0x8)
                0x20041c00                        __c1_process_stack_end__ = .
                0x20041c00                        __c1_main_thread_stack_end__ = .

.vectors        0x10000100       0xc0
                0x10000100                        __textvectors_base__ = LOADADDR (.vectors)
                0x10000100                        __vectors_base__ = .
 *(.vectors)
 .vectors       0x10000100       0xc0 .build/obj_crkbd_rev1_tensotha_helios/./lib/chibios/os/common/startup/ARMCMx/compilers/GCC/vectors.o
                0x10000100                _vectors
                0x100001c0                        __vectors_end__ = .

.xtors          0x100001c0        0x0
                0x100001c0                        __init_array_base__ = .
 *(SORT_BY_NAME(.init_array.*))
 *(.init_array)
                0x100001c0                        __init_array_end__ = .
                0x100001c0                        __fini_array_base__ = .
 *(.fini_array)
 *(SORT_BY_NAME(.fini_array.*))
                0x100001c0                        __fini_array_end__ = .

.text           0x100001c0     0xa7f0
                0x100001c0                        __text_base__ = .
 *(.text)
 .text          0x100001c0      0x104 .build/obj_crkbd_rev1_tensotha_helios/./lib/chibios/os/common/startup/ARMCMx/compilers/GCC/crt0_v6m.o
                0x100001c0                _crt0_entry
 .text          0x100002c4        0x8 .build/obj_crkbd_rev1_tensotha_helios/./lib/chibios/os/common/startup/ARMCMx/compilers/GCC/vectors.o
                0x100002c4                Reset_Handler
                0x100002c6                Vector9C
                0x100002c6                VectorAC
                0x100002c6                DebugMon_Handler
                0x100002c6                HardFault_Handler
                0x100002c6                Vector8C
                0x100002c6                SysTick_Handler
                0x100002c6                PendSV_Handler
                0x100002c6                Vector94
                0x100002c6                VectorA8
                0x100002c6                VectorB4
                0x100002c6                Vector74
                0x100002c6                UsageFault_Handler
                0x100002c6                VectorBC
                0x100002c6                Vector64
                0x100002c6                Vector24
                0x100002c6                Vector84
                0x100002c6                SecureFault_Handler
                0x100002c6                MemManage_Handler
                0x100002c6                SVC_Handler
                0x100002c6                VectorB0
                0x100002c6                Vector90
                0x100002c6                Vector60
                0x100002c6                Vector68
                0x100002c6                Vector78
                0x100002c6                Vector20
                0x100002c6                Vector58
                0x100002c6                Vector88
                0x100002c6                BusFault_Handler
                0x100002c6                Vector50
                0x100002c6                Vector28
                0x100002c6                VectorB8
                0x100002c6                Vector34
                0x100002c6                VectorA4
                0x100002ca                _unhandled_exception
 .text          0x100002cc       0x48 .build/obj_crkbd_rev1_tensotha_helios/./lib/chibios/os/common/ports/ARMv6-M-RP2/compilers/GCC/chcoreasm.o
                0x100002cc                __port_switch
                0x100002ec                __port_thread_start
                0x100002fe                __port_switch_from_isr
                0x10000302                __port_exit_from_isr
 .text          0x10000314        0x4 /opt/homebrew/Cellar/arm-none-eabi-gcc@8/8.5.0_2/lib/arm-none-eabi-gcc/8/gcc/arm-none-eabi/8.5.0/thumb/v6-m/nofp/libgcc.a(_dvmd_tls.o)
                0x10000314                __aeabi_ldiv0
                0x10000314                __aeabi_idiv0
 .text          0x10000318       0x30 /opt/homebrew/Cellar/arm-none-eabi-gcc@8/8.5.0_2/lib/arm-none-eabi-gcc/8/gcc/arm-none-eabi/8.5.0/thumb/v6-m/nofp/libgcc.a(_fixunssfsi.o)
                0x10000318                __aeabi_f2uiz
                0x10000318                __fixunssfsi
 .text          0x10000348      0x230 /opt/homebrew/Cellar/arm-none-eabi-gcc@8/8.5.0_2/lib/arm-none-eabi-gcc/8/gcc/arm-none-eabi/8.5.0/thumb/v6-m/nofp/libgcc.a(divsf3.o)
                0x10000348                __aeabi_fdiv
 .text          0x10000578      0x22c /opt/homebrew/Cellar/arm-none-eabi-gcc@8/8.5.0_2/lib/arm-none-eabi-gcc/8/gcc/arm-none-eabi/8.5.0/thumb/v6-m/nofp/libgcc.a(mulsf3.o)
                0x10000578                __aeabi_fmul
 .text          0x100007a4      0x344 /opt/homebrew/Cellar/arm-none-eabi-gcc@8/8.5.0_2/lib/arm-none-eabi-gcc/8/gcc/arm-none-eabi/8.5.0/thumb/v6-m/nofp/libgcc.a(subsf3.o)
                0x100007a4                __aeabi_fsub
 .text          0x10000ae8       0x40 /opt/homebrew/Cellar/arm-none-eabi-gcc@8/8.5.0_2/lib/arm-none-eabi-gcc/8/gcc/arm-none-eabi/8.5.0/thumb/v6-m/nofp/libgcc.a(fixsfsi.o)
                0x10000ae8                __aeabi_f2iz
 .text          0x10000b28       0x80 /opt/homebrew/Cellar/arm-none-eabi-gcc@8/8.5.0_2/lib/arm-none-eabi-gcc/8/gcc/arm-none-eabi/8.5.0/thumb/v6-m/nofp/libgcc.a(floatunsisf.o)
                0x10000b28                __aeabi_ui2f
 .text          0x10000ba8       0x74 /opt/homebrew/Cellar/arm-none-eabi-gcc@8/8.5.0_2/lib/arm-none-eabi-gcc/8/gcc/arm-none-eabi/8.5.0/thumb/v6-m/nofp/libgcc.a(_arm_cmpsf2.o)
                0x10000ba8                __aeabi_cfrcmple
                0x10000bb0                __aeabi_cfcmple
                0x10000bb0                __aeabi_cfcmpeq
                0x10000bc0                __aeabi_fcmpeq
                0x10000bcc                __aeabi_fcmplt
                0x10000be0                __aeabi_fcmple
                0x10000bf4                __aeabi_fcmpgt
                0x10000c08                __aeabi_fcmpge
 .text          0x10000c1c       0x3c /opt/homebrew/Cellar/arm-none-eabi-gcc@8/8.5.0_2/lib/arm-none-eabi-gcc/8/gcc/arm-none-eabi/8.5.0/thumb/v6-m/nofp/libgcc.a(_clzsi2.o)
                0x10000c1c                __clzsi2
 .text          0x10000c58       0x50 /opt/homebrew/Cellar/arm-none-eabi-gcc@8/8.5.0_2/lib/arm-none-eabi-gcc/8/gcc/arm-none-eabi/8.5.0/thumb/v6-m/nofp/libgcc.a(eqsf2.o)
                0x10000c58                __nesf2
                0x10000c58                __eqsf2
 .text          0x10000ca8       0x98 /opt/homebrew/Cellar/arm-none-eabi-gcc@8/8.5.0_2/lib/arm-none-eabi-gcc/8/gcc/arm-none-eabi/8.5.0/thumb/v6-m/nofp/libgcc.a(gesf2.o)
                0x10000ca8                __gtsf2
                0x10000ca8                __gesf2
 .text          0x10000d40       0x94 /opt/homebrew/Cellar/arm-none-eabi-gcc@8/8.5.0_2/lib/arm-none-eabi-gcc/8/gcc/arm-none-eabi/8.5.0/thumb/v6-m/nofp/libgcc.a(lesf2.o)
                0x10000d40                __lesf2
                0x10000d40                __ltsf2
 .text          0x10000dd4       0x14 /opt/homebrew/Cellar/arm-none-eabi-gcc@8/8.5.0_2/lib/arm-none-eabi-gcc/8/gcc/arm-none-eabi/8.5.0/thumb/v6-m/nofp/libgcc.a(_thumb1_case_sqi.o)
                0x10000dd4                __gnu_thumb1_case_sqi
 .text          0x10000de8       0x14 /opt/homebrew/Cellar/arm-none-eabi-gcc@8/8.5.0_2/lib/arm-none-eabi-gcc/8/gcc/arm-none-eabi/8.5.0/thumb/v6-m/nofp/libgcc.a(_thumb1_case_uqi.o)
                0x10000de8                __gnu_thumb1_case_uqi
 .text          0x10000dfc       0x14 /opt/homebrew/Cellar/arm-none-eabi-gcc@8/8.5.0_2/lib/arm-none-eabi-gcc/8/gcc/arm-none-eabi/8.5.0/thumb/v6-m/nofp/libgcc.a(_thumb1_case_shi.o)
                0x10000dfc                __gnu_thumb1_case_shi
 .text          0x10000e10       0x14 /opt/homebrew/Cellar/arm-none-eabi-gcc@8/8.5.0_2/lib/arm-none-eabi-gcc/8/gcc/arm-none-eabi/8.5.0/thumb/v6-m/nofp/libgcc.a(_thumb1_case_uhi.o)
                0x10000e10                __gnu_thumb1_case_uhi
 .text          0x10000e24       0x40 /opt/homebrew/Cellar/arm-none-eabi-gcc@8/8.5.0_2/lib/arm-none-eabi-gcc/8/gcc/arm-none-eabi/8.5.0/thumb/v6-m/nofp/libgcc.a(_ctzsi2.o)
                0x10000e24                __ctzsi2
 .text          0x10000e64       0xa8 /opt/homebrew/Cellar/arm-none-eabi-gcc@8/8.5.0_2/lib/arm-none-eabi-gcc/8/gcc/arm-none-eabi/8.5.0/../../../../../../arm-none-eabi/lib/thumb/v6-m/nofp/libg_nano.a(lib_a-memcpy-stub.o)
                0x10000e64                memcpy
 .text          0x10000f0c       0xe8 /opt/homebrew/Cellar/arm-none-eabi-gcc@8/8.5.0_2/lib/arm-none-eabi-gcc/8/gcc/arm-none-eabi/8.5.0/../../../../../../arm-none-eabi/lib/thumb/v6-m/nofp/libg_nano.a(lib_a-rand.o)
                0x10000f0c                srand
                0x10000f6c                rand
 .text          0x10000ff4       0x4c /opt/homebrew/Cellar/arm-none-eabi-gcc@8/8.5.0_2/lib/arm-none-eabi-gcc/8/gcc/arm-none-eabi/8.5.0/../../../../../../arm-none-eabi/lib/thumb/v6-m/nofp/libg_nano.a(lib_a-assert.o)
                0x10000ff4                __assert_func
                0x10001034                __assert
 .text          0x10001040       0x3c /opt/homebrew/Cellar/arm-none-eabi-gcc@8/8.5.0_2/lib/arm-none-eabi-gcc/8/gcc/arm-none-eabi/8.5.0/../../../../../../arm-none-eabi/lib/thumb/v6-m/nofp/libg_nano.a(lib_a-fprintf.o)
                0x10001040                _fprintf_r
                0x10001040                _fiprintf_r
                0x10001058                fprintf
                0x10001058                fiprintf
 .text          0x1000107c       0x28 /opt/homebrew/Cellar/arm-none-eabi-gcc@8/8.5.0_2/lib/arm-none-eabi-gcc/8/gcc/arm-none-eabi/8.5.0/../../../../../../arm-none-eabi/lib/thumb/v6-m/nofp/libg_nano.a(lib_a-malloc.o)
                0x1000107c                malloc
                0x10001090                free
 .text          0x100010a4       0xac /opt/homebrew/Cellar/arm-none-eabi-gcc@8/8.5.0_2/lib/arm-none-eabi-gcc/8/gcc/arm-none-eabi/8.5.0/../../../../../../arm-none-eabi/lib/thumb/v6-m/nofp/libg_nano.a(lib_a-nano-freer.o)
                0x100010a4                _free_r
 .text          0x10001150       0xcc /opt/homebrew/Cellar/arm-none-eabi-gcc@8/8.5.0_2/lib/arm-none-eabi-gcc/8/gcc/arm-none-eabi/8.5.0/../../../../../../arm-none-eabi/lib/thumb/v6-m/nofp/libg_nano.a(lib_a-nano-mallocr.o)
                0x10001150                _malloc_r
 .text          0x1000121c      0x3cc /opt/homebrew/Cellar/arm-none-eabi-gcc@8/8.5.0_2/lib/arm-none-eabi-gcc/8/gcc/arm-none-eabi/8.5.0/../../../../../../arm-none-eabi/lib/thumb/v6-m/nofp/libg_nano.a(lib_a-nano-vfprintf.o)
                0x10001244                __sfputs_r
                0x10001270                __sprint_r
                0x1000128c                _vfiprintf_r
                0x1000128c                _vfprintf_r
                0x100015d0                vfiprintf
                0x100015d0                vfprintf
 .text          0x100015e8      0x3d8 /opt/homebrew/Cellar/arm-none-eabi-gcc@8/8.5.0_2/lib/arm-none-eabi-gcc/8/gcc/arm-none-eabi/8.5.0/../../../../../../arm-none-eabi/lib/thumb/v6-m/nofp/libg_nano.a(lib_a-nano-vfprintf_i.o)
                0x100015e8                _printf_common
                0x10001718                _printf_i
 .text          0x100019c0       0xec /opt/homebrew/Cellar/arm-none-eabi-gcc@8/8.5.0_2/lib/arm-none-eabi-gcc/8/gcc/arm-none-eabi/8.5.0/../../../../../../arm-none-eabi/lib/thumb/v6-m/nofp/libg_nano.a(lib_a-wbuf.o)
                0x100019c0                __swbuf_r
                0x10001a94                __swbuf
 .text          0x10001aac      0x10c /opt/homebrew/Cellar/arm-none-eabi-gcc@8/8.5.0_2/lib/arm-none-eabi-gcc/8/gcc/arm-none-eabi/8.5.0/../../../../../../arm-none-eabi/lib/thumb/v6-m/nofp/libg_nano.a(lib_a-wsetup.o)
                0x10001aac                __swsetup_r
 .text          0x10001bb8       0x10 /opt/homebrew/Cellar/arm-none-eabi-gcc@8/8.5.0_2/lib/arm-none-eabi-gcc/8/gcc/arm-none-eabi/8.5.0/../../../../../../arm-none-eabi/lib/thumb/v6-m/nofp/libg_nano.a(lib_a-abort.o)
                0x10001bb8                abort
 .text          0x10001bc8      0x1e4 /opt/homebrew/Cellar/arm-none-eabi-gcc@8/8.5.0_2/lib/arm-none-eabi-gcc/8/gcc/arm-none-eabi/8.5.0/../../../../../../arm-none-eabi/lib/thumb/v6-m/nofp/libg_nano.a(lib_a-fflush.o)
                0x10001bc8                __sflush_r
                0x10001cfc                _fflush_r
                0x10001d84                fflush
 .text          0x10001dac      0x2dc /opt/homebrew/Cellar/arm-none-eabi-gcc@8/8.5.0_2/lib/arm-none-eabi-gcc/8/gcc/arm-none-eabi/8.5.0/../../../../../../arm-none-eabi/lib/thumb/v6-m/nofp/libg_nano.a(lib_a-findfp.o)
                0x10001dac                _cleanup_r
                0x10001df4                __sfmoreglue
                0x10001e24                _cleanup
                0x10001e3c                __sinit
                0x10001f64                __sfp
                0x10002008                __sfp_lock_acquire
                0x10002018                __sfp_lock_release
                0x10002028                __sinit_lock_acquire
                0x10002038                __sinit_lock_release
                0x10002048                __fp_lock_all
                0x10002068                __fp_unlock_all
 .text          0x10002088      0x320 /opt/homebrew/Cellar/arm-none-eabi-gcc@8/8.5.0_2/lib/arm-none-eabi-gcc/8/gcc/arm-none-eabi/8.5.0/../../../../../../arm-none-eabi/lib/thumb/v6-m/nofp/libg_nano.a(lib_a-fvwrite.o)
                0x10002088                __sfvwrite_r
 .text          0x100023a8       0x90 /opt/homebrew/Cellar/arm-none-eabi-gcc@8/8.5.0_2/lib/arm-none-eabi-gcc/8/gcc/arm-none-eabi/8.5.0/../../../../../../arm-none-eabi/lib/thumb/v6-m/nofp/libg_nano.a(lib_a-fwalk.o)
                0x100023a8                _fwalk
                0x100023ec                _fwalk_reent
 .text          0x10002438       0x28 /opt/homebrew/Cellar/arm-none-eabi-gcc@8/8.5.0_2/lib/arm-none-eabi-gcc/8/gcc/arm-none-eabi/8.5.0/../../../../../../arm-none-eabi/lib/thumb/v6-m/nofp/libg_nano.a(lib_a-lock.o)
                0x10002438                __retarget_lock_init
                0x1000243c                __retarget_lock_init_recursive
                0x10002440                __retarget_lock_close
                0x10002444                __retarget_lock_close_recursive
                0x10002448                __retarget_lock_acquire
                0x1000244c                __retarget_lock_acquire_recursive
                0x10002450                __retarget_lock_try_acquire
                0x10002454                __retarget_lock_try_acquire_recursive
                0x10002458                __retarget_lock_release
                0x1000245c                __retarget_lock_release_recursive
 .text          0x10002460       0xe0 /opt/homebrew/Cellar/arm-none-eabi-gcc@8/8.5.0_2/lib/arm-none-eabi-gcc/8/gcc/arm-none-eabi/8.5.0/../../../../../../arm-none-eabi/lib/thumb/v6-m/nofp/libg_nano.a(lib_a-makebuf.o)
                0x10002460                __swhatbuf_r
                0x100024b0                __smakebuf_r
 .text          0x10002540       0x80 /opt/homebrew/Cellar/arm-none-eabi-gcc@8/8.5.0_2/lib/arm-none-eabi-gcc/8/gcc/arm-none-eabi/8.5.0/../../../../../../arm-none-eabi/lib/thumb/v6-m/nofp/libg_nano.a(lib_a-memchr-stub.o)
                0x10002540                memchr
 .text          0x100025c0       0xbc /opt/homebrew/Cellar/arm-none-eabi-gcc@8/8.5.0_2/lib/arm-none-eabi-gcc/8/gcc/arm-none-eabi/8.5.0/../../../../../../arm-none-eabi/lib/thumb/v6-m/nofp/libg_nano.a(lib_a-memmove.o)
                0x100025c0                memmove
 .text          0x1000267c       0xa8 /opt/homebrew/Cellar/arm-none-eabi-gcc@8/8.5.0_2/lib/arm-none-eabi-gcc/8/gcc/arm-none-eabi/8.5.0/../../../../../../arm-none-eabi/lib/thumb/v6-m/nofp/libg_nano.a(lib_a-memset.o)
                0x1000267c                memset
 .text          0x10002724       0x20 /opt/homebrew/Cellar/arm-none-eabi-gcc@8/8.5.0_2/lib/arm-none-eabi-gcc/8/gcc/arm-none-eabi/8.5.0/../../../../../../arm-none-eabi/lib/thumb/v6-m/nofp/libg_nano.a(lib_a-mlock.o)
                0x10002724                __malloc_lock
                0x10002734                __malloc_unlock
 .text          0x10002744       0x50 /opt/homebrew/Cellar/arm-none-eabi-gcc@8/8.5.0_2/lib/arm-none-eabi-gcc/8/gcc/arm-none-eabi/8.5.0/../../../../../../arm-none-eabi/lib/thumb/v6-m/nofp/libg_nano.a(lib_a-nano-reallocr.o)
                0x10002744                _realloc_r
 .text          0x10002794      0x178 /opt/homebrew/Cellar/arm-none-eabi-gcc@8/8.5.0_2/lib/arm-none-eabi-gcc/8/gcc/arm-none-eabi/8.5.0/../../../../../../arm-none-eabi/lib/thumb/v6-m/nofp/libg_nano.a(lib_a-signal.o)
                0x100027bc                _init_signal_r
                0x100027d4                _signal_r
                0x1000280c                _raise_r
                0x10002864                __sigtramp_r
                0x100028b0                raise
                0x100028c4                signal
                0x100028dc                _init_signal
                0x100028f8                __sigtramp
 .text          0x1000290c       0x30 /opt/homebrew/Cellar/arm-none-eabi-gcc@8/8.5.0_2/lib/arm-none-eabi-gcc/8/gcc/arm-none-eabi/8.5.0/../../../../../../arm-none-eabi/lib/thumb/v6-m/nofp/libg_nano.a(lib_a-signalr.o)
                0x1000290c                _kill_r
                0x10002934                _getpid_r
 .text          0x1000293c       0xa4 /opt/homebrew/Cellar/arm-none-eabi-gcc@8/8.5.0_2/lib/arm-none-eabi-gcc/8/gcc/arm-none-eabi/8.5.0/../../../../../../arm-none-eabi/lib/thumb/v6-m/nofp/libg_nano.a(lib_a-stdio.o)
                0x1000293c                __sread
                0x10002964                __seofread
                0x10002968                __swrite
                0x100029a8                __sseek
                0x100029d4                __sclose
 .text          0x100029e0       0x14 /opt/homebrew/Cellar/arm-none-eabi-gcc@8/8.5.0_2/lib/arm-none-eabi-gcc/8/gcc/arm-none-eabi/8.5.0/../../../../../../arm-none-eabi/lib/thumb/v6-m/nofp/libg_nano.a(lib_a-nano-msizer.o)
                0x100029e0                _malloc_usable_size_r
 .text          0x100029f4       0x50 /opt/homebrew/Cellar/arm-none-eabi-gcc@8/8.5.0_2/lib/arm-none-eabi-gcc/8/gcc/arm-none-eabi/8.5.0/../../../../../../arm-none-eabi/lib/thumb/v6-m/nofp/libg_nano.a(lib_a-memcmp.o)
                0x100029f4                memcmp
 .text          0x10002a44       0x68 /opt/homebrew/Cellar/arm-none-eabi-gcc@8/8.5.0_2/lib/arm-none-eabi-gcc/8/gcc/arm-none-eabi/8.5.0/../../../../../../arm-none-eabi/lib/thumb/v6-m/nofp/libg_nano.a(lib_a-strlen-stub.o)
                0x10002a44                strlen
 *(.text.*)
 .text.read_source_layers_cache_impl.constprop.124
                0x10002aac       0x2c /var/folders/01/r6qc96lx1x7c0h1529l70j5m0000gn/T//ccqg8YyW.ltrans0.ltrans.o
 .text.update_source_layers_cache_impl.constprop.123
                0x10002ad8       0x38 /var/folders/01/r6qc96lx1x7c0h1529l70j5m0000gn/T//ccqg8YyW.ltrans0.ltrans.o
 .text.chSysHalt
                0x10002b10       0x24 /var/folders/01/r6qc96lx1x7c0h1529l70j5m0000gn/T//ccqg8YyW.ltrans0.ltrans.o
 .text.waiting_buffer_typed.isra.2.constprop.102
                0x10002b34       0x40 /var/folders/01/r6qc96lx1x7c0h1529l70j5m0000gn/T//ccqg8YyW.ltrans0.ltrans.o
 .text.crc8.constprop.92
                0x10002b74       0x2c /var/folders/01/r6qc96lx1x7c0h1529l70j5m0000gn/T//ccqg8YyW.ltrans0.ltrans.o
 .text.clock_configure.part.0.constprop.50
                0x10002ba0       0xc4 /var/folders/01/r6qc96lx1x7c0h1529l70j5m0000gn/T//ccqg8YyW.ltrans0.ltrans.o
 .text._usb_wakeup.constprop.6
                0x10002c64       0x24 /var/folders/01/r6qc96lx1x7c0h1529l70j5m0000gn/T//ccqg8YyW.ltrans0.ltrans.o
 .text.clocks_init
                0x10002c88      0x198 /var/folders/01/r6qc96lx1x7c0h1529l70j5m0000gn/T//ccqg8YyW.ltrans0.ltrans.o
 .text.usb_prepare_out_ep
                0x10002e20       0x90 /var/folders/01/r6qc96lx1x7c0h1529l70j5m0000gn/T//ccqg8YyW.ltrans0.ltrans.o
 .text.usbStartReceiveI.constprop.9
                0x10002eb0       0x36 /var/folders/01/r6qc96lx1x7c0h1529l70j5m0000gn/T//ccqg8YyW.ltrans0.ltrans.o
 *fill*         0x10002ee6        0x2 
 .text.usb_isochronous_buffer_size
                0x10002ee8       0x44 /var/folders/01/r6qc96lx1x7c0h1529l70j5m0000gn/T//ccqg8YyW.ltrans0.ltrans.o
 .text.hal_lld_peripheral_unreset.lto_priv.136
                0x10002f2c       0x14 /var/folders/01/r6qc96lx1x7c0h1529l70j5m0000gn/T//ccqg8YyW.ltrans0.ltrans.o
 .text.port_unlock.lto_priv.143
                0x10002f40       0x12 /var/folders/01/r6qc96lx1x7c0h1529l70j5m0000gn/T//ccqg8YyW.ltrans0.ltrans.o
 .text.port_lock.lto_priv.165
                0x10002f52       0x16 /var/folders/01/r6qc96lx1x7c0h1529l70j5m0000gn/T//ccqg8YyW.ltrans0.ltrans.o
 .text.i2c_lld_disableS
                0x10002f68       0x64 /var/folders/01/r6qc96lx1x7c0h1529l70j5m0000gn/T//ccqg8YyW.ltrans0.ltrans.o
 .text.serve_interrupt
                0x10002fcc       0x28 /var/folders/01/r6qc96lx1x7c0h1529l70j5m0000gn/T//ccqg8YyW.ltrans0.ltrans.o
 .text.set_address
                0x10002ff4       0x30 /var/folders/01/r6qc96lx1x7c0h1529l70j5m0000gn/T//ccqg8YyW.ltrans0.ltrans.o
 .text.obqPostFullBufferS
                0x10003024       0x2a /var/folders/01/r6qc96lx1x7c0h1529l70j5m0000gn/T//ccqg8YyW.ltrans0.ltrans.o
 .text.obqGetFullBufferI
                0x1000304e       0x1c /var/folders/01/r6qc96lx1x7c0h1529l70j5m0000gn/T//ccqg8YyW.ltrans0.ltrans.o
 .text.ch_sch_prio_insert
                0x1000306a       0x1e /var/folders/01/r6qc96lx1x7c0h1529l70j5m0000gn/T//ccqg8YyW.ltrans0.ltrans.o
 .text.__idle_thread
                0x10003088        0x4 /var/folders/01/r6qc96lx1x7c0h1529l70j5m0000gn/T//ccqg8YyW.ltrans0.ltrans.o
 .text.__sch_ready_ahead
                0x1000308c       0x1c /var/folders/01/r6qc96lx1x7c0h1529l70j5m0000gn/T//ccqg8YyW.ltrans0.ltrans.o
 .text.__sch_ready_behind
                0x100030a8       0x1c /var/folders/01/r6qc96lx1x7c0h1529l70j5m0000gn/T//ccqg8YyW.ltrans0.ltrans.o
 .text.__sch_wakeup
                0x100030c4       0x42 /var/folders/01/r6qc96lx1x7c0h1529l70j5m0000gn/T//ccqg8YyW.ltrans0.ltrans.o
 *fill*         0x10003106        0x2 
 .text.chSchReadyI
                0x10003108       0x2c /var/folders/01/r6qc96lx1x7c0h1529l70j5m0000gn/T//ccqg8YyW.ltrans0.ltrans.o
 .text.chThdDequeueAllI.constprop.73
                0x10003134       0x1e /var/folders/01/r6qc96lx1x7c0h1529l70j5m0000gn/T//ccqg8YyW.ltrans0.ltrans.o
 .text.obqResetI
                0x10003152       0x18 /var/folders/01/r6qc96lx1x7c0h1529l70j5m0000gn/T//ccqg8YyW.ltrans0.ltrans.o
 *fill*         0x1000316a        0x2 
 .text.vt_insert_first
                0x1000316c       0x78 /var/folders/01/r6qc96lx1x7c0h1529l70j5m0000gn/T//ccqg8YyW.ltrans0.ltrans.o
 .text.vt_set_alarm
                0x100031e4       0x4c /var/folders/01/r6qc96lx1x7c0h1529l70j5m0000gn/T//ccqg8YyW.ltrans0.ltrans.o
 .text.ch_dlist_insert
                0x10003230       0x2a /var/folders/01/r6qc96lx1x7c0h1529l70j5m0000gn/T//ccqg8YyW.ltrans0.ltrans.o
 *fill*         0x1000325a        0x2 
 .text.chVTDoTickI
                0x1000325c       0xcc /var/folders/01/r6qc96lx1x7c0h1529l70j5m0000gn/T//ccqg8YyW.ltrans0.ltrans.o
 .text.usb_shared_idle_timer_elapsed
                0x10003328       0x60 /var/folders/01/r6qc96lx1x7c0h1529l70j5m0000gn/T//ccqg8YyW.ltrans0.ltrans.o
 .text.usb_shared_get_idle_rate
                0x10003388       0x18 /var/folders/01/r6qc96lx1x7c0h1529l70j5m0000gn/T//ccqg8YyW.ltrans0.ltrans.o
 .text.usb_shared_set_idle_rate
                0x100033a0       0x24 /var/folders/01/r6qc96lx1x7c0h1529l70j5m0000gn/T//ccqg8YyW.ltrans0.ltrans.o
 .text.usb_idle_timer_elapsed
                0x100033c4       0x58 /var/folders/01/r6qc96lx1x7c0h1529l70j5m0000gn/T//ccqg8YyW.ltrans0.ltrans.o
 .text.usb_get_idle_rate
                0x1000341c        0xe /var/folders/01/r6qc96lx1x7c0h1529l70j5m0000gn/T//ccqg8YyW.ltrans0.ltrans.o
 *fill*         0x1000342a        0x2 
 .text.usb_set_idle_rate
                0x1000342c       0x1c /var/folders/01/r6qc96lx1x7c0h1529l70j5m0000gn/T//ccqg8YyW.ltrans0.ltrans.o
 .text.usb_endpoint_in_is_inactive
                0x10003448       0x32 /var/folders/01/r6qc96lx1x7c0h1529l70j5m0000gn/T//ccqg8YyW.ltrans0.ltrans.o
 *fill*         0x1000347a        0x2 
 .text.keyboard_leds
                0x1000347c        0xc /var/folders/01/r6qc96lx1x7c0h1529l70j5m0000gn/T//ccqg8YyW.ltrans0.ltrans.o
 .text.usb_requests_hook_cb
                0x10003488      0x1cc /var/folders/01/r6qc96lx1x7c0h1529l70j5m0000gn/T//ccqg8YyW.ltrans0.ltrans.o
 .text.set_led_transfer_cb
                0x10003654       0x2c /var/folders/01/r6qc96lx1x7c0h1529l70j5m0000gn/T//ccqg8YyW.ltrans0.ltrans.o
 .text.usb_event_queue_enqueue
                0x10003680       0x30 /var/folders/01/r6qc96lx1x7c0h1529l70j5m0000gn/T//ccqg8YyW.ltrans0.ltrans.o
 .text.usb_get_descriptor_cb
                0x100036b0       0xa4 /var/folders/01/r6qc96lx1x7c0h1529l70j5m0000gn/T//ccqg8YyW.ltrans0.ltrans.o
 .text.bootloader_jump
                0x10003754       0x1c /var/folders/01/r6qc96lx1x7c0h1529l70j5m0000gn/T//ccqg8YyW.ltrans0.ltrans.o
 .text.timer_read32
                0x10003770       0x7c /var/folders/01/r6qc96lx1x7c0h1529l70j5m0000gn/T//ccqg8YyW.ltrans0.ltrans.o
 .text.del_key_from_report
                0x100037ec       0x58 /var/folders/01/r6qc96lx1x7c0h1529l70j5m0000gn/T//ccqg8YyW.ltrans0.ltrans.o
 .text.add_key_to_report
                0x10003844       0x68 /var/folders/01/r6qc96lx1x7c0h1529l70j5m0000gn/T//ccqg8YyW.ltrans0.ltrans.o
 .text.host_consumer_send
                0x100038ac       0x34 /var/folders/01/r6qc96lx1x7c0h1529l70j5m0000gn/T//ccqg8YyW.ltrans0.ltrans.o
 .text.host_system_send
                0x100038e0       0x34 /var/folders/01/r6qc96lx1x7c0h1529l70j5m0000gn/T//ccqg8YyW.ltrans0.ltrans.o
 .text.host_keyboard_leds
                0x10003914       0x20 /var/folders/01/r6qc96lx1x7c0h1529l70j5m0000gn/T//ccqg8YyW.ltrans0.ltrans.o
 .text.mousekey_send
                0x10003934       0x44 /var/folders/01/r6qc96lx1x7c0h1529l70j5m0000gn/T//ccqg8YyW.ltrans0.ltrans.o
 .text.mousekey_off
                0x10003978       0xf0 /var/folders/01/r6qc96lx1x7c0h1529l70j5m0000gn/T//ccqg8YyW.ltrans0.ltrans.o
 .text.wheel_unit
                0x10003a68       0x4c /var/folders/01/r6qc96lx1x7c0h1529l70j5m0000gn/T//ccqg8YyW.ltrans0.ltrans.o
 .text.move_unit
                0x10003ab4       0x40 /var/folders/01/r6qc96lx1x7c0h1529l70j5m0000gn/T//ccqg8YyW.ltrans0.ltrans.o
 .text.mousekey_on
                0x10003af4       0xb4 /var/folders/01/r6qc96lx1x7c0h1529l70j5m0000gn/T//ccqg8YyW.ltrans0.ltrans.o
 .text.times_inv_sqrt2
                0x10003ba8       0x1a /var/folders/01/r6qc96lx1x7c0h1529l70j5m0000gn/T//ccqg8YyW.ltrans0.ltrans.o
 *fill*         0x10003bc2        0x2 
 .text.ws2812_dma_callback
                0x10003bc4       0x8c /var/folders/01/r6qc96lx1x7c0h1529l70j5m0000gn/T//ccqg8YyW.ltrans0.ltrans.o
 .text.handleKeycodeRGB
                0x10003c50        0xe /var/folders/01/r6qc96lx1x7c0h1529l70j5m0000gn/T//ccqg8YyW.ltrans0.ltrans.o
 .text.rgblight_effect_dummy
                0x10003c5e        0x2 /var/folders/01/r6qc96lx1x7c0h1529l70j5m0000gn/T//ccqg8YyW.ltrans0.ltrans.o
 .text.rgblight_timer_init
                0x10003c60       0x14 /var/folders/01/r6qc96lx1x7c0h1529l70j5m0000gn/T//ccqg8YyW.ltrans0.ltrans.o
 .text.rgblight_set
                0x10003c74       0x4c /var/folders/01/r6qc96lx1x7c0h1529l70j5m0000gn/T//ccqg8YyW.ltrans0.ltrans.o
 .text.rgblight_setrgb.part.5
                0x10003cc0       0x30 /var/folders/01/r6qc96lx1x7c0h1529l70j5m0000gn/T//ccqg8YyW.ltrans0.ltrans.o
 .text.rgblight_check_config
                0x10003cf0       0x30 /var/folders/01/r6qc96lx1x7c0h1529l70j5m0000gn/T//ccqg8YyW.ltrans0.ltrans.o
 .text.sethsv_raw
                0x10003d20       0xa0 /var/folders/01/r6qc96lx1x7c0h1529l70j5m0000gn/T//ccqg8YyW.ltrans0.ltrans.o
 .text.rgblight_effect_rgbtest
                0x10003dc0       0x68 /var/folders/01/r6qc96lx1x7c0h1529l70j5m0000gn/T//ccqg8YyW.ltrans0.ltrans.o
 .text.sethsv   0x10003e28       0x12 /var/folders/01/r6qc96lx1x7c0h1529l70j5m0000gn/T//ccqg8YyW.ltrans0.ltrans.o
 *fill*         0x10003e3a        0x2 
 .text.rgblight_sethsv_noeeprom_old.part.6
                0x10003e3c       0x24 /var/folders/01/r6qc96lx1x7c0h1529l70j5m0000gn/T//ccqg8YyW.ltrans0.ltrans.o
 .text.rgblight_effect_breathing
                0x10003e60       0x2c /var/folders/01/r6qc96lx1x7c0h1529l70j5m0000gn/T//ccqg8YyW.ltrans0.ltrans.o
 .text.rgblight_effect_rainbow_mood
                0x10003e8c       0x24 /var/folders/01/r6qc96lx1x7c0h1529l70j5m0000gn/T//ccqg8YyW.ltrans0.ltrans.o
 .text.rgblight_effect_alternating
                0x10003eb0       0x64 /var/folders/01/r6qc96lx1x7c0h1529l70j5m0000gn/T//ccqg8YyW.ltrans0.ltrans.o
 .text.rgblight_effect_christmas
                0x10003f14       0xa4 /var/folders/01/r6qc96lx1x7c0h1529l70j5m0000gn/T//ccqg8YyW.ltrans0.ltrans.o
 .text.rgblight_effect_knight
                0x10003fb8       0xe0 /var/folders/01/r6qc96lx1x7c0h1529l70j5m0000gn/T//ccqg8YyW.ltrans0.ltrans.o
 .text.rgblight_effect_snake
                0x10004098       0xf4 /var/folders/01/r6qc96lx1x7c0h1529l70j5m0000gn/T//ccqg8YyW.ltrans0.ltrans.o
 .text.rgblight_effect_rainbow_swirl
                0x1000418c       0x64 /var/folders/01/r6qc96lx1x7c0h1529l70j5m0000gn/T//ccqg8YyW.ltrans0.ltrans.o
 .text.backing_store_read_bulk
                0x100041f0       0x20 /var/folders/01/r6qc96lx1x7c0h1529l70j5m0000gn/T//ccqg8YyW.ltrans0.ltrans.o
 .text.backing_store_erase
                0x10004210       0x20 /var/folders/01/r6qc96lx1x7c0h1529l70j5m0000gn/T//ccqg8YyW.ltrans0.ltrans.o
 .text.wear_leveling_lock
                0x10004230       0x1c /var/folders/01/r6qc96lx1x7c0h1529l70j5m0000gn/T//ccqg8YyW.ltrans0.ltrans.o
 .text.wear_leveling_unlock
                0x1000424c       0x1c /var/folders/01/r6qc96lx1x7c0h1529l70j5m0000gn/T//ccqg8YyW.ltrans0.ltrans.o
 .text.wear_leveling_write_consolidated
                0x10004268       0xf4 /var/folders/01/r6qc96lx1x7c0h1529l70j5m0000gn/T//ccqg8YyW.ltrans0.ltrans.o
 .text.wear_leveling_consolidate_if_needed
                0x1000435c       0x34 /var/folders/01/r6qc96lx1x7c0h1529l70j5m0000gn/T//ccqg8YyW.ltrans0.ltrans.o
 .text.wear_leveling_append_raw
                0x10004390       0x40 /var/folders/01/r6qc96lx1x7c0h1529l70j5m0000gn/T//ccqg8YyW.ltrans0.ltrans.o
 .text.sendchar
                0x100043d0        0x4 /var/folders/01/r6qc96lx1x7c0h1529l70j5m0000gn/T//ccqg8YyW.ltrans0.ltrans.o
 .text.gpio_atomic_set_pin_input_high
                0x100043d4       0x34 /var/folders/01/r6qc96lx1x7c0h1529l70j5m0000gn/T//ccqg8YyW.ltrans0.ltrans.o
 .text.null_sendchar_func
                0x10004408        0x4 /var/folders/01/r6qc96lx1x7c0h1529l70j5m0000gn/T//ccqg8YyW.ltrans0.ltrans.o
 .text.sync_timer_read32
                0x1000440c       0x24 /var/folders/01/r6qc96lx1x7c0h1529l70j5m0000gn/T//ccqg8YyW.ltrans0.ltrans.o
 .text.sync_timer_read
                0x10004430       0x1c /var/folders/01/r6qc96lx1x7c0h1529l70j5m0000gn/T//ccqg8YyW.ltrans0.ltrans.o
 .text.mod_config
                0x1000444c       0x98 /var/folders/01/r6qc96lx1x7c0h1529l70j5m0000gn/T//ccqg8YyW.ltrans0.ltrans.o
 .text.keycode_config
                0x100044e4      0x108 /var/folders/01/r6qc96lx1x7c0h1529l70j5m0000gn/T//ccqg8YyW.ltrans0.ltrans.o
 .text.keymap_key_to_keycode
                0x100045ec       0x38 /var/folders/01/r6qc96lx1x7c0h1529l70j5m0000gn/T//ccqg8YyW.ltrans0.ltrans.o
 .text.action_for_keycode
                0x10004624      0x1d8 /var/folders/01/r6qc96lx1x7c0h1529l70j5m0000gn/T//ccqg8YyW.ltrans0.ltrans.o
 .text.del_mods
                0x100047fc       0x10 /var/folders/01/r6qc96lx1x7c0h1529l70j5m0000gn/T//ccqg8YyW.ltrans0.ltrans.o
 .text.get_mods_for_report
                0x1000480c       0x70 /var/folders/01/r6qc96lx1x7c0h1529l70j5m0000gn/T//ccqg8YyW.ltrans0.ltrans.o
 .text.debug_waiting_buffer
                0x1000487c       0x20 /var/folders/01/r6qc96lx1x7c0h1529l70j5m0000gn/T//ccqg8YyW.ltrans0.ltrans.o
 .text.layer_switch_get_layer
                0x1000489c       0x50 /var/folders/01/r6qc96lx1x7c0h1529l70j5m0000gn/T//ccqg8YyW.ltrans0.ltrans.o
 .text.layer_switch_get_action
                0x100048ec       0x20 /var/folders/01/r6qc96lx1x7c0h1529l70j5m0000gn/T//ccqg8YyW.ltrans0.ltrans.o
 .text.layer_off
                0x1000490c       0x14 /var/folders/01/r6qc96lx1x7c0h1529l70j5m0000gn/T//ccqg8YyW.ltrans0.ltrans.o
 .text.clear_oneshot_layer_state
                0x10004920       0x30 /var/folders/01/r6qc96lx1x7c0h1529l70j5m0000gn/T//ccqg8YyW.ltrans0.ltrans.o
 .text.layer_on
                0x10004950       0x14 /var/folders/01/r6qc96lx1x7c0h1529l70j5m0000gn/T//ccqg8YyW.ltrans0.ltrans.o
 .text.is_tap_record
                0x10004964       0x58 /var/folders/01/r6qc96lx1x7c0h1529l70j5m0000gn/T//ccqg8YyW.ltrans0.ltrans.o
 .text.get_event_keycode
                0x100049bc       0x50 /var/folders/01/r6qc96lx1x7c0h1529l70j5m0000gn/T//ccqg8YyW.ltrans0.ltrans.o
 .text.usb_shared_reset_report
                0x10004a0c       0x2a /var/folders/01/r6qc96lx1x7c0h1529l70j5m0000gn/T//ccqg8YyW.ltrans0.ltrans.o
 .text.usb_reset_report
                0x10004a36       0x20 /var/folders/01/r6qc96lx1x7c0h1529l70j5m0000gn/T//ccqg8YyW.ltrans0.ltrans.o
 *fill*         0x10004a56        0x2 
 .text.usb_event_cb
                0x10004a58      0x238 /var/folders/01/r6qc96lx1x7c0h1529l70j5m0000gn/T//ccqg8YyW.ltrans0.ltrans.o
 .text.clear_keys_from_report
                0x10004c90       0x38 /var/folders/01/r6qc96lx1x7c0h1529l70j5m0000gn/T//ccqg8YyW.ltrans0.ltrans.o
 .text.wear_leveling_clear_cache
                0x10004cc8       0x20 /var/folders/01/r6qc96lx1x7c0h1529l70j5m0000gn/T//ccqg8YyW.ltrans0.ltrans.o
 .text.wear_leveling_erase
                0x10004ce8       0x2e /var/folders/01/r6qc96lx1x7c0h1529l70j5m0000gn/T//ccqg8YyW.ltrans0.ltrans.o
 .text.usb_prepare_in_ep_buffer
                0x10004d16       0x70 /var/folders/01/r6qc96lx1x7c0h1529l70j5m0000gn/T//ccqg8YyW.ltrans0.ltrans.o
 *fill*         0x10004d86        0x2 
 .text.usb_prepare_in_ep
                0x10004d88       0x8c /var/folders/01/r6qc96lx1x7c0h1529l70j5m0000gn/T//ccqg8YyW.ltrans0.ltrans.o
 .text.usbStartTransmitI
                0x10004e14       0x28 /var/folders/01/r6qc96lx1x7c0h1529l70j5m0000gn/T//ccqg8YyW.ltrans0.ltrans.o
 .text._usb_ep0out
                0x10004e3c       0xa4 /var/folders/01/r6qc96lx1x7c0h1529l70j5m0000gn/T//ccqg8YyW.ltrans0.ltrans.o
 .text._usb_ep0in
                0x10004ee0       0xd0 /var/folders/01/r6qc96lx1x7c0h1529l70j5m0000gn/T//ccqg8YyW.ltrans0.ltrans.o
 .text.usb_endpoint_in_tx_complete_cb
                0x10004fb0       0xc6 /var/folders/01/r6qc96lx1x7c0h1529l70j5m0000gn/T//ccqg8YyW.ltrans0.ltrans.o
 .text.obnotify
                0x10005076       0x34 /var/folders/01/r6qc96lx1x7c0h1529l70j5m0000gn/T//ccqg8YyW.ltrans0.ltrans.o
 .text.usb_shared_get_report
                0x100050aa       0x20 /var/folders/01/r6qc96lx1x7c0h1529l70j5m0000gn/T//ccqg8YyW.ltrans0.ltrans.o
 *fill*         0x100050ca        0x2 
 .text.usb_shared_set_report
                0x100050cc       0x24 /var/folders/01/r6qc96lx1x7c0h1529l70j5m0000gn/T//ccqg8YyW.ltrans0.ltrans.o
 .text.usb_get_report
                0x100050f0       0x1a /var/folders/01/r6qc96lx1x7c0h1529l70j5m0000gn/T//ccqg8YyW.ltrans0.ltrans.o
 *fill*         0x1000510a        0x2 
 .text.usb_set_report
                0x1000510c       0x1c /var/folders/01/r6qc96lx1x7c0h1529l70j5m0000gn/T//ccqg8YyW.ltrans0.ltrans.o
 .text.wear_leveling_read
                0x10005128       0x24 /var/folders/01/r6qc96lx1x7c0h1529l70j5m0000gn/T//ccqg8YyW.ltrans0.ltrans.o
 .text.eeprom_read_byte
                0x1000514c       0x16 /var/folders/01/r6qc96lx1x7c0h1529l70j5m0000gn/T//ccqg8YyW.ltrans0.ltrans.o
 .text.eeconfig_read_rgblight
                0x10005162       0x1e /var/folders/01/r6qc96lx1x7c0h1529l70j5m0000gn/T//ccqg8YyW.ltrans0.ltrans.o
 .text.usb_lld_reset.constprop.67
                0x10005180       0x74 /var/folders/01/r6qc96lx1x7c0h1529l70j5m0000gn/T//ccqg8YyW.ltrans0.ltrans.o
 .text.oled_write_char.constprop.133
                0x100051f4       0xb8 /var/folders/01/r6qc96lx1x7c0h1529l70j5m0000gn/T//ccqg8YyW.ltrans0.ltrans.o
 .text.oled_advance_page
                0x100052ac       0x68 /var/folders/01/r6qc96lx1x7c0h1529l70j5m0000gn/T//ccqg8YyW.ltrans0.ltrans.o
 .text.wear_leveling_write
                0x10005314      0x1a0 /var/folders/01/r6qc96lx1x7c0h1529l70j5m0000gn/T//ccqg8YyW.ltrans0.ltrans.o
 .text.eeprom_update_dword
                0x100054b4       0x26 /var/folders/01/r6qc96lx1x7c0h1529l70j5m0000gn/T//ccqg8YyW.ltrans0.ltrans.o
 .text.eeprom_update_word
                0x100054da       0x2a /var/folders/01/r6qc96lx1x7c0h1529l70j5m0000gn/T//ccqg8YyW.ltrans0.ltrans.o
 .text.oneshot_set
                0x10005504       0x30 /var/folders/01/r6qc96lx1x7c0h1529l70j5m0000gn/T//ccqg8YyW.ltrans0.ltrans.o
 .text.eeprom_update_byte
                0x10005534       0x1e /var/folders/01/r6qc96lx1x7c0h1529l70j5m0000gn/T//ccqg8YyW.ltrans0.ltrans.o
 .text.eeconfig_update_rgblight
                0x10005552       0x1c /var/folders/01/r6qc96lx1x7c0h1529l70j5m0000gn/T//ccqg8YyW.ltrans0.ltrans.o
 *fill*         0x1000556e        0x2 
 .text.rgblight_sethsv_eeprom_helper
                0x10005570      0x108 /var/folders/01/r6qc96lx1x7c0h1529l70j5m0000gn/T//ccqg8YyW.ltrans0.ltrans.o
 .text.rgblight_decrease_val
                0x10005678       0x24 /var/folders/01/r6qc96lx1x7c0h1529l70j5m0000gn/T//ccqg8YyW.ltrans0.ltrans.o
 .text.rgblight_increase_val
                0x1000569c       0x24 /var/folders/01/r6qc96lx1x7c0h1529l70j5m0000gn/T//ccqg8YyW.ltrans0.ltrans.o
 .text.rgblight_decrease_sat
                0x100056c0       0x24 /var/folders/01/r6qc96lx1x7c0h1529l70j5m0000gn/T//ccqg8YyW.ltrans0.ltrans.o
 .text.rgblight_increase_sat
                0x100056e4       0x24 /var/folders/01/r6qc96lx1x7c0h1529l70j5m0000gn/T//ccqg8YyW.ltrans0.ltrans.o
 .text.rgblight_decrease_hue
                0x10005708       0x1c /var/folders/01/r6qc96lx1x7c0h1529l70j5m0000gn/T//ccqg8YyW.ltrans0.ltrans.o
 .text.rgblight_increase_hue
                0x10005724       0x1c /var/folders/01/r6qc96lx1x7c0h1529l70j5m0000gn/T//ccqg8YyW.ltrans0.ltrans.o
 .text.rgblight_increase_speed
                0x10005740       0x1c /var/folders/01/r6qc96lx1x7c0h1529l70j5m0000gn/T//ccqg8YyW.ltrans0.ltrans.o
 .text.rgblight_decrease_speed
                0x1000575c       0x1c /var/folders/01/r6qc96lx1x7c0h1529l70j5m0000gn/T//ccqg8YyW.ltrans0.ltrans.o
 .text.send_keyboard_report
                0x10005778       0x94 /var/folders/01/r6qc96lx1x7c0h1529l70j5m0000gn/T//ccqg8YyW.ltrans0.ltrans.o
 .text.clear_keyboard
                0x1000580c       0x54 /var/folders/01/r6qc96lx1x7c0h1529l70j5m0000gn/T//ccqg8YyW.ltrans0.ltrans.o
 .text.unregister_mods
                0x10005860       0x10 /var/folders/01/r6qc96lx1x7c0h1529l70j5m0000gn/T//ccqg8YyW.ltrans0.ltrans.o
 .text.register_mods
                0x10005870       0x18 /var/folders/01/r6qc96lx1x7c0h1529l70j5m0000gn/T//ccqg8YyW.ltrans0.ltrans.o
 .text.unregister_code
                0x10005888       0x6a /var/folders/01/r6qc96lx1x7c0h1529l70j5m0000gn/T//ccqg8YyW.ltrans0.ltrans.o
 *fill*         0x100058f2        0x2 
 .text.register_code
                0x100058f4       0xd4 /var/folders/01/r6qc96lx1x7c0h1529l70j5m0000gn/T//ccqg8YyW.ltrans0.ltrans.o
 .text.oled_write.constprop.132
                0x100059c8       0x1a /var/folders/01/r6qc96lx1x7c0h1529l70j5m0000gn/T//ccqg8YyW.ltrans0.ltrans.o
 .text.oled_write_ln.constprop.131
                0x100059e2        0xe /var/folders/01/r6qc96lx1x7c0h1529l70j5m0000gn/T//ccqg8YyW.ltrans0.ltrans.o
 .text.chSchGoSleepS
                0x100059f0       0x2c /var/folders/01/r6qc96lx1x7c0h1529l70j5m0000gn/T//ccqg8YyW.ltrans0.ltrans.o
 .text.chSchGoSleepTimeoutS
                0x10005a1c      0x104 /var/folders/01/r6qc96lx1x7c0h1529l70j5m0000gn/T//ccqg8YyW.ltrans0.ltrans.o
 .text.oled_send_cmd
                0x10005b20       0x16 /var/folders/01/r6qc96lx1x7c0h1529l70j5m0000gn/T//ccqg8YyW.ltrans0.ltrans.o
 *fill*         0x10005b36        0x2 
 .text.oled_off
                0x10005b38       0x3c /var/folders/01/r6qc96lx1x7c0h1529l70j5m0000gn/T//ccqg8YyW.ltrans0.ltrans.o
 .text.oled_on  0x10005b74       0x4c /var/folders/01/r6qc96lx1x7c0h1529l70j5m0000gn/T//ccqg8YyW.ltrans0.ltrans.o
 .text.rgblight_effect_twinkle
                0x10005bc0      0x140 /var/folders/01/r6qc96lx1x7c0h1529l70j5m0000gn/T//ccqg8YyW.ltrans0.ltrans.o
 .text.rgblight_timer_enable
                0x10005d00       0x3c /var/folders/01/r6qc96lx1x7c0h1529l70j5m0000gn/T//ccqg8YyW.ltrans0.ltrans.o
 .text.rgblight_mode_eeprom_helper
                0x10005d3c       0x80 /var/folders/01/r6qc96lx1x7c0h1529l70j5m0000gn/T//ccqg8YyW.ltrans0.ltrans.o
 .text.rgblight_step_reverse
                0x10005dbc       0x20 /var/folders/01/r6qc96lx1x7c0h1529l70j5m0000gn/T//ccqg8YyW.ltrans0.ltrans.o
 .text.rgblight_step
                0x10005ddc       0x1c /var/folders/01/r6qc96lx1x7c0h1529l70j5m0000gn/T//ccqg8YyW.ltrans0.ltrans.o
 .text.handleKeycodeRGBMode
                0x10005df8       0x28 /var/folders/01/r6qc96lx1x7c0h1529l70j5m0000gn/T//ccqg8YyW.ltrans0.ltrans.o
 .text.transport_execute_transaction
                0x10005e20       0x6c /var/folders/01/r6qc96lx1x7c0h1529l70j5m0000gn/T//ccqg8YyW.ltrans0.ltrans.o
 .text.rgblight_handlers_master
                0x10005e8c       0x64 /var/folders/01/r6qc96lx1x7c0h1529l70j5m0000gn/T//ccqg8YyW.ltrans0.ltrans.o
 .text.sync_timer_handlers_master
                0x10005ef0       0x40 /var/folders/01/r6qc96lx1x7c0h1529l70j5m0000gn/T//ccqg8YyW.ltrans0.ltrans.o
 .text.master_matrix_handlers_master
                0x10005f30       0x48 /var/folders/01/r6qc96lx1x7c0h1529l70j5m0000gn/T//ccqg8YyW.ltrans0.ltrans.o
 .text.slave_matrix_handlers_master
                0x10005f78       0xa8 /var/folders/01/r6qc96lx1x7c0h1529l70j5m0000gn/T//ccqg8YyW.ltrans0.ltrans.o
 .text.gpio_set_drive_strength
                0x10006020       0x20 /var/folders/01/r6qc96lx1x7c0h1529l70j5m0000gn/T//ccqg8YyW.ltrans0.ltrans.o
                0x10006020                gpio_set_drive_strength
 .text.pio_sm_init
                0x10006040       0x84 /var/folders/01/r6qc96lx1x7c0h1529l70j5m0000gn/T//ccqg8YyW.ltrans0.ltrans.o
                0x10006040                pio_sm_init
 .text.pio_sm_set_consecutive_pindirs
                0x100060c4       0x90 /var/folders/01/r6qc96lx1x7c0h1529l70j5m0000gn/T//ccqg8YyW.ltrans0.ltrans.o
                0x100060c4                pio_sm_set_consecutive_pindirs
 .text.pio_sm_set_pins_with_mask
                0x10006154       0x7a /var/folders/01/r6qc96lx1x7c0h1529l70j5m0000gn/T//ccqg8YyW.ltrans0.ltrans.o
                0x10006154                pio_sm_set_pins_with_mask
 *fill*         0x100061ce        0x2 
 .text.pio_add_program
                0x100061d0       0xd8 /var/folders/01/r6qc96lx1x7c0h1529l70j5m0000gn/T//ccqg8YyW.ltrans0.ltrans.o
                0x100061d0                pio_add_program
 .text.pio_claim_unused_sm
                0x100062a8       0x84 /var/folders/01/r6qc96lx1x7c0h1529l70j5m0000gn/T//ccqg8YyW.ltrans0.ltrans.o
                0x100062a8                pio_claim_unused_sm
 .text.clock_get_hz
                0x1000632c        0xc /var/folders/01/r6qc96lx1x7c0h1529l70j5m0000gn/T//ccqg8YyW.ltrans0.ltrans.o
                0x1000632c                clock_get_hz
 .text.split_shared_memory_lock
                0x10006338       0x80 /var/folders/01/r6qc96lx1x7c0h1529l70j5m0000gn/T//ccqg8YyW.ltrans0.ltrans.o
                0x10006338                split_shared_memory_lock
 .text._fini    0x100063b8        0x2 /var/folders/01/r6qc96lx1x7c0h1529l70j5m0000gn/T//ccqg8YyW.ltrans0.ltrans.o
                0x100063b8                _fini
 .text.led_init_ports
                0x100063ba        0x2 /var/folders/01/r6qc96lx1x7c0h1529l70j5m0000gn/T//ccqg8YyW.ltrans0.ltrans.o
                0x100063ba                __cpu_init
 .text._getpid  0x100063bc        0x4 /var/folders/01/r6qc96lx1x7c0h1529l70j5m0000gn/T//ccqg8YyW.ltrans0.ltrans.o
                0x100063bc                _getpid
 .text._kill    0x100063c0        0xc /var/folders/01/r6qc96lx1x7c0h1529l70j5m0000gn/T//ccqg8YyW.ltrans0.ltrans.o
                0x100063c0                _kill
 .text._exit    0x100063cc        0xc /var/folders/01/r6qc96lx1x7c0h1529l70j5m0000gn/T//ccqg8YyW.ltrans0.ltrans.o
                0x100063cc                _exit
 .text._isatty_r
                0x100063d8        0x4 /var/folders/01/r6qc96lx1x7c0h1529l70j5m0000gn/T//ccqg8YyW.ltrans0.ltrans.o
                0x100063d8                _isatty_r
 .text._fstat_r
                0x100063dc       0x18 /var/folders/01/r6qc96lx1x7c0h1529l70j5m0000gn/T//ccqg8YyW.ltrans0.ltrans.o
                0x100063dc                _fstat_r
 .text._sbrk_r  0x100063f4       0x3c /var/folders/01/r6qc96lx1x7c0h1529l70j5m0000gn/T//ccqg8YyW.ltrans0.ltrans.o
                0x100063f4                _sbrk_r
 .text._close_r
                0x10006430        0x4 /var/folders/01/r6qc96lx1x7c0h1529l70j5m0000gn/T//ccqg8YyW.ltrans0.ltrans.o
                0x10006430                _close_r
 .text._write_r
                0x10006434        0x4 /var/folders/01/r6qc96lx1x7c0h1529l70j5m0000gn/T//ccqg8YyW.ltrans0.ltrans.o
                0x10006434                _write_r
 .text._lseek_r
                0x10006438        0x4 /var/folders/01/r6qc96lx1x7c0h1529l70j5m0000gn/T//ccqg8YyW.ltrans0.ltrans.o
                0x10006438                _lseek_r
 .text._read_r  0x1000643c        0xa /var/folders/01/r6qc96lx1x7c0h1529l70j5m0000gn/T//ccqg8YyW.ltrans0.ltrans.o
                0x1000643c                _read_r
 *fill*         0x10006446        0x2 
 .text.nvicEnableVector
                0x10006448       0x40 /var/folders/01/r6qc96lx1x7c0h1529l70j5m0000gn/T//ccqg8YyW.ltrans0.ltrans.o
                0x10006448                nvicEnableVector
 .text.ws2812_init
                0x10006488      0x1ac /var/folders/01/r6qc96lx1x7c0h1529l70j5m0000gn/T//ccqg8YyW.ltrans0.ltrans.o
 .text.i2cStop  0x10006634       0xc4 /var/folders/01/r6qc96lx1x7c0h1529l70j5m0000gn/T//ccqg8YyW.ltrans0.ltrans.o
                0x10006634                i2cStop
 .text.i2cStart
                0x100066f8       0xf0 /var/folders/01/r6qc96lx1x7c0h1529l70j5m0000gn/T//ccqg8YyW.ltrans0.ltrans.o
                0x100066f8                i2cStart
 .text.__port_spinlock_release
                0x100067e8       0x10 /var/folders/01/r6qc96lx1x7c0h1529l70j5m0000gn/T//ccqg8YyW.ltrans0.ltrans.o
                0x100067e8                __port_spinlock_release
 .text.__port_irq_epilogue
                0x100067f8       0x4c /var/folders/01/r6qc96lx1x7c0h1529l70j5m0000gn/T//ccqg8YyW.ltrans0.ltrans.o
                0x100067f8                __port_irq_epilogue
 .text.Vector4C
                0x10006844       0x28 /var/folders/01/r6qc96lx1x7c0h1529l70j5m0000gn/T//ccqg8YyW.ltrans0.ltrans.o
                0x10006844                Vector4C
 .text.Vector48
                0x1000686c       0x28 /var/folders/01/r6qc96lx1x7c0h1529l70j5m0000gn/T//ccqg8YyW.ltrans0.ltrans.o
                0x1000686c                Vector48
 .text.Vector44
                0x10006894       0x24 /var/folders/01/r6qc96lx1x7c0h1529l70j5m0000gn/T//ccqg8YyW.ltrans0.ltrans.o
                0x10006894                Vector44
 .text.Vector40
                0x100068b8       0x24 /var/folders/01/r6qc96lx1x7c0h1529l70j5m0000gn/T//ccqg8YyW.ltrans0.ltrans.o
                0x100068b8                Vector40
 .text.Vector70
                0x100068dc       0x34 /var/folders/01/r6qc96lx1x7c0h1529l70j5m0000gn/T//ccqg8YyW.ltrans0.ltrans.o
                0x100068dc                Vector70
 .text.Vector6C
                0x10006910       0x34 /var/folders/01/r6qc96lx1x7c0h1529l70j5m0000gn/T//ccqg8YyW.ltrans0.ltrans.o
                0x10006910                Vector6C
 .text.Vector80
                0x10006944       0x3c /var/folders/01/r6qc96lx1x7c0h1529l70j5m0000gn/T//ccqg8YyW.ltrans0.ltrans.o
                0x10006944                Vector80
 .text.Vector7C
                0x10006980       0x20 /var/folders/01/r6qc96lx1x7c0h1529l70j5m0000gn/T//ccqg8YyW.ltrans0.ltrans.o
                0x10006980                Vector7C
 .text.NMI_Handler
                0x100069a0       0x12 /var/folders/01/r6qc96lx1x7c0h1529l70j5m0000gn/T//ccqg8YyW.ltrans0.ltrans.o
                0x100069a0                NMI_Handler
 .text.chThdResumeI
                0x100069b2       0x16 /var/folders/01/r6qc96lx1x7c0h1529l70j5m0000gn/T//ccqg8YyW.ltrans0.ltrans.o
                0x100069b2                chThdResumeI
 .text.Vector54
                0x100069c8      0x2ac /var/folders/01/r6qc96lx1x7c0h1529l70j5m0000gn/T//ccqg8YyW.ltrans0.ltrans.o
                0x100069c8                Vector54
 .text.Vector98
                0x10006c74      0x190 /var/folders/01/r6qc96lx1x7c0h1529l70j5m0000gn/T//ccqg8YyW.ltrans0.ltrans.o
                0x10006c74                Vector98
 .text.VectorA0
                0x10006e04      0x15c /var/folders/01/r6qc96lx1x7c0h1529l70j5m0000gn/T//ccqg8YyW.ltrans0.ltrans.o
                0x10006e04                VectorA0
 .text._usb_ep0setup
                0x10006f60      0x3d0 /var/folders/01/r6qc96lx1x7c0h1529l70j5m0000gn/T//ccqg8YyW.ltrans0.ltrans.o
 .text.chThdSuspendTimeoutS
                0x10007330       0x2c /var/folders/01/r6qc96lx1x7c0h1529l70j5m0000gn/T//ccqg8YyW.ltrans0.ltrans.o
                0x10007330                chThdSuspendTimeoutS
 .text.i2cMasterTransmitTimeout
                0x1000735c       0xbc /var/folders/01/r6qc96lx1x7c0h1529l70j5m0000gn/T//ccqg8YyW.ltrans0.ltrans.o
                0x1000735c                i2cMasterTransmitTimeout
 .text.chThdSleep
                0x10007418       0x16 /var/folders/01/r6qc96lx1x7c0h1529l70j5m0000gn/T//ccqg8YyW.ltrans0.ltrans.o
                0x10007418                chThdSleep
 *fill*         0x1000742e        0x2 
 .text.perform_space_cadet.constprop.109
                0x10007430       0xb0 /var/folders/01/r6qc96lx1x7c0h1529l70j5m0000gn/T//ccqg8YyW.ltrans0.ltrans.o
 .text.soft_reset_keyboard
                0x100074e0       0x2c /var/folders/01/r6qc96lx1x7c0h1529l70j5m0000gn/T//ccqg8YyW.ltrans0.ltrans.o
 .text.process_record
                0x1000750c      0x9d4 /var/folders/01/r6qc96lx1x7c0h1529l70j5m0000gn/T//ccqg8YyW.ltrans0.ltrans.o
 .text.waiting_buffer_scan_tap
                0x10007ee0       0x80 /var/folders/01/r6qc96lx1x7c0h1529l70j5m0000gn/T//ccqg8YyW.ltrans0.ltrans.o
 .text.process_tapping
                0x10007f60      0x25c /var/folders/01/r6qc96lx1x7c0h1529l70j5m0000gn/T//ccqg8YyW.ltrans0.ltrans.o
 .text.action_exec
                0x100081bc       0xd8 /var/folders/01/r6qc96lx1x7c0h1529l70j5m0000gn/T//ccqg8YyW.ltrans0.ltrans.o
 .text.generate_tick_event
                0x10008294       0x30 /var/folders/01/r6qc96lx1x7c0h1529l70j5m0000gn/T//ccqg8YyW.ltrans0.ltrans.o
 .text.chThdExit
                0x100082c4       0x28 /var/folders/01/r6qc96lx1x7c0h1529l70j5m0000gn/T//ccqg8YyW.ltrans0.ltrans.o
                0x100082c4                chThdExit
 .text.chThdCreateStatic
                0x100082ec       0x8c /var/folders/01/r6qc96lx1x7c0h1529l70j5m0000gn/T//ccqg8YyW.ltrans0.ltrans.o
                0x100082ec                chThdCreateStatic
 .text.__sch_reschedule_ahead
                0x10008378       0x34 /var/folders/01/r6qc96lx1x7c0h1529l70j5m0000gn/T//ccqg8YyW.ltrans0.ltrans.o
                0x10008378                chSchDoPreemption
 .text.chSchRescheduleS
                0x100083ac       0x28 /var/folders/01/r6qc96lx1x7c0h1529l70j5m0000gn/T//ccqg8YyW.ltrans0.ltrans.o
 .text.usbStop.constprop.84
                0x100083d4       0x98 /var/folders/01/r6qc96lx1x7c0h1529l70j5m0000gn/T//ccqg8YyW.ltrans0.ltrans.o
 .text.split_shared_memory_unlock
                0x1000846c       0x68 /var/folders/01/r6qc96lx1x7c0h1529l70j5m0000gn/T//ccqg8YyW.ltrans0.ltrans.o
                0x1000846c                split_shared_memory_unlock
 .text.send_report
                0x100084d4      0x198 /var/folders/01/r6qc96lx1x7c0h1529l70j5m0000gn/T//ccqg8YyW.ltrans0.ltrans.o
 .text.send_extra
                0x1000866c        0xe /var/folders/01/r6qc96lx1x7c0h1529l70j5m0000gn/T//ccqg8YyW.ltrans0.ltrans.o
 .text.send_mouse
                0x1000867a        0xe /var/folders/01/r6qc96lx1x7c0h1529l70j5m0000gn/T//ccqg8YyW.ltrans0.ltrans.o
 .text.send_nkro
                0x10008688        0xe /var/folders/01/r6qc96lx1x7c0h1529l70j5m0000gn/T//ccqg8YyW.ltrans0.ltrans.o
 .text.send_keyboard
                0x10008696        0xe /var/folders/01/r6qc96lx1x7c0h1529l70j5m0000gn/T//ccqg8YyW.ltrans0.ltrans.o
 .text.chSysPolledDelayX
                0x100086a4       0x14 /var/folders/01/r6qc96lx1x7c0h1529l70j5m0000gn/T//ccqg8YyW.ltrans0.ltrans.o
                0x100086a4                chSysPolledDelayX
 .text.ws2812_setleds
                0x100086b8      0x160 /var/folders/01/r6qc96lx1x7c0h1529l70j5m0000gn/T//ccqg8YyW.ltrans0.ltrans.o
 .text.transaction_handler_master.isra.4
                0x10008818       0x4c /var/folders/01/r6qc96lx1x7c0h1529l70j5m0000gn/T//ccqg8YyW.ltrans0.ltrans.o
 .text.matrix_scan
                0x10008864      0x4c8 /var/folders/01/r6qc96lx1x7c0h1529l70j5m0000gn/T//ccqg8YyW.ltrans0.ltrans.o
 .text.__init_ram_areas
                0x10008d2c       0x30 /var/folders/01/r6qc96lx1x7c0h1529l70j5m0000gn/T//ccqg8YyW.ltrans0.ltrans.o
                0x10008d2c                __init_ram_areas
 .text.__default_exit
                0x10008d5c        0x2 /var/folders/01/r6qc96lx1x7c0h1529l70j5m0000gn/T//ccqg8YyW.ltrans0.ltrans.o
                0x10008d5c                __default_exit
 .text.__early_init
                0x10008d5e        0x2 /var/folders/01/r6qc96lx1x7c0h1529l70j5m0000gn/T//ccqg8YyW.ltrans0.ltrans.o
                0x10008d5e                __early_init
 .text.__late_init
                0x10008d60       0x44 /var/folders/01/r6qc96lx1x7c0h1529l70j5m0000gn/T//ccqg8YyW.ltrans0.ltrans.o
                0x10008d60                __late_init
 .text.startup.main
                0x10008da4     0x13a0 /var/folders/01/r6qc96lx1x7c0h1529l70j5m0000gn/T//ccqg8YyW.ltrans0.ltrans.o
                0x10008da4                main
 .text.SlaveThread
                0x1000a144       0xb4 .build/obj_crkbd_rev1_tensotha_helios/serial_protocol.a(serial_protocol.o)
 .text.soft_serial_target_init
                0x1000a1f8       0x24 .build/obj_crkbd_rev1_tensotha_helios/serial_protocol.a(serial_protocol.o)
                0x1000a1f8                soft_serial_target_init
 .text.soft_serial_initiator_init
                0x1000a21c        0x8 .build/obj_crkbd_rev1_tensotha_helios/serial_protocol.a(serial_protocol.o)
                0x1000a21c                soft_serial_initiator_init
 .text.soft_serial_transaction
                0x1000a224       0xa0 .build/obj_crkbd_rev1_tensotha_helios/serial_protocol.a(serial_protocol.o)
                0x1000a224                soft_serial_transaction
 .text.port_lock
                0x1000a2c4       0x16 .build/obj_crkbd_rev1_tensotha_helios/serial_vendor.a(serial_vendor.o)
 .text.port_unlock
                0x1000a2da       0x12 .build/obj_crkbd_rev1_tensotha_helios/serial_vendor.a(serial_vendor.o)
 .text.sm_config_set_clkdiv
                0x1000a2ec       0x3a .build/obj_crkbd_rev1_tensotha_helios/serial_vendor.a(serial_vendor.o)
 *fill*         0x1000a326        0x2 
 .text.pio_sm_set_enabled.constprop.21
                0x1000a328       0x18 .build/obj_crkbd_rev1_tensotha_helios/serial_vendor.a(serial_vendor.o)
 .text.receive_impl
                0x1000a340       0xc4 .build/obj_crkbd_rev1_tensotha_helios/serial_vendor.a(serial_vendor.o)
 .text.Vector5C
                0x1000a404       0x9c .build/obj_crkbd_rev1_tensotha_helios/serial_vendor.a(serial_vendor.o)
                0x1000a404                Vector5C
 .text.serial_transport_driver_clear
                0x1000a4a0       0x44 .build/obj_crkbd_rev1_tensotha_helios/serial_vendor.a(serial_vendor.o)
                0x1000a4a0                serial_transport_driver_clear
 .text.hot.serial_transport_send
                0x1000a4e4       0xcc .build/obj_crkbd_rev1_tensotha_helios/serial_vendor.a(serial_vendor.o)
                0x1000a4e4                serial_transport_send
 .text.hot.serial_transport_receive
                0x1000a5b0       0x10 .build/obj_crkbd_rev1_tensotha_helios/serial_vendor.a(serial_vendor.o)
                0x1000a5b0                serial_transport_receive
 .text.hot.serial_transport_receive_blocking
                0x1000a5c0        0xc .build/obj_crkbd_rev1_tensotha_helios/serial_vendor.a(serial_vendor.o)
                0x1000a5c0                serial_transport_receive_blocking
 .text.serial_transport_driver_slave_init
                0x1000a5cc      0x1cc .build/obj_crkbd_rev1_tensotha_helios/serial_vendor.a(serial_vendor.o)
                0x1000a5cc                serial_transport_driver_slave_init
 .text.serial_transport_driver_master_init
                0x1000a798        0x8 .build/obj_crkbd_rev1_tensotha_helios/serial_vendor.a(serial_vendor.o)
                0x1000a798                serial_transport_driver_master_init
 .text.i2c_epilogue
                0x1000a7a0       0x20 .build/obj_crkbd_rev1_tensotha_helios/i2c_master.a(i2c_master.o)
 .text.i2c_init
                0x1000a7c0       0x54 .build/obj_crkbd_rev1_tensotha_helios/i2c_master.a(i2c_master.o)
                0x1000a7c0                i2c_init
 .text.i2c_transmit
                0x1000a814       0x64 .build/obj_crkbd_rev1_tensotha_helios/i2c_master.a(i2c_master.o)
                0x1000a814                i2c_transmit
 .text.i2c_write_register
                0x1000a878       0x94 .build/obj_crkbd_rev1_tensotha_helios/i2c_master.a(i2c_master.o)
                0x1000a878                i2c_write_register
 *fill*         0x1000a90c        0x4 
 .text.i2c_write_register.__stub
                0x1000a910       0xa0 linker stubs
 *(.glue_7t)
 .glue_7t       0x1000a9b0        0x0 linker stubs
 *(.glue_7)
 .glue_7        0x1000a9b0        0x0 linker stubs
 *(.gcc*)
                0x1000a9b0                        __text_end__ = .

.vfp11_veneer   0x1000a9b0        0x0
 .vfp11_veneer  0x1000a9b0        0x0 linker stubs

.v4_bx          0x1000a9b0        0x0
 .v4_bx         0x1000a9b0        0x0 linker stubs

.iplt           0x1000a9b0        0x0
 .iplt          0x1000a9b0        0x0 .build/obj_crkbd_rev1_tensotha_helios/serial_protocol.a(serial_protocol.o)

.rodata         0x1000a9b0     0x100c
                0x1000a9b0                        __rodata_base__ = .
 *(.rodata)
 .rodata        0x1000a9b0       0xac /opt/homebrew/Cellar/arm-none-eabi-gcc@8/8.5.0_2/lib/arm-none-eabi-gcc/8/gcc/arm-none-eabi/8.5.0/thumb/v6-m/nofp/libgcc.a(divsf3.o)
 .rodata        0x1000aa5c       0x40 /opt/homebrew/Cellar/arm-none-eabi-gcc@8/8.5.0_2/lib/arm-none-eabi-gcc/8/gcc/arm-none-eabi/8.5.0/thumb/v6-m/nofp/libgcc.a(mulsf3.o)
 .rodata        0x1000aa9c        0x4 /opt/homebrew/Cellar/arm-none-eabi-gcc@8/8.5.0_2/lib/arm-none-eabi-gcc/8/gcc/arm-none-eabi/8.5.0/../../../../../../arm-none-eabi/lib/thumb/v6-m/nofp/libg_nano.a(lib_a-impure.o)
                0x1000aa9c                _global_impure_ptr
 .rodata        0x1000aaa0       0x60 /opt/homebrew/Cellar/arm-none-eabi-gcc@8/8.5.0_2/lib/arm-none-eabi-gcc/8/gcc/arm-none-eabi/8.5.0/../../../../../../arm-none-eabi/lib/thumb/v6-m/nofp/libg_nano.a(lib_a-findfp.o)
                0x1000aaa0                __sf_fake_stderr
                0x1000aac0                __sf_fake_stdout
                0x1000aae0                __sf_fake_stdin
 *(.rodata.*)
 .rodata.rgblight_effect_twinkle.cst1
                0x1000ab00        0x1 /var/folders/01/r6qc96lx1x7c0h1529l70j5m0000gn/T//ccqg8YyW.ltrans0.ltrans.o
 .rodata.CIE1931_CURVE
                0x1000ab01      0x100 /var/folders/01/r6qc96lx1x7c0h1529l70j5m0000gn/T//ccqg8YyW.ltrans0.ltrans.o
 *fill*         0x1000ac01        0x3 
 .rodata.CSWTCH.0
                0x1000ac04        0xc /var/folders/01/r6qc96lx1x7c0h1529l70j5m0000gn/T//ccqg8YyW.ltrans0.ltrans.o
 .rodata.CSWTCH.1
                0x1000ac10        0x3 /var/folders/01/r6qc96lx1x7c0h1529l70j5m0000gn/T//ccqg8YyW.ltrans0.ltrans.o
 .rodata.CSWTCH.8
                0x1000ac13        0x3 /var/folders/01/r6qc96lx1x7c0h1529l70j5m0000gn/T//ccqg8YyW.ltrans0.ltrans.o
 .rodata.CSWTCH.9
                0x1000ac16       0x36 /var/folders/01/r6qc96lx1x7c0h1529l70j5m0000gn/T//ccqg8YyW.ltrans0.ltrans.o
 .rodata.ConfigurationDescriptor
                0x1000ac4c       0x3b /var/folders/01/r6qc96lx1x7c0h1529l70j5m0000gn/T//ccqg8YyW.ltrans0.ltrans.o
 .rodata.DeviceDescriptor
                0x1000ac87       0x12 /var/folders/01/r6qc96lx1x7c0h1529l70j5m0000gn/T//ccqg8YyW.ltrans0.ltrans.o
 .rodata.KeyboardReport
                0x1000ac99       0x44 /var/folders/01/r6qc96lx1x7c0h1529l70j5m0000gn/T//ccqg8YyW.ltrans0.ltrans.o
 .rodata.LanguageString
                0x1000acdd        0x4 /var/folders/01/r6qc96lx1x7c0h1529l70j5m0000gn/T//ccqg8YyW.ltrans0.ltrans.o
 .rodata.ManufacturerString
                0x1000ace1       0x12 /var/folders/01/r6qc96lx1x7c0h1529l70j5m0000gn/T//ccqg8YyW.ltrans0.ltrans.o
 .rodata.ProductString
                0x1000acf3        0xe /var/folders/01/r6qc96lx1x7c0h1529l70j5m0000gn/T//ccqg8YyW.ltrans0.ltrans.o
 .rodata.RGBLED_BREATHING_INTERVALS
                0x1000ad01        0x4 /var/folders/01/r6qc96lx1x7c0h1529l70j5m0000gn/T//ccqg8YyW.ltrans0.ltrans.o
 .rodata.RGBLED_GRADIENT_RANGES
                0x1000ad05        0x5 /var/folders/01/r6qc96lx1x7c0h1529l70j5m0000gn/T//ccqg8YyW.ltrans0.ltrans.o
 .rodata.RGBLED_KNIGHT_INTERVALS
                0x1000ad0a        0x3 /var/folders/01/r6qc96lx1x7c0h1529l70j5m0000gn/T//ccqg8YyW.ltrans0.ltrans.o
 .rodata.RGBLED_RAINBOW_MOOD_INTERVALS
                0x1000ad0d        0x3 /var/folders/01/r6qc96lx1x7c0h1529l70j5m0000gn/T//ccqg8YyW.ltrans0.ltrans.o
 .rodata.RGBLED_RAINBOW_SWIRL_INTERVALS
                0x1000ad10        0x3 /var/folders/01/r6qc96lx1x7c0h1529l70j5m0000gn/T//ccqg8YyW.ltrans0.ltrans.o
 .rodata.RGBLED_TWINKLE_INTERVALS
                0x1000ad13        0x3 /var/folders/01/r6qc96lx1x7c0h1529l70j5m0000gn/T//ccqg8YyW.ltrans0.ltrans.o
 .rodata.SharedReport
                0x1000ad16       0xb6 /var/folders/01/r6qc96lx1x7c0h1529l70j5m0000gn/T//ccqg8YyW.ltrans0.ltrans.o
 .rodata.Vector80.str1.1
                0x1000adcc       0x80 /var/folders/01/r6qc96lx1x7c0h1529l70j5m0000gn/T//ccqg8YyW.ltrans0.ltrans.o
                                  0xd (size before relaxing)
 .rodata.__rp_dma_channels
                0x1000ae4c       0xc0 /var/folders/01/r6qc96lx1x7c0h1529l70j5m0000gn/T//ccqg8YyW.ltrans0.ltrans.o
 .rodata._exit.str1.1
                0x1000af0c        0x5 /var/folders/01/r6qc96lx1x7c0h1529l70j5m0000gn/T//ccqg8YyW.ltrans0.ltrans.o
 .rodata._kill.str1.1
                0x1000af0c        0x5 /var/folders/01/r6qc96lx1x7c0h1529l70j5m0000gn/T//ccqg8YyW.ltrans0.ltrans.o
 .rodata.active_status
                0x1000af0c        0x2 /var/folders/01/r6qc96lx1x7c0h1529l70j5m0000gn/T//ccqg8YyW.ltrans0.ltrans.o
 *fill*         0x1000af0e        0x2 
 .rodata.alarm_irqs
                0x1000af10       0x20 /var/folders/01/r6qc96lx1x7c0h1529l70j5m0000gn/T//ccqg8YyW.ltrans0.ltrans.o
 .rodata.ch_core0_cfg
                0x1000af30        0xc /var/folders/01/r6qc96lx1x7c0h1529l70j5m0000gn/T//ccqg8YyW.ltrans0.ltrans.o
 .rodata.code_to_name
                0x1000af3c       0x3c /var/folders/01/r6qc96lx1x7c0h1529l70j5m0000gn/T//ccqg8YyW.ltrans0.ltrans.o
 .rodata.col_pins
                0x1000af78       0x18 /var/folders/01/r6qc96lx1x7c0h1529l70j5m0000gn/T//ccqg8YyW.ltrans0.ltrans.o
 .rodata.crkbd_logo.13093
                0x1000af90       0x40 /var/folders/01/r6qc96lx1x7c0h1529l70j5m0000gn/T//ccqg8YyW.ltrans0.ltrans.o
 .rodata.display_flipped.9055
                0x1000afd0        0x5 /var/folders/01/r6qc96lx1x7c0h1529l70j5m0000gn/T//ccqg8YyW.ltrans0.ltrans.o
 .rodata.display_normal.9054
                0x1000afd5        0x5 /var/folders/01/r6qc96lx1x7c0h1529l70j5m0000gn/T//ccqg8YyW.ltrans0.ltrans.o
 .rodata.display_off.9204
                0x1000afda        0x2 /var/folders/01/r6qc96lx1x7c0h1529l70j5m0000gn/T//ccqg8YyW.ltrans0.ltrans.o
 .rodata.display_on.9200
                0x1000afdc        0x2 /var/folders/01/r6qc96lx1x7c0h1529l70j5m0000gn/T//ccqg8YyW.ltrans0.ltrans.o
 .rodata.display_setup1.9053
                0x1000afde        0xb /var/folders/01/r6qc96lx1x7c0h1529l70j5m0000gn/T//ccqg8YyW.ltrans0.ltrans.o
 .rodata.display_setup2.9056
                0x1000afe9        0xd /var/folders/01/r6qc96lx1x7c0h1529l70j5m0000gn/T//ccqg8YyW.ltrans0.ltrans.o
 *fill*         0x1000aff6        0x2 
 .rodata.ep0config
                0x1000aff8       0x1c /var/folders/01/r6qc96lx1x7c0h1529l70j5m0000gn/T//ccqg8YyW.ltrans0.ltrans.o
 .rodata.font   0x1000b014      0x540 /var/folders/01/r6qc96lx1x7c0h1529l70j5m0000gn/T//ccqg8YyW.ltrans0.ltrans.o
 .rodata.halted_status
                0x1000b554        0x2 /var/folders/01/r6qc96lx1x7c0h1529l70j5m0000gn/T//ccqg8YyW.ltrans0.ltrans.o
 .rodata.keymaps
                0x1000b556      0x180 /var/folders/01/r6qc96lx1x7c0h1529l70j5m0000gn/T//ccqg8YyW.ltrans0.ltrans.o
 .rodata.main.str1.1
                0x1000b6d6       0x31 /var/folders/01/r6qc96lx1x7c0h1529l70j5m0000gn/T//ccqg8YyW.ltrans0.ltrans.o
 .rodata.mode_base_table
                0x1000b6d6       0x2b /var/folders/01/r6qc96lx1x7c0h1529l70j5m0000gn/T//ccqg8YyW.ltrans0.ltrans.o
 .rodata.pio_add_program.str1.1
                0x1000b701       0x11 /var/folders/01/r6qc96lx1x7c0h1529l70j5m0000gn/T//ccqg8YyW.ltrans0.ltrans.o
 .rodata.pio_claim_unused_sm.str1.1
                0x1000b701       0x24 /var/folders/01/r6qc96lx1x7c0h1529l70j5m0000gn/T//ccqg8YyW.ltrans0.ltrans.o
 *fill*         0x1000b701        0x3 
 .rodata.ram_areas
                0x1000b704       0x80 /var/folders/01/r6qc96lx1x7c0h1529l70j5m0000gn/T//ccqg8YyW.ltrans0.ltrans.o
 .rodata.rgblight_effect_breathe_table
                0x1000b784      0x100 /var/folders/01/r6qc96lx1x7c0h1529l70j5m0000gn/T//ccqg8YyW.ltrans0.ltrans.o
 .rodata.row_pins
                0x1000b884       0x10 /var/folders/01/r6qc96lx1x7c0h1529l70j5m0000gn/T//ccqg8YyW.ltrans0.ltrans.o
 .rodata.source_map.9107
                0x1000b894        0x4 /var/folders/01/r6qc96lx1x7c0h1529l70j5m0000gn/T//ccqg8YyW.ltrans0.ltrans.o
 .rodata.split_shmem
                0x1000b898        0x4 /var/folders/01/r6qc96lx1x7c0h1529l70j5m0000gn/T//ccqg8YyW.ltrans0.ltrans.o
                0x1000b898                split_shmem
 .rodata.str1.1
                0x1000b89c        0x3 /var/folders/01/r6qc96lx1x7c0h1529l70j5m0000gn/T//ccqg8YyW.ltrans0.ltrans.o
 .rodata.target_map.9108
                0x1000b89c        0x4 /var/folders/01/r6qc96lx1x7c0h1529l70j5m0000gn/T//ccqg8YyW.ltrans0.ltrans.o
 .rodata.usb_endpoint_interface_lut
                0x1000b8a0        0x2 /var/folders/01/r6qc96lx1x7c0h1529l70j5m0000gn/T//ccqg8YyW.ltrans0.ltrans.o
 *fill*         0x1000b8a2        0x2 
 .rodata.usbcfg
                0x1000b8a4       0x10 /var/folders/01/r6qc96lx1x7c0h1529l70j5m0000gn/T//ccqg8YyW.ltrans0.ltrans.o
 .rodata.ws2812_program
                0x1000b8b4        0x6 /var/folders/01/r6qc96lx1x7c0h1529l70j5m0000gn/T//ccqg8YyW.ltrans0.ltrans.o
 .rodata.ws2812_program_instructions
                0x1000b8ba        0xc /var/folders/01/r6qc96lx1x7c0h1529l70j5m0000gn/T//ccqg8YyW.ltrans0.ltrans.o
 .rodata.zero_status
                0x1000b8c6        0x2 /var/folders/01/r6qc96lx1x7c0h1529l70j5m0000gn/T//ccqg8YyW.ltrans0.ltrans.o
 .rodata.uart_rx_program
                0x1000b8c8        0x6 .build/obj_crkbd_rev1_tensotha_helios/serial_vendor.a(serial_vendor.o)
 .rodata.uart_rx_program_instructions
                0x1000b8ce       0x12 .build/obj_crkbd_rev1_tensotha_helios/serial_vendor.a(serial_vendor.o)
 .rodata.uart_tx_program
                0x1000b8e0        0x6 .build/obj_crkbd_rev1_tensotha_helios/serial_vendor.a(serial_vendor.o)
 .rodata.uart_tx_program_instructions
                0x1000b8e6        0x8 .build/obj_crkbd_rev1_tensotha_helios/serial_vendor.a(serial_vendor.o)
 *fill*         0x1000b8ee        0x2 
 .rodata.i2cconfig
                0x1000b8f0        0x4 .build/obj_crkbd_rev1_tensotha_helios/i2c_master.a(i2c_master.o)
 .rodata.str1.4
                0x1000b8f4       0xc5 /opt/homebrew/Cellar/arm-none-eabi-gcc@8/8.5.0_2/lib/arm-none-eabi-gcc/8/gcc/arm-none-eabi/8.5.0/../../../../../../arm-none-eabi/lib/thumb/v6-m/nofp/libg_nano.a(lib_a-rand.o)
                                 0x4a (size before relaxing)
 .rodata.str1.4
                0x1000b9b9       0x43 /opt/homebrew/Cellar/arm-none-eabi-gcc@8/8.5.0_2/lib/arm-none-eabi-gcc/8/gcc/arm-none-eabi/8.5.0/../../../../../../arm-none-eabi/lib/thumb/v6-m/nofp/libg_nano.a(lib_a-assert.o)
 .rodata.str1.4
                0x1000b9b9       0x13 /opt/homebrew/Cellar/arm-none-eabi-gcc@8/8.5.0_2/lib/arm-none-eabi-gcc/8/gcc/arm-none-eabi/8.5.0/../../../../../../arm-none-eabi/lib/thumb/v6-m/nofp/libg_nano.a(lib_a-nano-vfprintf.o)
 .rodata.str1.4
                0x1000b9b9       0x25 /opt/homebrew/Cellar/arm-none-eabi-gcc@8/8.5.0_2/lib/arm-none-eabi-gcc/8/gcc/arm-none-eabi/8.5.0/../../../../../../arm-none-eabi/lib/thumb/v6-m/nofp/libg_nano.a(lib_a-nano-vfprintf_i.o)
                0x1000b9fc                        . = ALIGN (0x4)
 *fill*         0x1000b9b9        0x3 
                0x1000b9bc                        __rodata_end__ = .

.rel.dyn        0x1000b9bc        0x0
 .rel.iplt      0x1000b9bc        0x0 .build/obj_crkbd_rev1_tensotha_helios/serial_protocol.a(serial_protocol.o)

.ARM.extab
 *(.ARM.extab* .gnu.linkonce.armextab.*)

.ARM.exidx      0x1000b9bc        0x0
                0x1000b9bc                        __exidx_base__ = .
                0x1000b9bc                        __exidx_start = .
 *(.ARM.exidx* .gnu.linkonce.armexidx.*)
                0x1000b9bc                        __exidx_end__ = .
                0x1000b9bc                        __exidx_end = .

.eh_frame_hdr
 *(.eh_frame_hdr)

.eh_frame
 *(.eh_frame)

.data           0x20000000      0xc58 load address 0x1000b9bc
                [!provide]                        PROVIDE (_textdata = LOADADDR (.data))
                [!provide]                        PROVIDE (_data = .)
                0x1000b9bc                        __textdata_base__ = LOADADDR (.data)
                0x20000000                        __data_base__ = .
 *(vtable)
 *(.time_critical*)
 .time_critical.flash_enable_xip_via_boot2
                0x20000000       0x20 /var/folders/01/r6qc96lx1x7c0h1529l70j5m0000gn/T//ccqg8YyW.ltrans0.ltrans.o
 .time_critical.flash_init_boot2_copyout
                0x20000020       0x30 /var/folders/01/r6qc96lx1x7c0h1529l70j5m0000gn/T//ccqg8YyW.ltrans0.ltrans.o
 .time_critical.flash_range_erase
                0x20000050       0x60 /var/folders/01/r6qc96lx1x7c0h1529l70j5m0000gn/T//ccqg8YyW.ltrans0.ltrans.o
 .time_critical.flash_was_aborted
                0x200000b0       0x10 /var/folders/01/r6qc96lx1x7c0h1529l70j5m0000gn/T//ccqg8YyW.ltrans0.ltrans.o
 .time_critical.flash_cs_force
                0x200000c0       0x24 /var/folders/01/r6qc96lx1x7c0h1529l70j5m0000gn/T//ccqg8YyW.ltrans0.ltrans.o
 .time_critical.flash_put_cmd_addr
                0x200000e4       0x24 /var/folders/01/r6qc96lx1x7c0h1529l70j5m0000gn/T//ccqg8YyW.ltrans0.ltrans.o
 .time_critical.flash_put_get
                0x20000108       0x6a /var/folders/01/r6qc96lx1x7c0h1529l70j5m0000gn/T//ccqg8YyW.ltrans0.ltrans.o
 .time_critical._flash_do_cmd
                0x20000172       0x22 /var/folders/01/r6qc96lx1x7c0h1529l70j5m0000gn/T//ccqg8YyW.ltrans0.ltrans.o
 .time_critical.flash_enable_write
                0x20000194        0xe /var/folders/01/r6qc96lx1x7c0h1529l70j5m0000gn/T//ccqg8YyW.ltrans0.ltrans.o
 .time_critical.flash_wait_ready
                0x200001a2       0x22 /var/folders/01/r6qc96lx1x7c0h1529l70j5m0000gn/T//ccqg8YyW.ltrans0.ltrans.o
 .time_critical.pico_program_bulk
                0x200001c4       0x94 /var/folders/01/r6qc96lx1x7c0h1529l70j5m0000gn/T//ccqg8YyW.ltrans0.ltrans.o
 .time_critical.enter_rx_state
                0x20000258       0x68 .build/obj_crkbd_rev1_tensotha_helios/serial_vendor.a(serial_vendor.o)
 .time_critical.leave_rx_state
                0x200002c0       0x60 .build/obj_crkbd_rev1_tensotha_helios/serial_vendor.a(serial_vendor.o)
 .time_critical.__wrap___aeabi_idiv
                0x20000320       0x40 .build/obj_crkbd_rev1_tensotha_helios/./lib/pico-sdk/src/rp2_common/pico_divider/divider.o
                0x20000320                __wrap___aeabi_idivmod
                0x20000320                divmod_s32s32
                0x20000320                div_s32s32
                0x20000320                __wrap___aeabi_idiv
                0x20000320                divmod_s32s32_unsafe
 .time_critical.__wrap___aeabi_uidiv
                0x20000360       0x3c .build/obj_crkbd_rev1_tensotha_helios/./lib/pico-sdk/src/rp2_common/pico_divider/divider.o
                0x20000360                divmod_u32u32_unsafe
                0x20000360                __wrap___aeabi_uidiv
                0x20000360                __wrap___aeabi_uidivmod
                0x20000360                div_u32u32
                0x20000360                divmod_u32u32
 .time_critical.__wrap___aeabi_ldiv
                0x2000039c      0x3ec .build/obj_crkbd_rev1_tensotha_helios/./lib/pico-sdk/src/rp2_common/pico_divider/divider.o
                0x2000039c                __wrap___aeabi_ldivmod
                0x2000039c                div_s64s64
                0x2000039c                divmod_s64s64
                0x200003b0                divmod_u64u64
                0x200003b0                __wrap___aeabi_uldivmod
                0x200003b0                div_u64u64
                0x200003c4                divmod_s64s64_unsafe
                0x2000044c                divmod_u64u64_unsafe
 .time_critical.__aeabi_lmul
                0x20000788       0x32 .build/obj_crkbd_rev1_tensotha_helios/./lib/pico-sdk/src/rp2_common/pico_int64_ops/pico_int64_ops_aeabi.o
                0x20000788                __wrap___aeabi_lmul
 *fill*         0x200007ba        0x6 
 .time_critical.__aeabi_lmul.__stub
                0x200007c0       0x90 linker stubs
                0x20000850                        . = ALIGN (0x4)
 *fill*         0x20000850        0x0 
 *(.data)
 .data          0x20000850       0x64 /opt/homebrew/Cellar/arm-none-eabi-gcc@8/8.5.0_2/lib/arm-none-eabi-gcc/8/gcc/arm-none-eabi/8.5.0/../../../../../../arm-none-eabi/lib/thumb/v6-m/nofp/libg_nano.a(lib_a-impure.o)
                0x20000850                _impure_ptr
 *(.data.*)
 .data.SPLIT_SHARED_MEMORY_MUTEX
                0x200008b4       0x10 /var/folders/01/r6qc96lx1x7c0h1529l70j5m0000gn/T//ccqg8YyW.ltrans0.ltrans.o
 .data.STATE_MACHINE
                0x200008c4        0x4 /var/folders/01/r6qc96lx1x7c0h1529l70j5m0000gn/T//ccqg8YyW.ltrans0.ltrans.o
 .data.TRANSFER_COUNTER
                0x200008c8        0xc /var/folders/01/r6qc96lx1x7c0h1529l70j5m0000gn/T//ccqg8YyW.ltrans0.ltrans.o
 .data.__compound_literal.0.lto_priv.189
                0x200008d4       0x4c /var/folders/01/r6qc96lx1x7c0h1529l70j5m0000gn/T//ccqg8YyW.ltrans0.ltrans.o
 .data.__compound_literal.1.lto_priv.191
                0x20000920       0x4c /var/folders/01/r6qc96lx1x7c0h1529l70j5m0000gn/T//ccqg8YyW.ltrans0.ltrans.o
 .data.__compound_literal.2
                0x2000096c       0x4c /var/folders/01/r6qc96lx1x7c0h1529l70j5m0000gn/T//ccqg8YyW.ltrans0.ltrans.o
 .data.__compound_literal.3
                0x200009b8       0x4c /var/folders/01/r6qc96lx1x7c0h1529l70j5m0000gn/T//ccqg8YyW.ltrans0.ltrans.o
 .data.__compound_literal.4
                0x20000a04       0x24 /var/folders/01/r6qc96lx1x7c0h1529l70j5m0000gn/T//ccqg8YyW.ltrans0.ltrans.o
 .data.__compound_literal.5
                0x20000a28       0x1c /var/folders/01/r6qc96lx1x7c0h1529l70j5m0000gn/T//ccqg8YyW.ltrans0.ltrans.o
 .data.__compound_literal.7
                0x20000a44       0x4c /var/folders/01/r6qc96lx1x7c0h1529l70j5m0000gn/T//ccqg8YyW.ltrans0.ltrans.o
 .data.__compound_literal.8
                0x20000a90        0x4 /var/folders/01/r6qc96lx1x7c0h1529l70j5m0000gn/T//ccqg8YyW.ltrans0.ltrans.o
 .data.__compound_literal.9