Archive member included to satisfy reference by file (symbol)

.build/obj_crkbd_rev1_tensotha_helios/serial_protocol.a(serial_protocol.o)
                              .build/obj_crkbd_rev1_tensotha_helios/quantum/split_common/transport.o (symbol from plugin) (soft_serial_target_init)
.build/obj_crkbd_rev1_tensotha_helios/serial_vendor.a(serial_vendor.o)
                              .build/obj_crkbd_rev1_tensotha_helios/serial_protocol.a(serial_protocol.o) (serial_transport_driver_clear)
.build/obj_crkbd_rev1_tensotha_helios/i2c_master.a(i2c_master.o)
                              .build/obj_crkbd_rev1_tensotha_helios/oled_driver.o (symbol from plugin) (i2c_init)
/nix/store/rp78ys3fzyiaxlflma7nlhsw43dwhn9x-gcc-arm-embedded-12.3.rel1/bin/../lib/gcc/arm-none-eabi/12.3.1/thumb/v6-m/nofp/libgcc.a(_dvmd_tls.o)
                              .build/obj_crkbd_rev1_tensotha_helios/./lib/pico-sdk/src/rp2_common/pico_divider/divider.o (__aeabi_idiv0)
/nix/store/rp78ys3fzyiaxlflma7nlhsw43dwhn9x-gcc-arm-embedded-12.3.rel1/bin/../lib/gcc/arm-none-eabi/12.3.1/thumb/v6-m/nofp/libgcc.a(_fixunssfsi.o)
                              .build/obj_crkbd_rev1_tensotha_helios/serial_vendor.a(serial_vendor.o) (__aeabi_f2uiz)
/nix/store/rp78ys3fzyiaxlflma7nlhsw43dwhn9x-gcc-arm-embedded-12.3.rel1/bin/../lib/gcc/arm-none-eabi/12.3.1/thumb/v6-m/nofp/libgcc.a(divsf3.o)
                              .build/obj_crkbd_rev1_tensotha_helios/serial_vendor.a(serial_vendor.o) (__aeabi_fdiv)
/nix/store/rp78ys3fzyiaxlflma7nlhsw43dwhn9x-gcc-arm-embedded-12.3.rel1/bin/../lib/gcc/arm-none-eabi/12.3.1/thumb/v6-m/nofp/libgcc.a(mulsf3.o)
                              .build/obj_crkbd_rev1_tensotha_helios/serial_vendor.a(serial_vendor.o) (__aeabi_fmul)
/nix/store/rp78ys3fzyiaxlflma7nlhsw43dwhn9x-gcc-arm-embedded-12.3.rel1/bin/../lib/gcc/arm-none-eabi/12.3.1/thumb/v6-m/nofp/libgcc.a(subsf3.o)
                              .build/obj_crkbd_rev1_tensotha_helios/serial_vendor.a(serial_vendor.o) (__aeabi_fsub)
/nix/store/rp78ys3fzyiaxlflma7nlhsw43dwhn9x-gcc-arm-embedded-12.3.rel1/bin/../lib/gcc/arm-none-eabi/12.3.1/thumb/v6-m/nofp/libgcc.a(fixsfsi.o)
                              /nix/store/rp78ys3fzyiaxlflma7nlhsw43dwhn9x-gcc-arm-embedded-12.3.rel1/bin/../lib/gcc/arm-none-eabi/12.3.1/thumb/v6-m/nofp/libgcc.a(_fixunssfsi.o) (__aeabi_f2iz)
/nix/store/rp78ys3fzyiaxlflma7nlhsw43dwhn9x-gcc-arm-embedded-12.3.rel1/bin/../lib/gcc/arm-none-eabi/12.3.1/thumb/v6-m/nofp/libgcc.a(floatunsisf.o)
                              .build/obj_crkbd_rev1_tensotha_helios/serial_vendor.a(serial_vendor.o) (__aeabi_ui2f)
/nix/store/rp78ys3fzyiaxlflma7nlhsw43dwhn9x-gcc-arm-embedded-12.3.rel1/bin/../lib/gcc/arm-none-eabi/12.3.1/thumb/v6-m/nofp/libgcc.a(_arm_cmpsf2.o)
                              /nix/store/rp78ys3fzyiaxlflma7nlhsw43dwhn9x-gcc-arm-embedded-12.3.rel1/bin/../lib/gcc/arm-none-eabi/12.3.1/thumb/v6-m/nofp/libgcc.a(_fixunssfsi.o) (__aeabi_fcmpge)
/nix/store/rp78ys3fzyiaxlflma7nlhsw43dwhn9x-gcc-arm-embedded-12.3.rel1/bin/../lib/gcc/arm-none-eabi/12.3.1/thumb/v6-m/nofp/libgcc.a(_clzsi2.o)
                              /nix/store/rp78ys3fzyiaxlflma7nlhsw43dwhn9x-gcc-arm-embedded-12.3.rel1/bin/../lib/gcc/arm-none-eabi/12.3.1/thumb/v6-m/nofp/libgcc.a(divsf3.o) (__clzsi2)
/nix/store/rp78ys3fzyiaxlflma7nlhsw43dwhn9x-gcc-arm-embedded-12.3.rel1/bin/../lib/gcc/arm-none-eabi/12.3.1/thumb/v6-m/nofp/libgcc.a(eqsf2.o)
                              /nix/store/rp78ys3fzyiaxlflma7nlhsw43dwhn9x-gcc-arm-embedded-12.3.rel1/bin/../lib/gcc/arm-none-eabi/12.3.1/thumb/v6-m/nofp/libgcc.a(_arm_cmpsf2.o) (__eqsf2)
/nix/store/rp78ys3fzyiaxlflma7nlhsw43dwhn9x-gcc-arm-embedded-12.3.rel1/bin/../lib/gcc/arm-none-eabi/12.3.1/thumb/v6-m/nofp/libgcc.a(gesf2.o)
                              /nix/store/rp78ys3fzyiaxlflma7nlhsw43dwhn9x-gcc-arm-embedded-12.3.rel1/bin/../lib/gcc/arm-none-eabi/12.3.1/thumb/v6-m/nofp/libgcc.a(_arm_cmpsf2.o) (__gesf2)
/nix/store/rp78ys3fzyiaxlflma7nlhsw43dwhn9x-gcc-arm-embedded-12.3.rel1/bin/../lib/gcc/arm-none-eabi/12.3.1/thumb/v6-m/nofp/libgcc.a(lesf2.o)
                              /nix/store/rp78ys3fzyiaxlflma7nlhsw43dwhn9x-gcc-arm-embedded-12.3.rel1/bin/../lib/gcc/arm-none-eabi/12.3.1/thumb/v6-m/nofp/libgcc.a(_arm_cmpsf2.o) (__lesf2)
/nix/store/rp78ys3fzyiaxlflma7nlhsw43dwhn9x-gcc-arm-embedded-12.3.rel1/bin/../lib/gcc/arm-none-eabi/12.3.1/../../../../arm-none-eabi/lib/thumb/v6-m/nofp/libg_nano.a(libc_a-memcpy-stub.o)
                              .build/obj_crkbd_rev1_tensotha_helios/serial_vendor.a(serial_vendor.o) (memcpy)
/nix/store/rp78ys3fzyiaxlflma7nlhsw43dwhn9x-gcc-arm-embedded-12.3.rel1/bin/../lib/gcc/arm-none-eabi/12.3.1/../../../../arm-none-eabi/lib/thumb/v6-m/nofp/libg_nano.a(libc_a-rand.o)
                              .build/obj_crkbd_rev1_tensotha_helios/quantum/rgblight/rgblight.o (symbol from plugin) (rand)
[...]
Memory Configuration

Name             Origin             Length             Attributes
flash0           0x00000000         0x00004000         xr
flash1           0x10000000         0x00200000         xr
flash2           0x00000000         0x00000000         xr
flash3           0x00000000         0x00000000         xr
flash4           0x00000000         0x00000000         xr
flash5           0x00000000         0x00000000         xr
flash6           0x00000000         0x00000000         xr
flash7           0x00000000         0x00000000         xr
ram0             0x20000000         0x00040000         xw
ram1             0x00000000         0x00040000         xw
ram2             0x00000000         0x00000000         xw
ram3             0x00000000         0x00000000         xw
ram4             0x20040000         0x00001000         xw
ram5             0x20041000         0x00001000         xw
ram6             0x00000000         0x00000000         xw
ram7             0x20041f00         0x00000100         xw
*default*        0x00000000         0xffffffff

Linker script and memory map

LOAD .build/obj_crkbd_rev1_tensotha_helios/keyboards/crkbd/crkbd.o
LOAD /tmp/ccMmAXBq.ltrans0.ltrans.o
LOAD /tmp/ccqmaNv1.debug.temp.o
LOAD /tmp/cclnOIOH.debug.temp.o
LOAD /tmp/cckapXFC.debug.temp.o
LOAD /tmp/ccHTq0cT.debug.temp.o
LOAD /tmp/ccDBfFar.debug.temp.o
LOAD /tmp/cctymqsB.debug.temp.o
LOAD /tmp/ccR2jZL1.debug.temp.o
LOAD /tmp/cc2XxveH.debug.temp.o
LOAD /tmp/ccD44YaG.debug.temp.o
LOAD /tmp/ccZKo5GC.debug.temp.o
LOAD /tmp/ccB8x6Dh.debug.temp.o
LOAD /tmp/cc2YbeWe.debug.temp.o
LOAD /tmp/ccb721y6.debug.temp.o
LOAD /tmp/ccjp3hWO.debug.temp.o
LOAD /tmp/ccOKqyYA.debug.temp.o
LOAD /tmp/cc229mji.debug.temp.o
LOAD /tmp/ccQ3MEX2.debug.temp.o
LOAD /tmp/ccGs4nf2.debug.temp.o
LOAD /tmp/ccrexIom.debug.temp.o
LOAD /tmp/ccgwdt1t.debug.temp.o
LOAD /tmp/cchM3hMc.debug.temp.o
LOAD /tmp/ccwxw4vF.debug.temp.o
LOAD /tmp/ccsZJA9G.debug.temp.o
LOAD /tmp/ccUhsO4N.debug.temp.o
LOAD /tmp/ccMRaHvv.debug.temp.o
LOAD /tmp/cczQkEQH.debug.temp.o
LOAD /tmp/ccZA3Xlb.debug.temp.o
LOAD /tmp/cc3tUyFq.debug.temp.o
LOAD /tmp/cciFuzbr.debug.temp.o
LOAD /tmp/ccCsiphZ.debug.temp.o
LOAD /tmp/ccdVrS1C.debug.temp.o
LOAD /tmp/ccEnac1A.debug.temp.o
LOAD /tmp/cc7EtaVx.debug.temp.o
LOAD /tmp/cctyAzOZ.debug.temp.o
LOAD /tmp/cckE5O3g.debug.temp.o
LOAD /tmp/ccAcSTFK.debug.temp.o
LOAD /tmp/ccwC80c7.debug.temp.o
LOAD /tmp/ccbg5GeV.debug.temp.o
LOAD /tmp/ccMOdIBs.debug.temp.o
LOAD /tmp/cc7V2c4u.debug.temp.o
LOAD /tmp/ccGARJUu.debug.temp.o
LOAD /tmp/ccw061rD.debug.temp.o
LOAD /tmp/cc93KUFm.debug.temp.o
LOAD /tmp/ccVS1qNn.debug.temp.o
LOAD /tmp/cc5NIj8n.debug.temp.o
LOAD /tmp/ccDc3L2D.debug.temp.o
LOAD /tmp/ccNVSGbB.debug.temp.o
LOAD /tmp/cchxVBTm.debug.temp.o
LOAD /tmp/cc4qUUFf.debug.temp.o
LOAD /tmp/ccDTZ90U.debug.temp.o
LOAD /tmp/cc2VB0eZ.debug.temp.o
LOAD /tmp/ccXzKWb5.debug.temp.o
LOAD /tmp/ccDADpxU.debug.temp.o
LOAD /tmp/cckJ6MQw.debug.temp.o
LOAD /tmp/cc3G4KST.debug.temp.o
LOAD /tmp/cc5TXlp8.debug.temp.o
LOAD /tmp/ccJEn5lJ.debug.temp.o
LOAD /tmp/cchCRe9D.debug.temp.o
LOAD /tmp/ccS4OtHZ.debug.temp.o
LOAD /tmp/ccyTaHV4.debug.temp.o
LOAD /tmp/ccDmc8EM.debug.temp.o
LOAD /tmp/ccsDyO1l.debug.temp.o
LOAD /tmp/ccOFj0pK.debug.temp.o
LOAD /tmp/ccuHDrGv.debug.temp.o
LOAD /tmp/ccdct1lH.debug.temp.o
LOAD /tmp/ccwV7AC2.debug.temp.o
LOAD /tmp/ccEyvFhU.debug.temp.o
LOAD /tmp/ccqPq3Bk.debug.temp.o
LOAD /tmp/ccHDcUsV.debug.temp.o
LOAD /tmp/cc1qSSZ7.debug.temp.o
LOAD /tmp/cczYVPwD.debug.temp.o
LOAD /tmp/ccfM4WW4.debug.temp.o
LOAD /tmp/cccqLNOz.debug.temp.o
LOAD /tmp/cciqM8EN.debug.temp.o
LOAD /tmp/ccxJNarf.debug.temp.o
LOAD /tmp/cc33VuFT.debug.temp.o
LOAD /tmp/ccryVYrs.debug.temp.o
LOAD /tmp/ccXrUhUf.debug.temp.o
LOAD /tmp/cclvpQd0.debug.temp.o
LOAD /tmp/ccLRY08f.debug.temp.o
LOAD /tmp/ccVStQ6f.debug.temp.o
LOAD /tmp/cczdMipJ.debug.temp.o
LOAD /tmp/ccZBiJsM.debug.temp.o
LOAD /tmp/ccouhOOh.debug.temp.o
LOAD /tmp/cciv7UA9.debug.temp.o
LOAD /tmp/ccuKEc9b.debug.temp.o
LOAD /tmp/cczJPKqD.debug.temp.o
LOAD /tmp/ccdUVaif.debug.temp.o
LOAD /tmp/ccrYQNyS.debug.temp.o
LOAD /tmp/cc4VELip.debug.temp.o
LOAD /tmp/ccGvbpI7.debug.temp.o
LOAD /tmp/ccqV1ZUw.debug.temp.o
LOAD /tmp/ccgEBMqf.debug.temp.o
LOAD /tmp/cckJ9usK.debug.temp.o
LOAD /tmp/ccHQGWm0.debug.temp.o
LOAD /tmp/ccfWujvR.debug.temp.o
LOAD /tmp/ccBVDtHn.debug.temp.o
LOAD /tmp/ccyyRmjR.debug.temp.o
LOAD /tmp/ccYUPAFh.debug.temp.o
LOAD /tmp/ccRFYB48.debug.temp.o
LOAD /tmp/cca1amCN.debug.temp.o
LOAD /tmp/ccDA06r4.debug.temp.o
LOAD /tmp/cceSm72l.debug.temp.o
LOAD /tmp/cc2zUKf0.debug.temp.o
LOAD /tmp/ccuGUt9N.debug.temp.o
LOAD /tmp/ccV7AMxQ.debug.temp.o
LOAD /tmp/ccJDhznI.debug.temp.o
LOAD /tmp/cc6fdXSC.debug.temp.o
LOAD /tmp/ccRonnc2.debug.temp.o
LOAD /tmp/ccRyREK8.debug.temp.o
LOAD /tmp/cc1nNPAk.debug.temp.o
LOAD /tmp/ccvWl5Is.debug.temp.o
LOAD /tmp/ccjMzxne.debug.temp.o
LOAD /tmp/cc1bHjSp.debug.temp.o
LOAD /tmp/ccGzjTVr.debug.temp.o
LOAD /tmp/ccwKkkLg.debug.temp.o
LOAD /tmp/cc7ESup9.debug.temp.o
LOAD /tmp/ccBALck6.debug.temp.o
LOAD /tmp/ccV7p599.debug.temp.o
LOAD /tmp/ccNPuFT6.debug.temp.o
LOAD /tmp/ccfxyZF5.debug.temp.o
LOAD /tmp/ccdW68d0.debug.temp.o
LOAD /tmp/ccXDO53Z.debug.temp.o
LOAD /tmp/cczzVanx.debug.temp.o
LOAD /tmp/ccaWxPvH.debug.temp.o
LOAD /tmp/ccOIcU0m.debug.temp.o
LOAD /tmp/ccPLqGCb.debug.temp.o
LOAD /tmp/ccSqBHqg.debug.temp.o
LOAD /tmp/ccr5KyNH.debug.temp.o
LOAD /tmp/ccq6zmX8.debug.temp.o
LOAD /tmp/ccofYi4G.debug.temp.o
LOAD /tmp/ccYCS0i8.debug.temp.o
LOAD /tmp/ccTBwInr.debug.temp.o
LOAD /tmp/cc6cpb3v.debug.temp.o
LOAD /tmp/ccWF9En0.debug.temp.o
LOAD /tmp/ccuroH85.debug.temp.o
LOAD /tmp/cca5sEMI.debug.temp.o
LOAD /tmp/cca5rqNM.debug.temp.o
LOAD /tmp/ccYrgAqL.debug.temp.o
LOAD /tmp/cc7kLvfu.debug.temp.o
LOAD /tmp/ccYrZred.debug.temp.o
LOAD /tmp/cc275QEc.debug.temp.o
LOAD /tmp/ccpWng3f.debug.temp.o
LOAD /tmp/cckcPaWA.debug.temp.o
LOAD /tmp/ccljrGNf.debug.temp.o
LOAD /tmp/ccS8ZQCV.debug.temp.o
LOAD /tmp/cc6skOeT.debug.temp.o
LOAD /tmp/ccXHlxMN.debug.temp.o
LOAD /tmp/ccuhIyRR.debug.temp.o
LOAD /tmp/ccwh3j8U.debug.temp.o
LOAD /tmp/ccgnwXWh.debug.temp.o
LOAD /tmp/cc2SYbYR.debug.temp.o
LOAD /tmp/ccKTZd5f.debug.temp.o
LOAD /tmp/ccUW5dFC.debug.temp.o
LOAD /tmp/ccElzmrj.debug.temp.o
LOAD /tmp/ccZexYZc.debug.temp.o
LOAD /tmp/cc4D0skF.debug.temp.o
LOAD /tmp/ccMVkuAg.debug.temp.o
LOAD /tmp/cchps4ys.debug.temp.o
LOAD /tmp/cc7nOoAI.debug.temp.o
LOAD /tmp/cc3MH2vZ.debug.temp.o
LOAD .build/obj_crkbd_rev1_tensotha_helios/.build/obj_crkbd_rev1_tensotha_helios/src/default_keyboard.o
LOAD .build/obj_crkbd_rev1_tensotha_helios/quantum/keymap_introspection.o
LOAD .build/obj_crkbd_rev1_tensotha_helios/quantum/quantum.o
LOAD .build/obj_crkbd_rev1_tensotha_helios/quantum/bitwise.o
LOAD .build/obj_crkbd_rev1_tensotha_helios/quantum/led.o
LOAD .build/obj_crkbd_rev1_tensotha_helios/quantum/action.o
LOAD .build/obj_crkbd_rev1_tensotha_helios/quantum/action_layer.o
LOAD .build/obj_crkbd_rev1_tensotha_helios/quantum/action_tapping.o
LOAD .build/obj_crkbd_rev1_tensotha_helios/quantum/action_util.o
LOAD .build/obj_crkbd_rev1_tensotha_helios/quantum/eeconfig.o
LOAD .build/obj_crkbd_rev1_tensotha_helios/quantum/keyboard.o
LOAD .build/obj_crkbd_rev1_tensotha_helios/quantum/keymap_common.o
LOAD .build/obj_crkbd_rev1_tensotha_helios/quantum/keycode_config.o
LOAD .build/obj_crkbd_rev1_tensotha_helios/quantum/sync_timer.o
LOAD .build/obj_crkbd_rev1_tensotha_helios/quantum/logging/debug.o
LOAD .build/obj_crkbd_rev1_tensotha_helios/quantum/logging/sendchar.o
LOAD .build/obj_crkbd_rev1_tensotha_helios/quantum/logging/print.o
LOAD .build/obj_crkbd_rev1_tensotha_helios/quantum/matrix_common.o
LOAD .build/obj_crkbd_rev1_tensotha_helios/quantum/matrix.o
LOAD .build/obj_crkbd_rev1_tensotha_helios/quantum/debounce/sym_defer_g.o
LOAD .build/obj_crkbd_rev1_tensotha_helios/quantum/split_common/split_util.o
LOAD .build/obj_crkbd_rev1_tensotha_helios/quantum/split_common/transport.o
LOAD .build/obj_crkbd_rev1_tensotha_helios/quantum/split_common/transactions.o
LOAD .build/obj_crkbd_rev1_tensotha_helios/quantum/main.o
LOAD .build/obj_crkbd_rev1_tensotha_helios/printf.o
LOAD .build/obj_crkbd_rev1_tensotha_helios/eeprom_driver.o
LOAD .build/obj_crkbd_rev1_tensotha_helios/eeprom_wear_leveling.o
LOAD .build/obj_crkbd_rev1_tensotha_helios/wear_leveling.o
LOAD .build/obj_crkbd_rev1_tensotha_helios/wear_leveling_rp2040_flash.o
LOAD .build/obj_crkbd_rev1_tensotha_helios/quantum/color.o
LOAD .build/obj_crkbd_rev1_tensotha_helios/quantum/rgblight/rgblight.o
LOAD .build/obj_crkbd_rev1_tensotha_helios/quantum/rgblight/rgblight_drivers.o
LOAD .build/obj_crkbd_rev1_tensotha_helios/quantum/process_keycode/process_rgb.o
LOAD .build/obj_crkbd_rev1_tensotha_helios/quantum/led_tables.o
LOAD .build/obj_crkbd_rev1_tensotha_helios/qmk_fnv_type_validation.o
LOAD .build/obj_crkbd_rev1_tensotha_helios/hash_32a.o
LOAD .build/obj_crkbd_rev1_tensotha_helios/hash_64a.o
LOAD .build/obj_crkbd_rev1_tensotha_helios/oled_driver.o
LOAD .build/obj_crkbd_rev1_tensotha_helios/ws2812_vendor.o
LOAD .build/obj_crkbd_rev1_tensotha_helios/quantum/bootmagic/bootmagic.o
LOAD .build/obj_crkbd_rev1_tensotha_helios/quantum/crc.o
LOAD .build/obj_crkbd_rev1_tensotha_helios/quantum/process_keycode/process_grave_esc.o
LOAD .build/obj_crkbd_rev1_tensotha_helios/quantum/process_keycode/process_magic.o
LOAD .build/obj_crkbd_rev1_tensotha_helios/quantum/mousekey.o
LOAD .build/obj_crkbd_rev1_tensotha_helios/quantum/send_string/send_string.o
LOAD .build/obj_crkbd_rev1_tensotha_helios/quantum/process_keycode/process_space_cadet.o
LOAD .build/obj_crkbd_rev1_tensotha_helios/protocol/host.o
LOAD .build/obj_crkbd_rev1_tensotha_helios/protocol/report.o
LOAD .build/obj_crkbd_rev1_tensotha_helios/protocol/usb_device_state.o
LOAD .build/obj_crkbd_rev1_tensotha_helios/protocol/usb_util.o
LOAD .build/obj_crkbd_rev1_tensotha_helios/platforms/suspend.o
LOAD .build/obj_crkbd_rev1_tensotha_helios/platforms/synchronization_util.o
LOAD .build/obj_crkbd_rev1_tensotha_helios/platforms/timer.o
LOAD .build/obj_crkbd_rev1_tensotha_helios/platforms/chibios/hardware_id.o
LOAD .build/obj_crkbd_rev1_tensotha_helios/platforms/chibios/platform.o
LOAD .build/obj_crkbd_rev1_tensotha_helios/platforms/chibios/suspend.o
LOAD .build/obj_crkbd_rev1_tensotha_helios/platforms/chibios/timer.o
LOAD .build/obj_crkbd_rev1_tensotha_helios/platforms/chibios/bootloaders/rp2040.o
LOAD .build/obj_crkbd_rev1_tensotha_helios/serial_protocol.a
LOAD .build/obj_crkbd_rev1_tensotha_helios/serial_vendor.a
LOAD .build/obj_crkbd_rev1_tensotha_helios/i2c_master.a
LOAD .build/obj_crkbd_rev1_tensotha_helios/./lib/chibios/os/common/startup/ARMCMx/compilers/GCC/crt0_v6m.o
LOAD .build/obj_crkbd_rev1_tensotha_helios/./lib/chibios/os/common/startup/ARMCMx/compilers/GCC/vectors.o
LOAD .build/obj_crkbd_rev1_tensotha_helios/./lib/chibios/os/common/ports/ARMv6-M-RP2/compilers/GCC/chcoreasm.o
LOAD .build/obj_crkbd_rev1_tensotha_helios/protocol/chibios/usb_main.o
LOAD .build/obj_crkbd_rev1_tensotha_helios/protocol/chibios/chibios.o
LOAD .build/obj_crkbd_rev1_tensotha_helios/usb_descriptor.o
LOAD .build/obj_crkbd_rev1_tensotha_helios/protocol/chibios/usb_driver.o
LOAD .build/obj_crkbd_rev1_tensotha_helios/protocol/chibios/usb_endpoints.o
LOAD .build/obj_crkbd_rev1_tensotha_helios/protocol/chibios/usb_report_handling.o
LOAD .build/obj_crkbd_rev1_tensotha_helios/protocol/chibios/usb_util.o
LOAD .build/obj_crkbd_rev1_tensotha_helios/lib/chibios/os/common/startup/ARMCMx/compilers/GCC/crt1.o
LOAD .build/obj_crkbd_rev1_tensotha_helios/lib/chibios/os/rt/src/chsys.o
LOAD .build/obj_crkbd_rev1_tensotha_helios/lib/chibios/os/rt/src/chrfcu.o
LOAD .build/obj_crkbd_rev1_tensotha_helios/lib/chibios/os/rt/src/chdebug.o
LOAD .build/obj_crkbd_rev1_tensotha_helios/lib/chibios/os/rt/src/chtrace.o
LOAD .build/obj_crkbd_rev1_tensotha_helios/lib/chibios/os/rt/src/chvt.o
LOAD .build/obj_crkbd_rev1_tensotha_helios/lib/chibios/os/rt/src/chschd.o
LOAD .build/obj_crkbd_rev1_tensotha_helios/lib/chibios/os/rt/src/chinstances.o
LOAD .build/obj_crkbd_rev1_tensotha_helios/lib/chibios/os/rt/src/chthreads.o
LOAD .build/obj_crkbd_rev1_tensotha_helios/lib/chibios/os/rt/src/chtm.o
LOAD .build/obj_crkbd_rev1_tensotha_helios/lib/chibios/os/rt/src/chstats.o
LOAD .build/obj_crkbd_rev1_tensotha_helios/lib/chibios/os/rt/src/chregistry.o
LOAD .build/obj_crkbd_rev1_tensotha_helios/lib/chibios/os/rt/src/chsem.o
LOAD .build/obj_crkbd_rev1_tensotha_helios/lib/chibios/os/rt/src/chmtx.o
LOAD .build/obj_crkbd_rev1_tensotha_helios/lib/chibios/os/rt/src/chcond.o
LOAD .build/obj_crkbd_rev1_tensotha_helios/lib/chibios/os/rt/src/chevents.o
LOAD .build/obj_crkbd_rev1_tensotha_helios/lib/chibios/os/rt/src/chmsg.o
LOAD .build/obj_crkbd_rev1_tensotha_helios/lib/chibios/os/rt/src/chdynamic.o
LOAD .build/obj_crkbd_rev1_tensotha_helios/lib/chibios/os/common/ports/ARMv6-M-RP2/chcore.o
LOAD .build/obj_crkbd_rev1_tensotha_helios/lib/chibios/os/hal/osal/rt-nil/osal.o
LOAD .build/obj_crkbd_rev1_tensotha_helios/lib/chibios/os/oslib/src/chmboxes.o
LOAD .build/obj_crkbd_rev1_tensotha_helios/lib/chibios/os/oslib/src/chmemcore.o
LOAD .build/obj_crkbd_rev1_tensotha_helios/lib/chibios/os/oslib/src/chmemheaps.o
LOAD .build/obj_crkbd_rev1_tensotha_helios/lib/chibios/os/oslib/src/chmempools.o
LOAD .build/obj_crkbd_rev1_tensotha_helios/lib/chibios/os/oslib/src/chpipes.o
LOAD .build/obj_crkbd_rev1_tensotha_helios/lib/chibios/os/oslib/src/chobjcaches.o
LOAD .build/obj_crkbd_rev1_tensotha_helios/lib/chibios/os/oslib/src/chdelegates.o
LOAD .build/obj_crkbd_rev1_tensotha_helios/lib/chibios/os/oslib/src/chfactory.o
LOAD .build/obj_crkbd_rev1_tensotha_helios/lib/chibios/os/hal/src/hal.o
LOAD .build/obj_crkbd_rev1_tensotha_helios/lib/chibios/os/hal/src/hal_st.o
LOAD .build/obj_crkbd_rev1_tensotha_helios/lib/chibios/os/hal/src/hal_buffers.o
LOAD .build/obj_crkbd_rev1_tensotha_helios/lib/chibios/os/hal/src/hal_queues.o
LOAD .build/obj_crkbd_rev1_tensotha_helios/lib/chibios/os/hal/src/hal_flash.o
LOAD .build/obj_crkbd_rev1_tensotha_helios/lib/chibios/os/hal/src/hal_mmcsd.o
LOAD .build/obj_crkbd_rev1_tensotha_helios/lib/chibios/os/hal/src/hal_adc.o
LOAD .build/obj_crkbd_rev1_tensotha_helios/lib/chibios/os/hal/src/hal_can.o
LOAD .build/obj_crkbd_rev1_tensotha_helios/lib/chibios/os/hal/src/hal_crypto.o
LOAD .build/obj_crkbd_rev1_tensotha_helios/lib/chibios/os/hal/src/hal_dac.o
LOAD .build/obj_crkbd_rev1_tensotha_helios/lib/chibios/os/hal/src/hal_efl.o
LOAD .build/obj_crkbd_rev1_tensotha_helios/lib/chibios/os/hal/src/hal_gpt.o
LOAD .build/obj_crkbd_rev1_tensotha_helios/lib/chibios/os/hal/src/hal_i2c.o
LOAD .build/obj_crkbd_rev1_tensotha_helios/lib/chibios/os/hal/src/hal_i2s.o
LOAD .build/obj_crkbd_rev1_tensotha_helios/lib/chibios/os/hal/src/hal_icu.o
LOAD .build/obj_crkbd_rev1_tensotha_helios/lib/chibios/os/hal/src/hal_mac.o
LOAD .build/obj_crkbd_rev1_tensotha_helios/lib/chibios/os/hal/src/hal_mmc_spi.o
LOAD .build/obj_crkbd_rev1_tensotha_helios/lib/chibios/os/hal/src/hal_pal.o
LOAD .build/obj_crkbd_rev1_tensotha_helios/lib/chibios/os/hal/src/hal_pwm.o
LOAD .build/obj_crkbd_rev1_tensotha_helios/lib/chibios/os/hal/src/hal_rtc.o
LOAD .build/obj_crkbd_rev1_tensotha_helios/lib/chibios/os/hal/src/hal_sdc.o
LOAD .build/obj_crkbd_rev1_tensotha_helios/lib/chibios/os/hal/src/hal_serial.o
LOAD .build/obj_crkbd_rev1_tensotha_helios/lib/chibios/os/hal/src/hal_serial_usb.o
LOAD .build/obj_crkbd_rev1_tensotha_helios/lib/chibios/os/hal/src/hal_sio.o
LOAD .build/obj_crkbd_rev1_tensotha_helios/lib/chibios/os/hal/src/hal_spi.o
LOAD .build/obj_crkbd_rev1_tensotha_helios/lib/chibios/os/hal/src/hal_trng.o
LOAD .build/obj_crkbd_rev1_tensotha_helios/lib/chibios/os/hal/src/hal_uart.o
LOAD .build/obj_crkbd_rev1_tensotha_helios/lib/chibios/os/hal/src/hal_usb.o
LOAD .build/obj_crkbd_rev1_tensotha_helios/lib/chibios/os/hal/src/hal_wdg.o
LOAD .build/obj_crkbd_rev1_tensotha_helios/lib/chibios/os/hal/src/hal_wspi.o
LOAD .build/obj_crkbd_rev1_tensotha_helios/lib/chibios/os/hal/ports/common/ARMCMx/nvic.o
LOAD .build/obj_crkbd_rev1_tensotha_helios/lib/chibios/os/hal/ports/RP/RP2040/rp_isr.o
LOAD .build/obj_crkbd_rev1_tensotha_helios/lib/chibios/os/hal/ports/RP/RP2040/hal_lld.o
LOAD .build/obj_crkbd_rev1_tensotha_helios/lib/chibios/os/hal/ports/RP/LLD/DMAv1/rp_dma.o
LOAD .build/obj_crkbd_rev1_tensotha_helios/lib/chibios/os/hal/ports/RP/LLD/GPIOv1/hal_pal_lld.o
LOAD .build/obj_crkbd_rev1_tensotha_helios/lib/chibios/os/hal/ports/RP/LLD/SPIv1/hal_spi_lld.o
LOAD .build/obj_crkbd_rev1_tensotha_helios/lib/chibios/os/hal/ports/RP/LLD/TIMERv1/hal_st_lld.o
LOAD .build/obj_crkbd_rev1_tensotha_helios/lib/chibios/os/hal/ports/RP/LLD/UARTv1/hal_sio_lld.o
LOAD .build/obj_crkbd_rev1_tensotha_helios/lib/chibios/os/hal/ports/RP/LLD/RTCv1/hal_rtc_lld.o
LOAD .build/obj_crkbd_rev1_tensotha_helios/lib/chibios/os/hal/ports/RP/LLD/WDGv1/hal_wdg_lld.o
LOAD .build/obj_crkbd_rev1_tensotha_helios/lib/chibios-contrib/os/hal/ports/RP/LLD/I2Cv1/hal_i2c_lld.o
LOAD .build/obj_crkbd_rev1_tensotha_helios/lib/chibios-contrib/os/hal/ports/RP/LLD/PWMv1/hal_pwm_lld.o
LOAD .build/obj_crkbd_rev1_tensotha_helios/lib/chibios-contrib/os/hal/ports/RP/LLD/ADCv1/hal_adc_lld.o
LOAD .build/obj_crkbd_rev1_tensotha_helios/lib/chibios-contrib/os/hal/ports/RP/LLD/USBDv1/hal_usb_lld.o
LOAD .build/obj_crkbd_rev1_tensotha_helios/lib/chibios/os/hal/boards/RP_PICO_RP2040/board.o
LOAD .build/obj_crkbd_rev1_tensotha_helios/lib/chibios/os/hal/lib/streams/chprintf.o
LOAD .build/obj_crkbd_rev1_tensotha_helios/lib/chibios/os/hal/lib/streams/chscanf.o
LOAD .build/obj_crkbd_rev1_tensotha_helios/lib/chibios/os/hal/lib/streams/memstreams.o
LOAD .build/obj_crkbd_rev1_tensotha_helios/lib/chibios/os/hal/lib/streams/nullstreams.o
LOAD .build/obj_crkbd_rev1_tensotha_helios/lib/chibios/os/hal/lib/streams/bufstreams.o
LOAD .build/obj_crkbd_rev1_tensotha_helios/lib/chibios/os/various/syscalls.o
LOAD .build/obj_crkbd_rev1_tensotha_helios/platforms/chibios/syscall-fallbacks.o
LOAD .build/obj_crkbd_rev1_tensotha_helios/platforms/chibios/wait.o
LOAD .build/obj_crkbd_rev1_tensotha_helios/platforms/chibios/synchronization_util.o
LOAD .build/obj_crkbd_rev1_tensotha_helios/platforms/chibios/interrupt_handlers.o
LOAD .build/obj_crkbd_rev1_tensotha_helios/./lib/pico-sdk/src/rp2_common/hardware_clocks/clocks.o
LOAD .build/obj_crkbd_rev1_tensotha_helios/./lib/pico-sdk/src/rp2_common/hardware_pll/pll.o
LOAD .build/obj_crkbd_rev1_tensotha_helios/./lib/pico-sdk/src/rp2_common/hardware_pio/pio.o
LOAD .build/obj_crkbd_rev1_tensotha_helios/./lib/pico-sdk/src/rp2_common/hardware_timer/timer.o
LOAD .build/obj_crkbd_rev1_tensotha_helios/./lib/pico-sdk/src/rp2_common/hardware_flash/flash.o
LOAD .build/obj_crkbd_rev1_tensotha_helios/./lib/pico-sdk/src/rp2_common/hardware_gpio/gpio.o
LOAD .build/obj_crkbd_rev1_tensotha_helios/./lib/pico-sdk/src/rp2_common/hardware_claim/claim.o
LOAD .build/obj_crkbd_rev1_tensotha_helios/./lib/pico-sdk/src/rp2_common/hardware_watchdog/watchdog.o
LOAD .build/obj_crkbd_rev1_tensotha_helios/./lib/pico-sdk/src/rp2_common/hardware_xosc/xosc.o
LOAD .build/obj_crkbd_rev1_tensotha_helios/./lib/pico-sdk/src/rp2_common/pico_bootrom/bootrom.o
LOAD .build/obj_crkbd_rev1_tensotha_helios/platforms/chibios/vendors/RP/stage2_bootloaders.o
LOAD .build/obj_crkbd_rev1_tensotha_helios/platforms/chibios/vendors/RP/pico_sdk_shims.o
LOAD .build/obj_crkbd_rev1_tensotha_helios/./lib/pico-sdk/src/rp2_common/pico_divider/divider.o
LOAD .build/obj_crkbd_rev1_tensotha_helios/./lib/pico-sdk/src/rp2_common/pico_int64_ops/pico_int64_ops_aeabi.o
                0x00000800                        __process_stack_size__ = 0x800
                0x00000400                        __main_stack_size__ = 0x400
LOAD /nix/store/rp78ys3fzyiaxlflma7nlhsw43dwhn9x-gcc-arm-embedded-12.3.rel1/bin/../lib/gcc/arm-none-eabi/12.3.1/../../../../arm-none-eabi/lib/thumb/v6-m/nofp/libm.a
START GROUP
LOAD /nix/store/rp78ys3fzyiaxlflma7nlhsw43dwhn9x-gcc-arm-embedded-12.3.rel1/bin/../lib/gcc/arm-none-eabi/12.3.1/thumb/v6-m/nofp/libgcc.a
LOAD /nix/store/rp78ys3fzyiaxlflma7nlhsw43dwhn9x-gcc-arm-embedded-12.3.rel1/bin/../lib/gcc/arm-none-eabi/12.3.1/../../../../arm-none-eabi/lib/thumb/v6-m/nofp/libg_nano.a
LOAD /nix/store/rp78ys3fzyiaxlflma7nlhsw43dwhn9x-gcc-arm-embedded-12.3.rel1/bin/../lib/gcc/arm-none-eabi/12.3.1/../../../../arm-none-eabi/lib/thumb/v6-m/nofp/libc_nano.a
END GROUP
START GROUP
LOAD /nix/store/rp78ys3fzyiaxlflma7nlhsw43dwhn9x-gcc-arm-embedded-12.3.rel1/bin/../lib/gcc/arm-none-eabi/12.3.1/thumb/v6-m/nofp/libgcc.a
LOAD /nix/store/rp78ys3fzyiaxlflma7nlhsw43dwhn9x-gcc-arm-embedded-12.3.rel1/bin/../lib/gcc/arm-none-eabi/12.3.1/../../../../arm-none-eabi/lib/thumb/v6-m/nofp/libc_nano.a
END GROUP

.flash_begin    0x10000000        0x0
                0x10000000                        __flash_binary_start = .

.boot2          0x10000000      0x100
                0x10000000                        __boot2_start__ = .
 *(.boot2)
 .boot2         0x10000000      0x100 /tmp/ccMmAXBq.ltrans0.ltrans.o
                0x10000000                BOOT2_ROM
                0x10000100                        __boot2_end__ = .

.mstack         0x20040000      0x400
                0x20040000                        . = ALIGN (0x8)
                0x20040000                        __main_stack_base__ = .
                0x20040400                        . = (. + __main_stack_size__)
 *fill*         0x20040000      0x400 
                0x20040400                        . = ALIGN (0x8)
                0x20040400                        __main_stack_end__ = .

.pstack         0x20040400      0x800
                0x20040400                        . = ALIGN (0x8)
                0x20040400                        __process_stack_base__ = .
                0x20040400                        __main_thread_stack_base__ = .
                0x20040c00                        . = (. + __process_stack_size__)
 *fill*         0x20040400      0x800 
                0x20040c00                        . = ALIGN (0x8)
                0x20040c00                        __process_stack_end__ = .
                0x20040c00                        __main_thread_stack_end__ = .
                0x00000400                        __c1_main_stack_size__ = __main_stack_size__
                0x00000800                        __c1_process_stack_size__ = __process_stack_size__

.c1_mstack      0x20041000      0x400
                0x20041000                        . = ALIGN (0x8)
                0x20041000                        __c1_main_stack_base__ = .
                0x20041400                        . = (. + __c1_main_stack_size__)
 *fill*         0x20041000      0x400 
                0x20041400                        . = ALIGN (0x8)
                0x20041400                        __c1_main_stack_end__ = .

.c1_pstack      0x20041400      0x800
                0x20041400                        . = ALIGN (0x8)
                0x20041400                        __c1_process_stack_base__ = .
                0x20041400                        __c1_main_thread_stack_base__ = .
                0x20041c00                        . = (. + __c1_process_stack_size__)
 *fill*         0x20041400      0x800 
                0x20041c00                        . = ALIGN (0x8)
                0x20041c00                        __c1_process_stack_end__ = .
                0x20041c00                        __c1_main_thread_stack_end__ = .

.vectors        0x10000100       0xc0
                0x10000100                        __textvectors_base__ = LOADADDR (.vectors)
                0x10000100                        __vectors_base__ = .
 *(.vectors)
 .vectors       0x10000100       0xc0 .build/obj_crkbd_rev1_tensotha_helios/./lib/chibios/os/common/startup/ARMCMx/compilers/GCC/vectors.o
                0x10000100                _vectors
                0x100001c0                        __vectors_end__ = .

.xtors          0x100001c0        0x0
                0x100001c0                        __init_array_base__ = .
 *(SORT_BY_NAME(.init_array.*))
 *(.init_array)
                0x100001c0                        __init_array_end__ = .
                0x100001c0                        __fini_array_base__ = .
 *(.fini_array)
 *(SORT_BY_NAME(.fini_array.*))
                0x100001c0                        __fini_array_end__ = .

.text           0x100001c0     0x9948
                0x100001c0                        __text_base__ = .
 *(.text)
 .text          0x100001c0      0x104 .build/obj_crkbd_rev1_tensotha_helios/./lib/chibios/os/common/startup/ARMCMx/compilers/GCC/crt0_v6m.o
                0x100001c0                _crt0_entry
 .text          0x100002c4        0x8 .build/obj_crkbd_rev1_tensotha_helios/./lib/chibios/os/common/startup/ARMCMx/compilers/GCC/vectors.o
                0x100002c4                Reset_Handler
                0x100002c6                Vector58
                0x100002c6                Vector9C
                0x100002c6                VectorAC
                0x100002c6                DebugMon_Handler
                0x100002c6                HardFault_Handler
                0x100002c6                Vector8C
                0x100002c6                SysTick_Handler
                0x100002c6                PendSV_Handler
                0x100002c6                Vector94
                0x100002c6                VectorA8
                0x100002c6                VectorB4
                0x100002c6                Vector74
                0x100002c6                UsageFault_Handler
                0x100002c6                VectorBC
                0x100002c6                Vector64
                0x100002c6                Vector24
                0x100002c6                Vector84
                0x100002c6                SecureFault_Handler
                0x100002c6                MemManage_Handler
                0x100002c6                SVC_Handler
                0x100002c6                VectorB0
                0x100002c6                Vector90
                0x100002c6                Vector60
                0x100002c6                Vector68
                0x100002c6                Vector78
                0x100002c6                Vector88
                0x100002c6                BusFault_Handler
                0x100002c6                Vector50
                0x100002c6                Vector28
                0x100002c6                VectorB8
                0x100002c6                Vector34
                0x100002c6                VectorA4
                0x100002c6                Vector20
                0x100002ca                _unhandled_exception
 .text          0x100002cc       0x48 .build/obj_crkbd_rev1_tensotha_helios/./lib/chibios/os/common/ports/ARMv6-M-RP2/compilers/GCC/chcoreasm.o
                0x100002cc                __port_switch
                0x100002ec                __port_thread_start
                0x100002fe                __port_switch_from_isr
                0x10000302                __port_exit_from_isr
 .text          0x10000314        0x4 /nix/store/rp78ys3fzyiaxlflma7nlhsw43dwhn9x-gcc-arm-embedded-12.3.rel1/bin/../lib/gcc/arm-none-eabi/12.3.1/thumb/v6-m/nofp/libgcc.a(_dvmd_tls.o)
                0x10000314                __aeabi_ldiv0
                0x10000314                __aeabi_idiv0
 .text          0x10000318       0x74 /nix/store/rp78ys3fzyiaxlflma7nlhsw43dwhn9x-gcc-arm-embedded-12.3.rel1/bin/../lib/gcc/arm-none-eabi/12.3.1/thumb/v6-m/nofp/libgcc.a(_arm_cmpsf2.o)
                0x10000318                __aeabi_cfrcmple
                0x10000320                __aeabi_cfcmple
                0x10000320                __aeabi_cfcmpeq
                0x10000330                __aeabi_fcmpeq
                0x1000033c                __aeabi_fcmplt
                0x10000350                __aeabi_fcmple
                0x10000364                __aeabi_fcmpgt
                0x10000378                __aeabi_fcmpge
 .text          0x1000038c       0x3c /nix/store/rp78ys3fzyiaxlflma7nlhsw43dwhn9x-gcc-arm-embedded-12.3.rel1/bin/../lib/gcc/arm-none-eabi/12.3.1/thumb/v6-m/nofp/libgcc.a(_clzsi2.o)
                0x1000038c                __clzsi2
 .text          0x100003c8       0x14 /nix/store/rp78ys3fzyiaxlflma7nlhsw43dwhn9x-gcc-arm-embedded-12.3.rel1/bin/../lib/gcc/arm-none-eabi/12.3.1/thumb/v6-m/nofp/libgcc.a(_thumb1_case_sqi.o)
                0x100003c8                __gnu_thumb1_case_sqi
 .text          0x100003dc       0x14 /nix/store/rp78ys3fzyiaxlflma7nlhsw43dwhn9x-gcc-arm-embedded-12.3.rel1/bin/../lib/gcc/arm-none-eabi/12.3.1/thumb/v6-m/nofp/libgcc.a(_thumb1_case_uqi.o)
                0x100003dc                __gnu_thumb1_case_uqi
 .text          0x100003f0       0x14 /nix/store/rp78ys3fzyiaxlflma7nlhsw43dwhn9x-gcc-arm-embedded-12.3.rel1/bin/../lib/gcc/arm-none-eabi/12.3.1/thumb/v6-m/nofp/libgcc.a(_thumb1_case_uhi.o)
                0x100003f0                __gnu_thumb1_case_uhi
 .text          0x10000404       0x40 /nix/store/rp78ys3fzyiaxlflma7nlhsw43dwhn9x-gcc-arm-embedded-12.3.rel1/bin/../lib/gcc/arm-none-eabi/12.3.1/thumb/v6-m/nofp/libgcc.a(_ctzsi2.o)
                0x10000404                __ctzsi2
 .text          0x10000444        0xe /nix/store/rp78ys3fzyiaxlflma7nlhsw43dwhn9x-gcc-arm-embedded-12.3.rel1/bin/../lib/gcc/arm-none-eabi/12.3.1/../../../../arm-none-eabi/lib/thumb/v6-m/nofp/libg_nano.a(libc_a-strlen.o)
                0x10000444                strlen
 *fill*         0x10000452        0x2 
 .text          0x10000454       0x14 /nix/store/rp78ys3fzyiaxlflma7nlhsw43dwhn9x-gcc-arm-embedded-12.3.rel1/bin/../lib/gcc/arm-none-eabi/12.3.1/thumb/v6-m/nofp/libgcc.a(_thumb1_case_shi.o)
                0x10000454                __gnu_thumb1_case_shi
 *(.text.*)
 .text.layer_on
                0x10000468       0x14 /tmp/ccMmAXBq.ltrans0.ltrans.o
 .text.layer_off
                0x1000047c       0x14 /tmp/ccMmAXBq.ltrans0.ltrans.o
 .text.update_source_layers_cache
                0x10000490       0x50 /tmp/ccMmAXBq.ltrans0.ltrans.o
 .text.read_source_layers_cache
                0x100004e0       0x48 /tmp/ccMmAXBq.ltrans0.ltrans.o
 .text.debug_waiting_buffer
                0x10000528       0x20 /tmp/ccMmAXBq.ltrans0.ltrans.o
 .text.clear_oneshot_layer_state
                0x10000548       0x38 /tmp/ccMmAXBq.ltrans0.ltrans.o
 .text.get_mods_for_report
                0x10000580       0x6c /tmp/ccMmAXBq.ltrans0.ltrans.o
 .text.del_mods
                0x100005ec       0x10 /tmp/ccMmAXBq.ltrans0.ltrans.o
 .text.keymap_key_to_keycode
                0x100005fc       0x38 /tmp/ccMmAXBq.ltrans0.ltrans.o
 .text.keycode_config
                0x10000634      0x100 /tmp/ccMmAXBq.ltrans0.ltrans.o
 .text.mod_config
                0x10000734       0x98 /tmp/ccMmAXBq.ltrans0.ltrans.o
 .text.action_for_keycode
                0x100007cc      0x1d0 /tmp/ccMmAXBq.ltrans0.ltrans.o
 .text.layer_switch_get_layer
                0x1000099c       0x50 /tmp/ccMmAXBq.ltrans0.ltrans.o
 .text.get_record_keycode
                0x100009ec       0x34 /tmp/ccMmAXBq.ltrans0.ltrans.o
 .text.layer_switch_get_action
                0x10000a20       0x20 /tmp/ccMmAXBq.ltrans0.ltrans.o
 .text.is_tap_record
                0x10000a40       0x56 /tmp/ccMmAXBq.ltrans0.ltrans.o
 .text.sendchar
                0x10000a96        0x4 /tmp/ccMmAXBq.ltrans0.ltrans.o
 .text.null_sendchar_func
                0x10000a9a        0x4 /tmp/ccMmAXBq.ltrans0.ltrans.o
 .text.port_lock.lto_priv.0
                0x10000a9e       0x16 /tmp/ccMmAXBq.ltrans0.ltrans.o
 .text.port_unlock.lto_priv.0
                0x10000ab4       0x12 /tmp/ccMmAXBq.ltrans0.ltrans.o
 *fill*         0x10000ac6        0x2 
 .text.gpio_atomic_set_pin_input_high
                0x10000ac8       0x34 /tmp/ccMmAXBq.ltrans0.ltrans.o
 .text.rgblight_effect_dummy
                0x10000afc        0x2 /tmp/ccMmAXBq.ltrans0.ltrans.o
 .text.__idle_thread
                0x10000afe        0x4 /tmp/ccMmAXBq.ltrans0.ltrans.o
 *fill*         0x10000b02        0x2 
 .text.wear_leveling_unlock
                0x10000b04       0x1c /tmp/ccMmAXBq.ltrans0.ltrans.o
 .text.wear_leveling_lock
                0x10000b20       0x1c /tmp/ccMmAXBq.ltrans0.ltrans.o
 .text.backing_store_read_bulk
                0x10000b3c       0x20 /tmp/ccMmAXBq.ltrans0.ltrans.o
 .text.sethsv_raw
                0x10000b5c       0x90 /tmp/ccMmAXBq.ltrans0.ltrans.o
 .text.sethsv   0x10000bec       0x12 /tmp/ccMmAXBq.ltrans0.ltrans.o
 *fill*         0x10000bfe        0x2 
 .text.rgblight_check_config
                0x10000c00       0x30 /tmp/ccMmAXBq.ltrans0.ltrans.o
 .text.rgblight_set
                0x10000c30       0x4c /tmp/ccMmAXBq.ltrans0.ltrans.o
 .text.rgblight_effect_rainbow_swirl
                0x10000c7c       0x68 /tmp/ccMmAXBq.ltrans0.ltrans.o
 .text.rgblight_effect_snake
                0x10000ce4      0x100 /tmp/ccMmAXBq.ltrans0.ltrans.o
 .text.rgblight_effect_knight
                0x10000de4       0xe4 /tmp/ccMmAXBq.ltrans0.ltrans.o
 .text.rgblight_effect_christmas
                0x10000ec8       0xa8 /tmp/ccMmAXBq.ltrans0.ltrans.o
 .text.rgblight_effect_alternating
                0x10000f70       0x64 /tmp/ccMmAXBq.ltrans0.ltrans.o
 .text.rgblight_setrgb
                0x10000fd4       0x3c /tmp/ccMmAXBq.ltrans0.ltrans.o
 .text.rgblight_effect_rgbtest
                0x10001010       0x5c /tmp/ccMmAXBq.ltrans0.ltrans.o
 .text.rgblight_sethsv_noeeprom_old
                0x1000106c       0x24 /tmp/ccMmAXBq.ltrans0.ltrans.o
 .text.rgblight_effect_breathing
                0x10001090       0x24 /tmp/ccMmAXBq.ltrans0.ltrans.o
 .text.rgblight_effect_rainbow_mood
                0x100010b4       0x1c /tmp/ccMmAXBq.ltrans0.ltrans.o
 .text.rgblight_timer_init
                0x100010d0       0x14 /tmp/ccMmAXBq.ltrans0.ltrans.o
 .text.handleKeycodeRGB
                0x100010e4        0xe /tmp/ccMmAXBq.ltrans0.ltrans.o
 *fill*         0x100010f2        0x2 
 .text.hal_lld_peripheral_unreset.lto_priv.0
                0x100010f4       0x14 /tmp/ccMmAXBq.ltrans0.ltrans.o
 .text.times_inv_sqrt2
                0x10001108       0x22 /tmp/ccMmAXBq.ltrans0.ltrans.o
 *fill*         0x1000112a        0x2 
 .text.move_unit
                0x1000112c       0x40 /tmp/ccMmAXBq.ltrans0.ltrans.o
 .text.wheel_unit
                0x1000116c       0x50 /tmp/ccMmAXBq.ltrans0.ltrans.o
 .text.mousekey_on
                0x100011bc       0xac /tmp/ccMmAXBq.ltrans0.ltrans.o
 .text.mousekey_off
                0x10001268       0xe8 /tmp/ccMmAXBq.ltrans0.ltrans.o
 .text.host_keyboard_leds
                0x10001350       0x20 /tmp/ccMmAXBq.ltrans0.ltrans.o
 .text.host_system_send
                0x10001370       0x34 /tmp/ccMmAXBq.ltrans0.ltrans.o
 .text.host_consumer_send
                0x100013a4       0x34 /tmp/ccMmAXBq.ltrans0.ltrans.o
 .text.add_key_to_report
                0x100013d8       0x6c /tmp/ccMmAXBq.ltrans0.ltrans.o
 .text.del_key_from_report
                0x10001444       0x58 /tmp/ccMmAXBq.ltrans0.ltrans.o
 .text.timer_read32
                0x1000149c       0x7c /tmp/ccMmAXBq.ltrans0.ltrans.o
 .text.sync_timer_read32
                0x10001518       0x24 /tmp/ccMmAXBq.ltrans0.ltrans.o
 .text.sync_timer_read
                0x1000153c       0x1c /tmp/ccMmAXBq.ltrans0.ltrans.o
 .text.mousekey_send
                0x10001558       0x44 /tmp/ccMmAXBq.ltrans0.ltrans.o
 .text.usb_get_descriptor_cb
                0x1000159c       0xb8 /tmp/ccMmAXBq.ltrans0.ltrans.o
 .text.set_led_transfer_cb
                0x10001654       0x30 /tmp/ccMmAXBq.ltrans0.ltrans.o
 .text.usb_requests_hook_cb
                0x10001684      0x1b8 /tmp/ccMmAXBq.ltrans0.ltrans.o
 .text.keyboard_leds
                0x1000183c        0xc /tmp/ccMmAXBq.ltrans0.ltrans.o
 .text.usb_endpoint_in_is_inactive
                0x10001848       0x32 /tmp/ccMmAXBq.ltrans0.ltrans.o
 *fill*         0x1000187a        0x2 
 .text.usb_set_idle_rate
                0x1000187c       0x1c /tmp/ccMmAXBq.ltrans0.ltrans.o
 .text.usb_get_idle_rate
                0x10001898        0xe /tmp/ccMmAXBq.ltrans0.ltrans.o
 *fill*         0x100018a6        0x2 
 .text.usb_idle_timer_elapsed
                0x100018a8       0x58 /tmp/ccMmAXBq.ltrans0.ltrans.o
 .text.usb_shared_set_idle_rate
                0x10001900       0x24 /tmp/ccMmAXBq.ltrans0.ltrans.o
 .text.usb_shared_get_idle_rate
                0x10001924       0x18 /tmp/ccMmAXBq.ltrans0.ltrans.o
 .text.usb_shared_idle_timer_elapsed
                0x1000193c       0x60 /tmp/ccMmAXBq.ltrans0.ltrans.o
 .text.chSysHalt
                0x1000199c       0x24 /tmp/ccMmAXBq.ltrans0.ltrans.o
 .text.chThdGetSelfX.lto_priv.0
                0x100019c0       0x18 /tmp/ccMmAXBq.ltrans0.ltrans.o
 .text.ch_sch_prio_insert
                0x100019d8       0x1e /tmp/ccMmAXBq.ltrans0.ltrans.o
 .text.obqGetFullBufferI
                0x100019f6       0x1c /tmp/ccMmAXBq.ltrans0.ltrans.o
 .text.obqPostFullBufferS
                0x10001a12       0x2a /tmp/ccMmAXBq.ltrans0.ltrans.o
 .text.set_address
                0x10001a3c       0x30 /tmp/ccMmAXBq.ltrans0.ltrans.o
 .text.serve_interrupt
                0x10001a6c       0x28 /tmp/ccMmAXBq.ltrans0.ltrans.o
 .text.i2c_lld_disableS
                0x10001a94       0x68 /tmp/ccMmAXBq.ltrans0.ltrans.o
 .text.usb_isochronous_buffer_size
                0x10001afc       0x44 /tmp/ccMmAXBq.ltrans0.ltrans.o
 .text.usb_prepare_out_ep
                0x10001b40       0x8c /tmp/ccMmAXBq.ltrans0.ltrans.o
 .text._usb_wakeup.constprop.0
                0x10001bcc       0x24 /tmp/ccMmAXBq.ltrans0.ltrans.o
 .text.usbStartReceiveI.constprop.0
                0x10001bf0       0x36 /tmp/ccMmAXBq.ltrans0.ltrans.o
 .text.crc8.constprop.0
                0x10001c26       0x2c /tmp/ccMmAXBq.ltrans0.ltrans.o
 *fill*         0x10001c52        0x2 
 .text.backing_store_erase
                0x10001c54       0x20 /tmp/ccMmAXBq.ltrans0.ltrans.o
 .text.reset_usb_boot.constprop.0
                0x10001c74       0x1c /tmp/ccMmAXBq.ltrans0.ltrans.o
 .text.clock_configure.constprop.0.isra.0
                0x10001c90       0xd8 /tmp/ccMmAXBq.ltrans0.ltrans.o
 .text.clocks_init
                0x10001d68      0x198 /tmp/ccMmAXBq.ltrans0.ltrans.o
 .text.usb_event_queue_enqueue.isra.0
                0x10001f00       0x28 /tmp/ccMmAXBq.ltrans0.ltrans.o
 .text.waiting_buffer_typed.isra.0
                0x10001f28       0x48 /tmp/ccMmAXBq.ltrans0.ltrans.o
 .text.usb_lld_reset.constprop.0
                0x10001f70       0x74 /tmp/ccMmAXBq.ltrans0.ltrans.o
 .text.send_keyboard_report
                0x10001fe4       0x94 /tmp/ccMmAXBq.ltrans0.ltrans.o
 .text.unregister_code
                0x10002078       0x6a /tmp/ccMmAXBq.ltrans0.ltrans.o
 *fill*         0x100020e2        0x2 
 .text.register_code
                0x100020e4       0xcc /tmp/ccMmAXBq.ltrans0.ltrans.o
 .text.register_mods
                0x100021b0       0x18 /tmp/ccMmAXBq.ltrans0.ltrans.o
 .text.unregister_mods
                0x100021c8       0x10 /tmp/ccMmAXBq.ltrans0.ltrans.o
 .text.usb_set_report
                0x100021d8       0x1c /tmp/ccMmAXBq.ltrans0.ltrans.o
 .text.usb_get_report
                0x100021f4       0x1a /tmp/ccMmAXBq.ltrans0.ltrans.o
 *fill*         0x1000220e        0x2 
 .text.usb_shared_set_report
                0x10002210       0x24 /tmp/ccMmAXBq.ltrans0.ltrans.o
 .text.usb_shared_get_report
                0x10002234       0x20 /tmp/ccMmAXBq.ltrans0.ltrans.o
 .text.usb_prepare_in_ep_buffer
                0x10002254       0x6e /tmp/ccMmAXBq.ltrans0.ltrans.o
 *fill*         0x100022c2        0x2 
 .text.usb_prepare_in_ep
                0x100022c4       0x88 /tmp/ccMmAXBq.ltrans0.ltrans.o
 .text.usbStartTransmitI
                0x1000234c       0x28 /tmp/ccMmAXBq.ltrans0.ltrans.o
 .text.obnotify
                0x10002374       0x32 /tmp/ccMmAXBq.ltrans0.ltrans.o
 *fill*         0x100023a6        0x2 
 .text._usb_ep0in
                0x100023a8       0xd4 /tmp/ccMmAXBq.ltrans0.ltrans.o
 .text._usb_ep0out
                0x1000247c       0xa0 /tmp/ccMmAXBq.ltrans0.ltrans.o
 .text.wear_leveling_read.isra.0
                0x1000251c       0x20 /tmp/ccMmAXBq.ltrans0.ltrans.o
 .text.eeprom_read_byte
                0x1000253c       0x18 /tmp/ccMmAXBq.ltrans0.ltrans.o
 .text.eeprom_read_word
                0x10002554       0x18 /tmp/ccMmAXBq.ltrans0.ltrans.o
 .text.eeconfig_read_rgblight
                0x1000256c       0x1e /tmp/ccMmAXBq.ltrans0.ltrans.o
 *fill*         0x1000258a        0x2 
 .text.transport_execute_transaction
                0x1000258c       0x6c /tmp/ccMmAXBq.ltrans0.ltrans.o
 .text.send_if_condition
                0x100025f8       0x3c /tmp/ccMmAXBq.ltrans0.ltrans.o
 .text.master_matrix_handlers_master
                0x10002634       0x2c /tmp/ccMmAXBq.ltrans0.ltrans.o
 .text.rgblight_handlers_master
                0x10002660       0x4c /tmp/ccMmAXBq.ltrans0.ltrans.o
 .text.slave_matrix_handlers_master
                0x100026ac       0xa0 /tmp/ccMmAXBq.ltrans0.ltrans.o
 .text.sync_timer_handlers_master
                0x1000274c       0x40 /tmp/ccMmAXBq.ltrans0.ltrans.o
 .text.wear_leveling_clear_cache
                0x1000278c       0x20 /tmp/ccMmAXBq.ltrans0.ltrans.o
 .text.wear_leveling_erase.isra.0
                0x100027ac       0x1e /tmp/ccMmAXBq.ltrans0.ltrans.o
 *fill*         0x100027ca        0x2 
 .text.clear_keys_from_report
                0x100027cc       0x34 /tmp/ccMmAXBq.ltrans0.ltrans.o
 .text.clear_keyboard
                0x10002800       0x54 /tmp/ccMmAXBq.ltrans0.ltrans.o
 .text.usb_reset_report
                0x10002854       0x20 /tmp/ccMmAXBq.ltrans0.ltrans.o
 .text.usb_shared_reset_report
                0x10002874       0x2a /tmp/ccMmAXBq.ltrans0.ltrans.o
 *fill*         0x1000289e        0x2 
 .text.oled_write_char.constprop.0
                0x100028a0       0xbc /tmp/ccMmAXBq.ltrans0.ltrans.o
 .text.oled_advance_page
                0x1000295c       0x68 /tmp/ccMmAXBq.ltrans0.ltrans.o
 .text.rgblight_effect_twinkle
                0x100029c4      0x138 /tmp/ccMmAXBq.ltrans0.ltrans.o
 .text.wear_leveling_consolidate_force
                0x10002afc       0xfc /tmp/ccMmAXBq.ltrans0.ltrans.o
 .text.wear_leveling_consolidate_if_needed
                0x10002bf8       0x20 /tmp/ccMmAXBq.ltrans0.ltrans.o
 .text.wear_leveling_append_raw
                0x10002c18       0x40 /tmp/ccMmAXBq.ltrans0.ltrans.o
 .text.wear_leveling_write.isra.0
                0x10002c58      0x12c /tmp/ccMmAXBq.ltrans0.ltrans.o
 .text.eeprom_update_byte
                0x10002d84       0x1e /tmp/ccMmAXBq.ltrans0.ltrans.o
 .text.eeprom_update_word
                0x10002da2       0x1e /tmp/ccMmAXBq.ltrans0.ltrans.o
 .text.oneshot_set
                0x10002dc0       0x30 /tmp/ccMmAXBq.ltrans0.ltrans.o
 .text.eeprom_update_dword
                0x10002df0       0x26 /tmp/ccMmAXBq.ltrans0.ltrans.o
 .text.eeconfig_update_rgblight
                0x10002e16       0x1c /tmp/ccMmAXBq.ltrans0.ltrans.o
 *fill*         0x10002e32        0x2 
 .text.rgblight_decrease_speed
                0x10002e34       0x1c /tmp/ccMmAXBq.ltrans0.ltrans.o
 .text.rgblight_increase_speed
                0x10002e50       0x1c /tmp/ccMmAXBq.ltrans0.ltrans.o
 .text.rgblight_sethsv_eeprom_helper
                0x10002e6c      0x104 /tmp/ccMmAXBq.ltrans0.ltrans.o
 .text.rgblight_increase_hue
                0x10002f70       0x1c /tmp/ccMmAXBq.ltrans0.ltrans.o
 .text.rgblight_decrease_hue
                0x10002f8c       0x1c /tmp/ccMmAXBq.ltrans0.ltrans.o
 .text.rgblight_increase_sat
                0x10002fa8       0x24 /tmp/ccMmAXBq.ltrans0.ltrans.o
 .text.rgblight_decrease_sat
                0x10002fcc       0x24 /tmp/ccMmAXBq.ltrans0.ltrans.o
 .text.rgblight_increase_val
                0x10002ff0       0x24 /tmp/ccMmAXBq.ltrans0.ltrans.o
 .text.rgblight_decrease_val
                0x10003014       0x24 /tmp/ccMmAXBq.ltrans0.ltrans.o
 .text.ch_dlist_insert
                0x10003038       0x2a /tmp/ccMmAXBq.ltrans0.ltrans.o
 *fill*         0x10003062        0x2 
 .text.vt_set_alarm
                0x10003064       0x4c /tmp/ccMmAXBq.ltrans0.ltrans.o
 .text.vt_insert_first
                0x100030b0       0x7c /tmp/ccMmAXBq.ltrans0.ltrans.o
 .text.chVTDoTickI
                0x1000312c       0xd0 /tmp/ccMmAXBq.ltrans0.ltrans.o
 .text.__sch_ready_behind
                0x100031fc       0x1c /tmp/ccMmAXBq.ltrans0.ltrans.o
 .text.__sch_wakeup
                0x10003218       0x42 /tmp/ccMmAXBq.ltrans0.ltrans.o
 *fill*         0x1000325a        0x2 
 .text.chSchReadyI
                0x1000325c       0x2c /tmp/ccMmAXBq.ltrans0.ltrans.o
 .text.ws2812_dma_callback
                0x10003288       0x84 /tmp/ccMmAXBq.ltrans0.ltrans.o
 .text.usb_endpoint_in_tx_complete_cb
                0x1000330c       0xc8 /tmp/ccMmAXBq.ltrans0.ltrans.o
 .text.chThdDequeueAllI.constprop.0
                0x100033d4       0x1e /tmp/ccMmAXBq.ltrans0.ltrans.o
 .text.obqResetI
                0x100033f2       0x18 /tmp/ccMmAXBq.ltrans0.ltrans.o
 *fill*         0x1000340a        0x2 
 .text.usb_event_cb
                0x1000340c      0x238 /tmp/ccMmAXBq.ltrans0.ltrans.o
 .text.rgblight_timer_enable
                0x10003644       0x3c /tmp/ccMmAXBq.ltrans0.ltrans.o
 .text.rgblight_mode_eeprom_helper
                0x10003680       0x7c /tmp/ccMmAXBq.ltrans0.ltrans.o
 .text.rgblight_step
                0x100036fc       0x1c /tmp/ccMmAXBq.ltrans0.ltrans.o
 .text.rgblight_step_reverse
                0x10003718       0x20 /tmp/ccMmAXBq.ltrans0.ltrans.o
 .text.handleKeycodeRGBMode
                0x10003738       0x28 /tmp/ccMmAXBq.ltrans0.ltrans.o
 .text.oled_send_cmd
                0x10003760       0x16 /tmp/ccMmAXBq.ltrans0.ltrans.o
 *fill*         0x10003776        0x2 
 .text.oled_on.isra.0
                0x10003778       0x44 /tmp/ccMmAXBq.ltrans0.ltrans.o
 .text.oled_off.isra.0
                0x100037bc       0x30 /tmp/ccMmAXBq.ltrans0.ltrans.o
 .text.chSchGoSleepS
                0x100037ec       0x2c /tmp/ccMmAXBq.ltrans0.ltrans.o
 .text.chSchGoSleepTimeoutS
                0x10003818      0x104 /tmp/ccMmAXBq.ltrans0.ltrans.o
 .text.oled_write.constprop.0
                0x1000391c       0x1a /tmp/ccMmAXBq.ltrans0.ltrans.o
 .text.oled_write_ln.constprop.0
                0x10003936        0xe /tmp/ccMmAXBq.ltrans0.ltrans.o
 .text.led_init_ports
                0x10003944        0x2 /tmp/ccMmAXBq.ltrans0.ltrans.o
                0x10003944                __cpu_init
 *fill*         0x10003946        0x2 
 .text.clock_get_hz
                0x10003948        0xc /tmp/ccMmAXBq.ltrans0.ltrans.o
                0x10003948                clock_get_hz
 .text.__early_init
                0x10003954        0x2 /tmp/ccMmAXBq.ltrans0.ltrans.o
                0x10003954                __early_init
 .text.__default_exit
                0x10003956        0x2 /tmp/ccMmAXBq.ltrans0.ltrans.o
                0x10003956                __default_exit
 .text.__init_ram_areas
                0x10003958       0x54 /tmp/ccMmAXBq.ltrans0.ltrans.o
                0x10003958                __init_ram_areas
 .text.chSysPolledDelayX
                0x100039ac       0x14 /tmp/ccMmAXBq.ltrans0.ltrans.o
                0x100039ac                chSysPolledDelayX
 .text.__late_init
                0x100039c0       0x30 /tmp/ccMmAXBq.ltrans0.ltrans.o
                0x100039c0                __late_init
 .text.transaction_handler_master.constprop.0
                0x100039f0       0x48 /tmp/ccMmAXBq.ltrans0.ltrans.o
 .text.__sch_reschedule_ahead
                0x10003a38       0x44 /tmp/ccMmAXBq.ltrans0.ltrans.o
                0x10003a38                chSchDoPreemption
 .text.chSchRescheduleS
                0x10003a7c       0x28 /tmp/ccMmAXBq.ltrans0.ltrans.o
 .text.ws2812_setleds
                0x10003aa4      0x158 /tmp/ccMmAXBq.ltrans0.ltrans.o
 .text.send_report.isra.0
                0x10003bfc      0x184 /tmp/ccMmAXBq.ltrans0.ltrans.o
 .text.send_keyboard
                0x10003d80        0xe /tmp/ccMmAXBq.ltrans0.ltrans.o
 .text.send_nkro
                0x10003d8e        0xe /tmp/ccMmAXBq.ltrans0.ltrans.o
 .text.send_mouse
                0x10003d9c        0xe /tmp/ccMmAXBq.ltrans0.ltrans.o
 .text.send_extra
                0x10003daa        0xe /tmp/ccMmAXBq.ltrans0.ltrans.o
 .text.chThdCreateStatic
                0x10003db8       0xa0 /tmp/ccMmAXBq.ltrans0.ltrans.o
                0x10003db8                chThdCreateStatic
 .text.chThdExit
                0x10003e58       0x16 /tmp/ccMmAXBq.ltrans0.ltrans.o
                0x10003e58                chThdExit
 .text.chThdSleep
                0x10003e6e       0x16 /tmp/ccMmAXBq.ltrans0.ltrans.o
                0x10003e6e                chThdSleep
 .text.soft_reset_keyboard
                0x10003e84       0x2c /tmp/ccMmAXBq.ltrans0.ltrans.o
 .text.perform_space_cadet.constprop.0.isra.0
                0x10003eb0       0xb8 /tmp/ccMmAXBq.ltrans0.ltrans.o
 .text.process_record
                0x10003f68      0x974 /tmp/ccMmAXBq.ltrans0.ltrans.o
 .text.waiting_buffer_scan_tap
                0x100048dc       0x7c /tmp/ccMmAXBq.ltrans0.ltrans.o
 .text.process_tapping
                0x10004958      0x21c /tmp/ccMmAXBq.ltrans0.ltrans.o
 .text.action_exec
                0x10004b74       0xd4 /tmp/ccMmAXBq.ltrans0.ltrans.o
 .text.generate_tick_event
                0x10004c48       0x30 /tmp/ccMmAXBq.ltrans0.ltrans.o
 .text.chThdSuspendTimeoutS
                0x10004c78       0x22 /tmp/ccMmAXBq.ltrans0.ltrans.o
                0x10004c78                chThdSuspendTimeoutS
 .text.chThdResumeI
                0x10004c9a       0x16 /tmp/ccMmAXBq.ltrans0.ltrans.o
                0x10004c9a                chThdResumeI
 .text._usb_ep0setup
                0x10004cb0      0x3d8 /tmp/ccMmAXBq.ltrans0.ltrans.o
 .text.usbStop.constprop.0
                0x10005088       0x94 /tmp/ccMmAXBq.ltrans0.ltrans.o
 .text.NMI_Handler
                0x1000511c       0x12 /tmp/ccMmAXBq.ltrans0.ltrans.o
                0x1000511c                NMI_Handler
 *fill*         0x1000512e        0x2 
 .text.__port_irq_epilogue
                0x10005130       0x4c /tmp/ccMmAXBq.ltrans0.ltrans.o
                0x10005130                __port_irq_epilogue
 .text.Vector7C
                0x1000517c       0x20 /tmp/ccMmAXBq.ltrans0.ltrans.o
                0x1000517c                Vector7C
 .text.Vector80
                0x1000519c       0x3c /tmp/ccMmAXBq.ltrans0.ltrans.o
                0x1000519c                Vector80
 .text.__port_spinlock_release
                0x100051d8       0x10 /tmp/ccMmAXBq.ltrans0.ltrans.o
                0x100051d8                __port_spinlock_release
 .text.i2cStop  0x100051e8       0xc4 /tmp/ccMmAXBq.ltrans0.ltrans.o
                0x100051e8                i2cStop
 .text.i2cMasterTransmitTimeout
                0x100052ac       0xbc /tmp/ccMmAXBq.ltrans0.ltrans.o
                0x100052ac                i2cMasterTransmitTimeout
 .text.nvicEnableVector
                0x10005368       0x40 /tmp/ccMmAXBq.ltrans0.ltrans.o
                0x10005368                nvicEnableVector
 .text.i2cStart
                0x100053a8      0x100 /tmp/ccMmAXBq.ltrans0.ltrans.o
                0x100053a8                i2cStart
 .text.Vector6C
                0x100054a8       0x34 /tmp/ccMmAXBq.ltrans0.ltrans.o
                0x100054a8                Vector6C
 .text.Vector70
                0x100054dc       0x34 /tmp/ccMmAXBq.ltrans0.ltrans.o
                0x100054dc                Vector70
 .text.Vector40
                0x10005510       0x24 /tmp/ccMmAXBq.ltrans0.ltrans.o
                0x10005510                Vector40
 .text.Vector44
                0x10005534       0x24 /tmp/ccMmAXBq.ltrans0.ltrans.o
                0x10005534                Vector44
 .text.Vector48
                0x10005558       0x28 /tmp/ccMmAXBq.ltrans0.ltrans.o
                0x10005558                Vector48
 .text.Vector4C
                0x10005580       0x28 /tmp/ccMmAXBq.ltrans0.ltrans.o
                0x10005580                Vector4C
 .text.VectorA0
                0x100055a8      0x154 /tmp/ccMmAXBq.ltrans0.ltrans.o
                0x100055a8                VectorA0
 .text.Vector98
                0x100056fc      0x194 /tmp/ccMmAXBq.ltrans0.ltrans.o
                0x100056fc                Vector98
 .text.Vector54
                0x10005890      0x2ac /tmp/ccMmAXBq.ltrans0.ltrans.o
                0x10005890                Vector54
 .text._read_r  0x10005b3c        0xa /tmp/ccMmAXBq.ltrans0.ltrans.o
                0x10005b3c                _read_r
 .text._lseek_r
                0x10005b46        0x4 /tmp/ccMmAXBq.ltrans0.ltrans.o
                0x10005b46                _lseek_r
 .text._write_r
                0x10005b4a        0x4 /tmp/ccMmAXBq.ltrans0.ltrans.o
                0x10005b4a                _write_r
 .text._close_r
                0x10005b4e        0x4 /tmp/ccMmAXBq.ltrans0.ltrans.o
                0x10005b4e                _close_r
 *fill*         0x10005b52        0x2 
 .text._sbrk_r  0x10005b54       0x3c /tmp/ccMmAXBq.ltrans0.ltrans.o
                0x10005b54                _sbrk_r
 .text._fstat_r
                0x10005b90       0x18 /tmp/ccMmAXBq.ltrans0.ltrans.o
                0x10005b90                _fstat_r
 .text._isatty_r
                0x10005ba8        0x4 /tmp/ccMmAXBq.ltrans0.ltrans.o
                0x10005ba8                _isatty_r
 .text._exit    0x10005bac        0xc /tmp/ccMmAXBq.ltrans0.ltrans.o
                0x10005bac                _exit
 .text._kill    0x10005bb8        0xc /tmp/ccMmAXBq.ltrans0.ltrans.o
                0x10005bb8                _kill
 .text._getpid  0x10005bc4        0x4 /tmp/ccMmAXBq.ltrans0.ltrans.o
                0x10005bc4                _getpid
 .text._fini    0x10005bc8        0x2 /tmp/ccMmAXBq.ltrans0.ltrans.o
                0x10005bc8                _fini
 *fill*         0x10005bca        0x2 
 .text.split_shared_memory_lock
                0x10005bcc       0x70 /tmp/ccMmAXBq.ltrans0.ltrans.o
                0x10005bcc                split_shared_memory_lock
 .text.split_shared_memory_unlock
                0x10005c3c       0x58 /tmp/ccMmAXBq.ltrans0.ltrans.o
                0x10005c3c                split_shared_memory_unlock
 .text.matrix_scan.isra.0
                0x10005c94      0x4a8 /tmp/ccMmAXBq.ltrans0.ltrans.o
 .text.startup.main
                0x1000613c     0x133c /tmp/ccMmAXBq.ltrans0.ltrans.o
                0x1000613c                main
 .text.pio_claim_unused_sm
                0x10007478       0x80 /tmp/ccMmAXBq.ltrans0.ltrans.o
                0x10007478                pio_claim_unused_sm
 .text.pio_add_program
                0x100074f8       0xd0 /tmp/ccMmAXBq.ltrans0.ltrans.o
                0x100074f8                pio_add_program
 .text.pio_sm_set_pins_with_mask
                0x100075c8       0x7a /tmp/ccMmAXBq.ltrans0.ltrans.o
                0x100075c8                pio_sm_set_pins_with_mask
 *fill*         0x10007642        0x2 
 .text.pio_sm_set_consecutive_pindirs
                0x10007644       0x94 /tmp/ccMmAXBq.ltrans0.ltrans.o
                0x10007644                pio_sm_set_consecutive_pindirs
 .text.pio_sm_init
                0x100076d8       0x8c /tmp/ccMmAXBq.ltrans0.ltrans.o
                0x100076d8                pio_sm_init
 .text.ws2812_init
                0x10007764      0x1b4 /tmp/ccMmAXBq.ltrans0.ltrans.o
 .text.gpio_set_drive_strength
                0x10007918       0x20 /tmp/ccMmAXBq.ltrans0.ltrans.o
                0x10007918                gpio_set_drive_strength
 .text.SlaveThread
                0x10007938       0xa8 .build/obj_crkbd_rev1_tensotha_helios/serial_protocol.a(serial_protocol.o)
 .text.soft_serial_target_init
                0x100079e0       0x24 .build/obj_crkbd_rev1_tensotha_helios/serial_protocol.a(serial_protocol.o)
                0x100079e0                soft_serial_target_init
 .text.soft_serial_initiator_init
                0x10007a04        0x8 .build/obj_crkbd_rev1_tensotha_helios/serial_protocol.a(serial_protocol.o)
                0x10007a04                soft_serial_initiator_init
 .text.soft_serial_transaction
                0x10007a0c       0x98 .build/obj_crkbd_rev1_tensotha_helios/serial_protocol.a(serial_protocol.o)
                0x10007a0c                soft_serial_transaction
 .text.port_lock
                0x10007aa4       0x16 .build/obj_crkbd_rev1_tensotha_helios/serial_vendor.a(serial_vendor.o)
 .text.port_unlock
                0x10007aba       0x12 .build/obj_crkbd_rev1_tensotha_helios/serial_vendor.a(serial_vendor.o)
 .text.sm_config_set_clkdiv
                0x10007acc       0x3a .build/obj_crkbd_rev1_tensotha_helios/serial_vendor.a(serial_vendor.o)
 *fill*         0x10007b06        0x2 
 .text.pio_sm_set_enabled.constprop.0
                0x10007b08       0x18 .build/obj_crkbd_rev1_tensotha_helios/serial_vendor.a(serial_vendor.o)
 .text.receive_impl
                0x10007b20       0xb0 .build/obj_crkbd_rev1_tensotha_helios/serial_vendor.a(serial_vendor.o)
 .text.Vector5C
                0x10007bd0       0x9c .build/obj_crkbd_rev1_tensotha_helios/serial_vendor.a(serial_vendor.o)
                0x10007bd0                Vector5C
 .text.serial_transport_driver_clear
                0x10007c6c       0x44 .build/obj_crkbd_rev1_tensotha_helios/serial_vendor.a(serial_vendor.o)
                0x10007c6c                serial_transport_driver_clear
 .text.hot.serial_transport_send
                0x10007cb0       0xb8 .build/obj_crkbd_rev1_tensotha_helios/serial_vendor.a(serial_vendor.o)
                0x10007cb0                serial_transport_send
 .text.hot.serial_transport_receive
                0x10007d68       0x10 .build/obj_crkbd_rev1_tensotha_helios/serial_vendor.a(serial_vendor.o)
                0x10007d68                serial_transport_receive
 .text.hot.serial_transport_receive_blocking
                0x10007d78        0xc .build/obj_crkbd_rev1_tensotha_helios/serial_vendor.a(serial_vendor.o)
                0x10007d78                serial_transport_receive_blocking
 .text.serial_transport_driver_slave_init
                0x10007d84      0x1c8 .build/obj_crkbd_rev1_tensotha_helios/serial_vendor.a(serial_vendor.o)
                0x10007d84                serial_transport_driver_slave_init
 .text.serial_transport_driver_master_init
                0x10007f4c        0x8 .build/obj_crkbd_rev1_tensotha_helios/serial_vendor.a(serial_vendor.o)
                0x10007f4c                serial_transport_driver_master_init
 .text.i2c_epilogue
                0x10007f54       0x20 .build/obj_crkbd_rev1_tensotha_helios/i2c_master.a(i2c_master.o)
 .text.i2c_init
                0x10007f74       0x54 .build/obj_crkbd_rev1_tensotha_helios/i2c_master.a(i2c_master.o)
                0x10007f74                i2c_init
 .text.i2c_transmit
                0x10007fc8       0x64 .build/obj_crkbd_rev1_tensotha_helios/i2c_master.a(i2c_master.o)
                0x10007fc8                i2c_transmit
 .text.i2c_write_register
                0x1000802c       0x90 .build/obj_crkbd_rev1_tensotha_helios/i2c_master.a(i2c_master.o)
                0x1000802c                i2c_write_register
 .text.__fixunssfsi
                0x100080bc       0x30 /nix/store/rp78ys3fzyiaxlflma7nlhsw43dwhn9x-gcc-arm-embedded-12.3.rel1/bin/../lib/gcc/arm-none-eabi/12.3.1/thumb/v6-m/nofp/libgcc.a(_fixunssfsi.o)
                0x100080bc                __aeabi_f2uiz
                0x100080bc                __fixunssfsi
 .text.__aeabi_fdiv
                0x100080ec      0x240 /nix/store/rp78ys3fzyiaxlflma7nlhsw43dwhn9x-gcc-arm-embedded-12.3.rel1/bin/../lib/gcc/arm-none-eabi/12.3.1/thumb/v6-m/nofp/libgcc.a(divsf3.o)
                0x100080ec                __aeabi_fdiv
 .text.__aeabi_fmul
                0x1000832c      0x27c /nix/store/rp78ys3fzyiaxlflma7nlhsw43dwhn9x-gcc-arm-embedded-12.3.rel1/bin/../lib/gcc/arm-none-eabi/12.3.1/thumb/v6-m/nofp/libgcc.a(mulsf3.o)
                0x1000832c                __aeabi_fmul
 .text.__aeabi_fsub
                0x100085a8      0x348 /nix/store/rp78ys3fzyiaxlflma7nlhsw43dwhn9x-gcc-arm-embedded-12.3.rel1/bin/../lib/gcc/arm-none-eabi/12.3.1/thumb/v6-m/nofp/libgcc.a(subsf3.o)
                0x100085a8                __aeabi_fsub
 .text.__aeabi_f2iz
                0x100088f0       0x40 /nix/store/rp78ys3fzyiaxlflma7nlhsw43dwhn9x-gcc-arm-embedded-12.3.rel1/bin/../lib/gcc/arm-none-eabi/12.3.1/thumb/v6-m/nofp/libgcc.a(fixsfsi.o)
                0x100088f0                __aeabi_f2iz
 .text.__aeabi_ui2f
                0x10008930       0x84 /nix/store/rp78ys3fzyiaxlflma7nlhsw43dwhn9x-gcc-arm-embedded-12.3.rel1/bin/../lib/gcc/arm-none-eabi/12.3.1/thumb/v6-m/nofp/libgcc.a(floatunsisf.o)
                0x10008930                __aeabi_ui2f
 .text.__eqsf2  0x100089b4       0x50 /nix/store/rp78ys3fzyiaxlflma7nlhsw43dwhn9x-gcc-arm-embedded-12.3.rel1/bin/../lib/gcc/arm-none-eabi/12.3.1/thumb/v6-m/nofp/libgcc.a(eqsf2.o)
                0x100089b4                __nesf2
                0x100089b4                __eqsf2
 .text.__gesf2  0x10008a04       0xa0 /nix/store/rp78ys3fzyiaxlflma7nlhsw43dwhn9x-gcc-arm-embedded-12.3.rel1/bin/../lib/gcc/arm-none-eabi/12.3.1/thumb/v6-m/nofp/libgcc.a(gesf2.o)
                0x10008a04                __gtsf2
                0x10008a04                __gesf2
 .text.__lesf2  0x10008aa4       0x9c /nix/store/rp78ys3fzyiaxlflma7nlhsw43dwhn9x-gcc-arm-embedded-12.3.rel1/bin/../lib/gcc/arm-none-eabi/12.3.1/thumb/v6-m/nofp/libgcc.a(lesf2.o)
                0x10008aa4                __lesf2
                0x10008aa4                __ltsf2
 .text.memcpy   0x10008b40       0x12 /nix/store/rp78ys3fzyiaxlflma7nlhsw43dwhn9x-gcc-arm-embedded-12.3.rel1/bin/../lib/gcc/arm-none-eabi/12.3.1/../../../../arm-none-eabi/lib/thumb/v6-m/nofp/libg_nano.a(libc_a-memcpy-stub.o)
                0x10008b40                memcpy
 *fill*         0x10008b52        0x2 
 .text.rand     0x10008b54       0x7c /nix/store/rp78ys3fzyiaxlflma7nlhsw43dwhn9x-gcc-arm-embedded-12.3.rel1/bin/../lib/gcc/arm-none-eabi/12.3.1/../../../../arm-none-eabi/lib/thumb/v6-m/nofp/libg_nano.a(libc_a-rand.o)
                0x10008b54                rand
 .text.malloc   0x10008bd0       0x14 /nix/store/rp78ys3fzyiaxlflma7nlhsw43dwhn9x-gcc-arm-embedded-12.3.rel1/bin/../lib/gcc/arm-none-eabi/12.3.1/../../../../arm-none-eabi/lib/thumb/v6-m/nofp/libg_nano.a(libc_a-malloc.o)
                0x10008bd0                malloc
 .text.sbrk_aligned
                0x10008be4       0x44 /nix/store/rp78ys3fzyiaxlflma7nlhsw43dwhn9x-gcc-arm-embedded-12.3.rel1/bin/../lib/gcc/arm-none-eabi/12.3.1/../../../../arm-none-eabi/lib/thumb/v6-m/nofp/libg_nano.a(libc_a-mallocr.o)
 .text._malloc_r
                0x10008c28      0x100 /nix/store/rp78ys3fzyiaxlflma7nlhsw43dwhn9x-gcc-arm-embedded-12.3.rel1/bin/../lib/gcc/arm-none-eabi/12.3.1/../../../../arm-none-eabi/lib/thumb/v6-m/nofp/libg_nano.a(libc_a-mallocr.o)
                0x10008c28                _malloc_r
 .text.__assert_func
                0x10008d28       0x3c /nix/store/rp78ys3fzyiaxlflma7nlhsw43dwhn9x-gcc-arm-embedded-12.3.rel1/bin/../lib/gcc/arm-none-eabi/12.3.1/../../../../arm-none-eabi/lib/thumb/v6-m/nofp/libg_nano.a(libc_a-assert.o)
                0x10008d28                __assert_func
 .text.fprintf  0x10008d64       0x20 /nix/store/rp78ys3fzyiaxlflma7nlhsw43dwhn9x-gcc-arm-embedded-12.3.rel1/bin/../lib/gcc/arm-none-eabi/12.3.1/../../../../arm-none-eabi/lib/thumb/v6-m/nofp/libg_nano.a(libc_a-fprintf.o)
                0x10008d64                fprintf
                0x10008d64                fiprintf
 .text.__malloc_lock
                0x10008d84       0x10 /nix/store/rp78ys3fzyiaxlflma7nlhsw43dwhn9x-gcc-arm-embedded-12.3.rel1/bin/../lib/gcc/arm-none-eabi/12.3.1/../../../../arm-none-eabi/lib/thumb/v6-m/nofp/libg_nano.a(libc_a-mlock.o)
                0x10008d84                __malloc_lock
 .text.__malloc_unlock
                0x10008d94       0x10 /nix/store/rp78ys3fzyiaxlflma7nlhsw43dwhn9x-gcc-arm-embedded-12.3.rel1/bin/../lib/gcc/arm-none-eabi/12.3.1/../../../../arm-none-eabi/lib/thumb/v6-m/nofp/libg_nano.a(libc_a-mlock.o)
                0x10008d94                __malloc_unlock
 .text._free_r  0x10008da4       0x94 /nix/store/rp78ys3fzyiaxlflma7nlhsw43dwhn9x-gcc-arm-embedded-12.3.rel1/bin/../lib/gcc/arm-none-eabi/12.3.1/../../../../arm-none-eabi/lib/thumb/v6-m/nofp/libg_nano.a(libc_a-freer.o)
                0x10008da4                _free_r
 .text.__retarget_lock_init_recursive
                0x10008e38        0x2 /nix/store/rp78ys3fzyiaxlflma7nlhsw43dwhn9x-gcc-arm-embedded-12.3.rel1/bin/../lib/gcc/arm-none-eabi/12.3.1/../../../../arm-none-eabi/lib/thumb/v6-m/nofp/libg_nano.a(libc_a-lock.o)
                0x10008e38                __retarget_lock_init_recursive
 .text.__retarget_lock_acquire_recursive
                0x10008e3a        0x2 /nix/store/rp78ys3fzyiaxlflma7nlhsw43dwhn9x-gcc-arm-embedded-12.3.rel1/bin/../lib/gcc/arm-none-eabi/12.3.1/../../../../arm-none-eabi/lib/thumb/v6-m/nofp/libg_nano.a(libc_a-lock.o)
                0x10008e3a                __retarget_lock_acquire_recursive
 .text.__retarget_lock_release_recursive
                0x10008e3c        0x2 /nix/store/rp78ys3fzyiaxlflma7nlhsw43dwhn9x-gcc-arm-embedded-12.3.rel1/bin/../lib/gcc/arm-none-eabi/12.3.1/../../../../arm-none-eabi/lib/thumb/v6-m/nofp/libg_nano.a(libc_a-lock.o)
                0x10008e3c                __retarget_lock_release_recursive
 .text.__sfputc_r
                0x10008e3e       0x2a /nix/store/rp78ys3fzyiaxlflma7nlhsw43dwhn9x-gcc-arm-embedded-12.3.rel1/bin/../lib/gcc/arm-none-eabi/12.3.1/../../../../arm-none-eabi/lib/thumb/v6-m/nofp/libg_nano.a(libc_a-nano-vfprintf.o)
 .text.__sfputs_r
                0x10008e68       0x24 /nix/store/rp78ys3fzyiaxlflma7nlhsw43dwhn9x-gcc-arm-embedded-12.3.rel1/bin/../lib/gcc/arm-none-eabi/12.3.1/../../../../arm-none-eabi/lib/thumb/v6-m/nofp/libg_nano.a(libc_a-nano-vfprintf.o)
                0x10008e68                __sfputs_r
 .text._vfprintf_r
                0x10008e8c      0x238 /nix/store/rp78ys3fzyiaxlflma7nlhsw43dwhn9x-gcc-arm-embedded-12.3.rel1/bin/../lib/gcc/arm-none-eabi/12.3.1/../../../../arm-none-eabi/lib/thumb/v6-m/nofp/libg_nano.a(libc_a-nano-vfprintf.o)
                0x10008e8c                _vfiprintf_r
                0x10008e8c                _vfprintf_r
 .text.__swbuf_r
                0x100090c4       0x84 /nix/store/rp78ys3fzyiaxlflma7nlhsw43dwhn9x-gcc-arm-embedded-12.3.rel1/bin/../lib/gcc/arm-none-eabi/12.3.1/../../../../arm-none-eabi/lib/thumb/v6-m/nofp/libg_nano.a(libc_a-wbuf.o)
                0x100090c4                __swbuf_r
 .text.__swsetup_r
                0x10009148       0xbc /nix/store/rp78ys3fzyiaxlflma7nlhsw43dwhn9x-gcc-arm-embedded-12.3.rel1/bin/../lib/gcc/arm-none-eabi/12.3.1/../../../../arm-none-eabi/lib/thumb/v6-m/nofp/libg_nano.a(libc_a-wsetup.o)
                0x10009148                __swsetup_r
 .text._printf_common
                0x10009204       0xde /nix/store/rp78ys3fzyiaxlflma7nlhsw43dwhn9x-gcc-arm-embedded-12.3.rel1/bin/../lib/gcc/arm-none-eabi/12.3.1/../../../../arm-none-eabi/lib/thumb/v6-m/nofp/libg_nano.a(libc_a-nano-vfprintf_i.o)
                0x10009204                _printf_common
 *fill*         0x100092e2        0x2 
 .text._printf_i
                0x100092e4      0x234 /nix/store/rp78ys3fzyiaxlflma7nlhsw43dwhn9x-gcc-arm-embedded-12.3.rel1/bin/../lib/gcc/arm-none-eabi/12.3.1/../../../../arm-none-eabi/lib/thumb/v6-m/nofp/libg_nano.a(libc_a-nano-vfprintf_i.o)
                0x100092e4                _printf_i
 .text.__sflush_r
                0x10009518      0x11c /nix/store/rp78ys3fzyiaxlflma7nlhsw43dwhn9x-gcc-arm-embedded-12.3.rel1/bin/../lib/gcc/arm-none-eabi/12.3.1/../../../../arm-none-eabi/lib/thumb/v6-m/nofp/libg_nano.a(libc_a-fflush.o)
                0x10009518                __sflush_r
 .text._fflush_r
                0x10009634       0x56 /nix/store/rp78ys3fzyiaxlflma7nlhsw43dwhn9x-gcc-arm-embedded-12.3.rel1/bin/../lib/gcc/arm-none-eabi/12.3.1/../../../../arm-none-eabi/lib/thumb/v6-m/nofp/libg_nano.a(libc_a-fflush.o)
                0x10009634                _fflush_r
 .text.memchr   0x1000968a       0x16 /nix/store/rp78ys3fzyiaxlflma7nlhsw43dwhn9x-gcc-arm-embedded-12.3.rel1/bin/../lib/gcc/arm-none-eabi/12.3.1/../../../../arm-none-eabi/lib/thumb/v6-m/nofp/libg_nano.a(libc_a-memchr-stub.o)
                0x1000968a                memchr
 .text.abort    0x100096a0        0xe /nix/store/rp78ys3fzyiaxlflma7nlhsw43dwhn9x-gcc-arm-embedded-12.3.rel1/bin/../lib/gcc/arm-none-eabi/12.3.1/../../../../arm-none-eabi/lib/thumb/v6-m/nofp/libg_nano.a(libc_a-abort.o)
                0x100096a0                abort
 *fill*         0x100096ae        0x2 
 .text.std      0x100096b0       0x6c /nix/store/rp78ys3fzyiaxlflma7nlhsw43dwhn9x-gcc-arm-embedded-12.3.rel1/bin/../lib/gcc/arm-none-eabi/12.3.1/../../../../arm-none-eabi/lib/thumb/v6-m/nofp/libg_nano.a(libc_a-findfp.o)
 .text.stdio_exit_handler
                0x1000971c       0x1c /nix/store/rp78ys3fzyiaxlflma7nlhsw43dwhn9x-gcc-arm-embedded-12.3.rel1/bin/../lib/gcc/arm-none-eabi/12.3.1/../../../../arm-none-eabi/lib/thumb/v6-m/nofp/libg_nano.a(libc_a-findfp.o)
 .text.cleanup_stdio
                0x10009738       0x3c /nix/store/rp78ys3fzyiaxlflma7nlhsw43dwhn9x-gcc-arm-embedded-12.3.rel1/bin/../lib/gcc/arm-none-eabi/12.3.1/../../../../arm-none-eabi/lib/thumb/v6-m/nofp/libg_nano.a(libc_a-findfp.o)
 .text.global_stdio_init.part.0
                0x10009774       0x3c /nix/store/rp78ys3fzyiaxlflma7nlhsw43dwhn9x-gcc-arm-embedded-12.3.rel1/bin/../lib/gcc/arm-none-eabi/12.3.1/../../../../arm-none-eabi/lib/thumb/v6-m/nofp/libg_nano.a(libc_a-findfp.o)
 .text.__sfp_lock_acquire
                0x100097b0       0x10 /nix/store/rp78ys3fzyiaxlflma7nlhsw43dwhn9x-gcc-arm-embedded-12.3.rel1/bin/../lib/gcc/arm-none-eabi/12.3.1/../../../../arm-none-eabi/lib/thumb/v6-m/nofp/libg_nano.a(libc_a-findfp.o)
                0x100097b0                __sfp_lock_acquire
 .text.__sfp_lock_release
                0x100097c0       0x10 /nix/store/rp78ys3fzyiaxlflma7nlhsw43dwhn9x-gcc-arm-embedded-12.3.rel1/bin/../lib/gcc/arm-none-eabi/12.3.1/../../../../arm-none-eabi/lib/thumb/v6-m/nofp/libg_nano.a(libc_a-findfp.o)
                0x100097c0                __sfp_lock_release
 .text.__sinit  0x100097d0       0x30 /nix/store/rp78ys3fzyiaxlflma7nlhsw43dwhn9x-gcc-arm-embedded-12.3.rel1/bin/../lib/gcc/arm-none-eabi/12.3.1/../../../../arm-none-eabi/lib/thumb/v6-m/nofp/libg_nano.a(libc_a-findfp.o)
                0x100097d0                __sinit
 .text.__sread  0x10009800       0x28 /nix/store/rp78ys3fzyiaxlflma7nlhsw43dwhn9x-gcc-arm-embedded-12.3.rel1/bin/../lib/gcc/arm-none-eabi/12.3.1/../../../../arm-none-eabi/lib/thumb/v6-m/nofp/libg_nano.a(libc_a-stdio.o)
                0x10009800                __sread
 .text.__swrite
                0x10009828       0x38 /nix/store/rp78ys3fzyiaxlflma7nlhsw43dwhn9x-gcc-arm-embedded-12.3.rel1/bin/../lib/gcc/arm-none-eabi/12.3.1/../../../../arm-none-eabi/lib/thumb/v6-m/nofp/libg_nano.a(libc_a-stdio.o)
                0x10009828                __swrite
 .text.__sseek  0x10009860       0x2c /nix/store/rp78ys3fzyiaxlflma7nlhsw43dwhn9x-gcc-arm-embedded-12.3.rel1/bin/../lib/gcc/arm-none-eabi/12.3.1/../../../../arm-none-eabi/lib/thumb/v6-m/nofp/libg_nano.a(libc_a-stdio.o)
                0x10009860                __sseek
 .text.__sclose
                0x1000988c        0xc /nix/store/rp78ys3fzyiaxlflma7nlhsw43dwhn9x-gcc-arm-embedded-12.3.rel1/bin/../lib/gcc/arm-none-eabi/12.3.1/../../../../arm-none-eabi/lib/thumb/v6-m/nofp/libg_nano.a(libc_a-stdio.o)
                0x1000988c                __sclose
 .text._fwalk_sglue
                0x10009898       0x38 /nix/store/rp78ys3fzyiaxlflma7nlhsw43dwhn9x-gcc-arm-embedded-12.3.rel1/bin/../lib/gcc/arm-none-eabi/12.3.1/../../../../arm-none-eabi/lib/thumb/v6-m/nofp/libg_nano.a(libc_a-fwalk.o)
                0x10009898                _fwalk_sglue
 .text.memset   0x100098d0       0x10 /nix/store/rp78ys3fzyiaxlflma7nlhsw43dwhn9x-gcc-arm-embedded-12.3.rel1/bin/../lib/gcc/arm-none-eabi/12.3.1/../../../../arm-none-eabi/lib/thumb/v6-m/nofp/libg_nano.a(libc_a-memset.o)
                0x100098d0                memset
 .text.__swhatbuf_r
                0x100098e0       0x54 /nix/store/rp78ys3fzyiaxlflma7nlhsw43dwhn9x-gcc-arm-embedded-12.3.rel1/bin/../lib/gcc/arm-none-eabi/12.3.1/../../../../arm-none-eabi/lib/thumb/v6-m/nofp/libg_nano.a(libc_a-makebuf.o)
                0x100098e0                __swhatbuf_r
 .text.__smakebuf_r
                0x10009934       0x82 /nix/store/rp78ys3fzyiaxlflma7nlhsw43dwhn9x-gcc-arm-embedded-12.3.rel1/bin/../lib/gcc/arm-none-eabi/12.3.1/../../../../arm-none-eabi/lib/thumb/v6-m/nofp/libg_nano.a(libc_a-makebuf.o)
                0x10009934                __smakebuf_r
 .text._raise_r
                0x100099b6       0x52 /nix/store/rp78ys3fzyiaxlflma7nlhsw43dwhn9x-gcc-arm-embedded-12.3.rel1/bin/../lib/gcc/arm-none-eabi/12.3.1/../../../../arm-none-eabi/lib/thumb/v6-m/nofp/libg_nano.a(libc_a-signal.o)
                0x100099b6                _raise_r
 .text.raise    0x10009a08       0x14 /nix/store/rp78ys3fzyiaxlflma7nlhsw43dwhn9x-gcc-arm-embedded-12.3.rel1/bin/../lib/gcc/arm-none-eabi/12.3.1/../../../../arm-none-eabi/lib/thumb/v6-m/nofp/libg_nano.a(libc_a-signal.o)
                0x10009a08                raise
 .text._kill_r  0x10009a1c       0x24 /nix/store/rp78ys3fzyiaxlflma7nlhsw43dwhn9x-gcc-arm-embedded-12.3.rel1/bin/../lib/gcc/arm-none-eabi/12.3.1/../../../../arm-none-eabi/lib/thumb/v6-m/nofp/libg_nano.a(libc_a-signalr.o)
                0x10009a1c                _kill_r
 .text._getpid_r
                0x10009a40        0x8 /nix/store/rp78ys3fzyiaxlflma7nlhsw43dwhn9x-gcc-arm-embedded-12.3.rel1/bin/../lib/gcc/arm-none-eabi/12.3.1/../../../../arm-none-eabi/lib/thumb/v6-m/nofp/libg_nano.a(libc_a-signalr.o)
                0x10009a40                _getpid_r
 .text.memcmp   0x10009a48       0x1c /nix/store/rp78ys3fzyiaxlflma7nlhsw43dwhn9x-gcc-arm-embedded-12.3.rel1/bin/../lib/gcc/arm-none-eabi/12.3.1/../../../../arm-none-eabi/lib/thumb/v6-m/nofp/libg_nano.a(libc_a-memcmp.o)
                0x10009a48                memcmp
 *fill*         0x10009a64        0x4 
 .text.memcmp.__stub
                0x10009a68       0xa0 linker stubs
 *(.glue_7t)
 .glue_7t       0x10009b08        0x0 linker stubs
 *(.glue_7)
 .glue_7        0x10009b08        0x0 linker stubs
 *(.gcc*)
                0x10009b08                        __text_end__ = .

.vfp11_veneer   0x10009b08        0x0
 .vfp11_veneer  0x10009b08        0x0 linker stubs

.v4_bx          0x10009b08        0x0
 .v4_bx         0x10009b08        0x0 linker stubs

.iplt           0x10009b08        0x0
 .iplt          0x10009b08        0x0 .build/obj_crkbd_rev1_tensotha_helios/serial_protocol.a(serial_protocol.o)

.rodata         0x10009b08     0x1048
                0x10009b08                        __rodata_base__ = .
 *(.rodata)
 .rodata        0x10009b08      0x100 /tmp/ccMmAXBq.ltrans0.ltrans.o
 *(.rodata.*)
 .rodata.rgblight_effect_twinkle.cst1
                0x10009c08        0x1 /tmp/ccMmAXBq.ltrans0.ltrans.o
 .rodata.Vector80.str1.1
                0x10009c09        0xd /tmp/ccMmAXBq.ltrans0.ltrans.o
 .rodata._exit.str1.1
                0x10009c16        0x5 /tmp/ccMmAXBq.ltrans0.ltrans.o
 .rodata._kill.str1.1
                0x10009c1b        0x5 /tmp/ccMmAXBq.ltrans0.ltrans.o
 .rodata.main.str1.1
                0x10009c20       0x31 /tmp/ccMmAXBq.ltrans0.ltrans.o
 .rodata.pio_claim_unused_sm.str1.1
                0x10009c51       0x24 /tmp/ccMmAXBq.ltrans0.ltrans.o
 .rodata.pio_add_program.str1.1
                0x10009c75       0x11 /tmp/ccMmAXBq.ltrans0.ltrans.o
 .rodata.ProductString
                0x10009c86        0xe /tmp/ccMmAXBq.ltrans0.ltrans.o
 .rodata.ManufacturerString
                0x10009c94       0x12 /tmp/ccMmAXBq.ltrans0.ltrans.o
 .rodata.LanguageString
                0x10009ca6        0x4 /tmp/ccMmAXBq.ltrans0.ltrans.o
 .rodata.ws2812_program_instructions
                0x10009caa        0xc /tmp/ccMmAXBq.ltrans0.ltrans.o
 .rodata.display_on.5
                0x10009cb6        0x2 /tmp/ccMmAXBq.ltrans0.ltrans.o
 .rodata.display_off.4
                0x10009cb8        0x2 /tmp/ccMmAXBq.ltrans0.ltrans.o
 .rodata.font   0x10009cba      0x540 /tmp/ccMmAXBq.ltrans0.ltrans.o
 *fill*         0x1000a1fa        0x2 
 .rodata.ep0config
                0x1000a1fc       0x1c /tmp/ccMmAXBq.ltrans0.ltrans.o
 .rodata.active_status
                0x1000a218        0x2 /tmp/ccMmAXBq.ltrans0.ltrans.o
 .rodata.halted_status
                0x1000a21a        0x2 /tmp/ccMmAXBq.ltrans0.ltrans.o
 .rodata.zero_status
                0x1000a21c        0x2 /tmp/ccMmAXBq.ltrans0.ltrans.o
 *fill*         0x1000a21e        0x2 
 .rodata.ram_areas
                0x1000a220       0x80 /tmp/ccMmAXBq.ltrans0.ltrans.o
 .rodata.usb_endpoint_interface_lut
                0x1000a2a0        0x2 /tmp/ccMmAXBq.ltrans0.ltrans.o
 .rodata.SharedReport
                0x1000a2a2       0xb6 /tmp/ccMmAXBq.ltrans0.ltrans.o
 .rodata.KeyboardReport
                0x1000a358       0x44 /tmp/ccMmAXBq.ltrans0.ltrans.o
 .rodata.ConfigurationDescriptor
                0x1000a39c       0x3b /tmp/ccMmAXBq.ltrans0.ltrans.o
 .rodata.DeviceDescriptor
                0x1000a3d7       0x12 /tmp/ccMmAXBq.ltrans0.ltrans.o
 .rodata.CSWTCH.2
                0x1000a3e9        0x3 /tmp/ccMmAXBq.ltrans0.ltrans.o
 .rodata.CSWTCH.1
                0x1000a3ec        0xc /tmp/ccMmAXBq.ltrans0.ltrans.o
 .rodata.__rp_dma_channels
                0x1000a3f8       0xc0 /tmp/ccMmAXBq.ltrans0.ltrans.o
 .rodata.ws2812_program
                0x1000a4b8        0x6 /tmp/ccMmAXBq.ltrans0.ltrans.o
 .rodata.rgblight_effect_breathe_table
                0x1000a4be      0x100 /tmp/ccMmAXBq.ltrans0.ltrans.o
 .rodata.RGBLED_GRADIENT_RANGES
                0x1000a5be        0x5 /tmp/ccMmAXBq.ltrans0.ltrans.o
 .rodata.mode_base_table
                0x1000a5c3       0x2b /tmp/ccMmAXBq.ltrans0.ltrans.o
 .rodata.CIE1931_CURVE
                0x1000a5ee      0x100 /tmp/ccMmAXBq.ltrans0.ltrans.o
 *fill*         0x1000a6ee        0x2 
 .rodata.alarm_irqs
                0x1000a6f0       0x20 /tmp/ccMmAXBq.ltrans0.ltrans.o
 .rodata.str1.1
                0x1000a710        0x3 /tmp/ccMmAXBq.ltrans0.ltrans.o
 *fill*         0x1000a713        0x1 
 .rodata.ch_core0_cfg
                0x1000a714        0xc /tmp/ccMmAXBq.ltrans0.ltrans.o
 .rodata.usbcfg
                0x1000a720       0x10 /tmp/ccMmAXBq.ltrans0.ltrans.o
 .rodata.row_pins
                0x1000a730       0x10 /tmp/ccMmAXBq.ltrans0.ltrans.o
 .rodata.col_pins
                0x1000a740       0x18 /tmp/ccMmAXBq.ltrans0.ltrans.o
 .rodata.display_setup2.11
                0x1000a758        0xd /tmp/ccMmAXBq.ltrans0.ltrans.o
 .rodata.display_flipped.12
                0x1000a765        0x5 /tmp/ccMmAXBq.ltrans0.ltrans.o
 .rodata.display_normal.13
                0x1000a76a        0x5 /tmp/ccMmAXBq.ltrans0.ltrans.o
 .rodata.display_setup1.14
                0x1000a76f        0xb /tmp/ccMmAXBq.ltrans0.ltrans.o
 .rodata.RGBLED_TWINKLE_INTERVALS
                0x1000a77a        0x3 /tmp/ccMmAXBq.ltrans0.ltrans.o
 .rodata.RGBLED_KNIGHT_INTERVALS
                0x1000a77d        0x3 /tmp/ccMmAXBq.ltrans0.ltrans.o
 .rodata.RGBLED_RAINBOW_SWIRL_INTERVALS
                0x1000a780        0x3 /tmp/ccMmAXBq.ltrans0.ltrans.o
 .rodata.RGBLED_RAINBOW_MOOD_INTERVALS
                0x1000a783        0x3 /tmp/ccMmAXBq.ltrans0.ltrans.o
 .rodata.RGBLED_BREATHING_INTERVALS
                0x1000a786        0x4 /tmp/ccMmAXBq.ltrans0.ltrans.o
 .rodata.crkbd_logo.0
                0x1000a78a       0x40 /tmp/ccMmAXBq.ltrans0.ltrans.o
 .rodata.target_map.7
                0x1000a7ca        0x4 /tmp/ccMmAXBq.ltrans0.ltrans.o
 .rodata.source_map.8
                0x1000a7ce        0x4 /tmp/ccMmAXBq.ltrans0.ltrans.o
 *fill*         0x1000a7d2        0x2 
 .rodata.split_shmem
                0x1000a7d4        0x4 /tmp/ccMmAXBq.ltrans0.ltrans.o
                0x1000a7d4                split_shmem
 .rodata.keymaps
                0x1000a7d8      0x180 /tmp/ccMmAXBq.ltrans0.ltrans.o
 .rodata.CSWTCH.10
                0x1000a958       0x36 /tmp/ccMmAXBq.ltrans0.ltrans.o
 .rodata.code_to_name
                0x1000a98e       0x3c /tmp/ccMmAXBq.ltrans0.ltrans.o
 .rodata.uart_rx_program
                0x1000a9ca        0x6 .build/obj_crkbd_rev1_tensotha_helios/serial_vendor.a(serial_vendor.o)
 .rodata.uart_rx_program_instructions
                0x1000a9d0       0x12 .build/obj_crkbd_rev1_tensotha_helios/serial_vendor.a(serial_vendor.o)
 .rodata.uart_tx_program
                0x1000a9e2        0x6 .build/obj_crkbd_rev1_tensotha_helios/serial_vendor.a(serial_vendor.o)
 .rodata.uart_tx_program_instructions
                0x1000a9e8        0x8 .build/obj_crkbd_rev1_tensotha_helios/serial_vendor.a(serial_vendor.o)
 .rodata.i2cconfig
                0x1000a9f0        0x4 .build/obj_crkbd_rev1_tensotha_helios/i2c_master.a(i2c_master.o)
 .rodata.__aeabi_fdiv
                0x1000a9f4       0x7c /nix/store/rp78ys3fzyiaxlflma7nlhsw43dwhn9x-gcc-arm-embedded-12.3.rel1/bin/../lib/gcc/arm-none-eabi/12.3.1/thumb/v6-m/nofp/libgcc.a(divsf3.o)
 .rodata.srand.str1.1
                0x1000aa70       0x70 /nix/store/rp78ys3fzyiaxlflma7nlhsw43dwhn9x-gcc-arm-embedded-12.3.rel1/bin/../lib/gcc/arm-none-eabi/12.3.1/../../../../arm-none-eabi/lib/thumb/v6-m/nofp/libg_nano.a(libc_a-rand.o)
 .rodata.__assert_func.str1.1
                0x1000aae0       0x3c /nix/store/rp78ys3fzyiaxlflma7nlhsw43dwhn9x-gcc-arm-embedded-12.3.rel1/bin/../lib/gcc/arm-none-eabi/12.3.1/../../../../arm-none-eabi/lib/thumb/v6-m/nofp/libg_nano.a(libc_a-assert.o)
                                 0x3d (size before relaxing)
 .rodata._vfprintf_r.str1.1
                0x1000ab1c       0x11 /nix/store/rp78ys3fzyiaxlflma7nlhsw43dwhn9x-gcc-arm-embedded-12.3.rel1/bin/../lib/gcc/arm-none-eabi/12.3.1/../../../../arm-none-eabi/lib/thumb/v6-m/nofp/libg_nano.a(libc_a-nano-vfprintf.o)
 .rodata._printf_i.str1.1
                0x1000ab2d       0x22 /nix/store/rp78ys3fzyiaxlflma7nlhsw43dwhn9x-gcc-arm-embedded-12.3.rel1/bin/../lib/gcc/arm-none-eabi/12.3.1/../../../../arm-none-eabi/lib/thumb/v6-m/nofp/libg_nano.a(libc_a-nano-vfprintf_i.o)
                0x1000ab50                        . = ALIGN (0x4)
 *fill*         0x1000ab4f        0x1 
                0x1000ab50                        __rodata_end__ = .

.rel.dyn        0x1000ab50        0x0
 .rel.iplt      0x1000ab50        0x0 .build/obj_crkbd_rev1_tensotha_helios/serial_protocol.a(serial_protocol.o)

.ARM.extab
 *(.ARM.extab* .gnu.linkonce.armextab.*)

.ARM.exidx      0x1000ab50        0x0
                0x1000ab50                        __exidx_base__ = .
                0x1000ab50                        __exidx_start = .
 *(.ARM.exidx* .gnu.linkonce.armexidx.*)
                0x1000ab50                        __exidx_end__ = .
                0x1000ab50                        __exidx_end = .

.eh_frame_hdr
 *(.eh_frame_hdr)

.eh_frame
 *(.eh_frame)

.data           0x20000000      0xc48 load address 0x1000ab50
                [!provide]                        PROVIDE (_textdata = LOADADDR (.data))
                [!provide]                        PROVIDE (_data = .)
                0x1000ab50                        __textdata_base__ = LOADADDR (.data)
                0x20000000                        __data_base__ = .
 *(vtable)
 *(.time_critical*)
 .time_critical.flash_enable_xip_via_boot2
                0x20000000       0x18 /tmp/ccMmAXBq.ltrans0.ltrans.o
 .time_critical.flash_cs_force
                0x20000018       0x20 /tmp/ccMmAXBq.ltrans0.ltrans.o
 .time_critical.flash_was_aborted
                0x20000038       0x10 /tmp/ccMmAXBq.ltrans0.ltrans.o
 .time_critical.flash_init_boot2_copyout
                0x20000048       0x30 /tmp/ccMmAXBq.ltrans0.ltrans.o
 .time_critical.flash_range_erase
                0x20000078       0x60 /tmp/ccMmAXBq.ltrans0.ltrans.o
 .time_critical.flash_put_cmd_addr
                0x200000d8       0x24 /tmp/ccMmAXBq.ltrans0.ltrans.o
 .time_critical.flash_put_get
                0x200000fc       0x6e /tmp/ccMmAXBq.ltrans0.ltrans.o
 .time_critical._flash_do_cmd
                0x2000016a       0x22 /tmp/ccMmAXBq.ltrans0.ltrans.o
 .time_critical.flash_wait_ready
                0x2000018c       0x22 /tmp/ccMmAXBq.ltrans0.ltrans.o
 .time_critical.flash_enable_write
                0x200001ae        0xe /tmp/ccMmAXBq.ltrans0.ltrans.o
 .time_critical.pico_program_bulk
                0x200001bc       0x94 /tmp/ccMmAXBq.ltrans0.ltrans.o
 .time_critical.leave_rx_state
                0x20000250       0x60 .build/obj_crkbd_rev1_tensotha_helios/serial_vendor.a(serial_vendor.o)
 .time_critical.enter_rx_state
                0x200002b0       0x68 .build/obj_crkbd_rev1_tensotha_helios/serial_vendor.a(serial_vendor.o)
 .time_critical.__wrap___aeabi_idiv
                0x20000318       0x40 .build/obj_crkbd_rev1_tensotha_helios/./lib/pico-sdk/src/rp2_common/pico_divider/divider.o
                0x20000318                __wrap___aeabi_idivmod
                0x20000318                divmod_s32s32
                0x20000318                div_s32s32
                0x20000318                __wrap___aeabi_idiv
                0x20000318                divmod_s32s32_unsafe
 .time_critical.__wrap___aeabi_uidiv
                0x20000358       0x3c .build/obj_crkbd_rev1_tensotha_helios/./lib/pico-sdk/src/rp2_common/pico_divider/divider.o
                0x20000358                divmod_u32u32_unsafe
                0x20000358                __wrap___aeabi_uidiv
                0x20000358                __wrap___aeabi_uidivmod
                0x20000358                div_u32u32
                0x20000358                divmod_u32u32
 .time_critical.__wrap___aeabi_ldiv
                0x20000394      0x3ec .build/obj_crkbd_rev1_tensotha_helios/./lib/pico-sdk/src/rp2_common/pico_divider/divider.o
                0x20000394                div_s64s64
                0x20000394                divmod_s64s64
                0x20000394                __wrap___aeabi_ldivmod
                0x200003a8                div_u64u64
                0x200003a8                divmod_u64u64
                0x200003a8                __wrap___aeabi_uldivmod
                0x200003bc                divmod_s64s64_unsafe
                0x20000444                divmod_u64u64_unsafe
 .time_critical.__aeabi_lmul
                0x20000780       0x32 .build/obj_crkbd_rev1_tensotha_helios/./lib/pico-sdk/src/rp2_common/pico_int64_ops/pico_int64_ops_aeabi.o
                0x20000780                __wrap___aeabi_lmul
 *fill*         0x200007b2        0x6 
 .time_critical.__aeabi_lmul.__stub
                0x200007b8       0x90 linker stubs
                0x20000848                        . = ALIGN (0x4)
 *fill*         0x20000848        0x0 
 *(.data)
 *(.data.*)
 .data.__compound_literal.7
                0x20000848       0x4c /tmp/ccMmAXBq.ltrans0.ltrans.o
 .data.__compound_literal.3
                0x20000894       0x4c /tmp/ccMmAXBq.ltrans0.ltrans.o
 .data.__compound_literal.2
                0x200008e0       0x4c /tmp/ccMmAXBq.ltrans0.ltrans.o
 .data.__compound_literal.1.lto_priv.1
                0x2000092c       0x4c /tmp/ccMmAXBq.ltrans0.ltrans.o
 .data.__compound_literal.0.lto_priv.1
                0x20000978       0x4c /tmp/ccMmAXBq.ltrans0.ltrans.o
 .data.__compound_literal.8
                0x200009c4        0x4 /tmp/ccMmAXBq.ltrans0.ltrans.o
 .data.__compound_literal.4
                0x200009c8       0x24 /tmp/ccMmAXBq.ltrans0.ltrans.o
 .data.__compound_literal.9
                0x200009ec       0x1c /tmp/ccMmAXBq.ltrans0.ltrans.o
 .data.__compound_literal.5
                0x20000a08       0x1c /tmp/ccMmAXBq.ltrans0.ltrans.o
 .data.SPLIT_SHARED_MEMORY_MUTEX
                0x20000a24       0x10 /tmp/ccMmAXBq.ltrans0.ltrans.o
 .data.TRANSFER_COUNTER
                0x20000a34        0xc /tmp/ccMmAXBq.ltrans0.ltrans.o
 .data.STATE_MACHINE
                0x20000a40        0x4 /tmp/ccMmAXBq.ltrans0.ltrans.o
 .data.increment.3
                0x20000a44        0x1 /tmp/ccMmAXBq.ltrans0.ltrans.o
 .data.increment.4
                0x20000a45        0x1 /tmp/ccMmAXBq.ltrans0.ltrans.o
 .data.high_bound.5
                0x20000a46        0x1 /tmp/ccMmAXBq.ltrans0.ltrans.o
 .data.static_effect_table
                0x20000a47        0xb /tmp/ccMmAXBq.ltrans0.ltrans.o
 *fill*         0x20000a52        0x2 
 .data.func     0x20000a54        0x4 /tmp/ccMmAXBq.ltrans0.ltrans.o
 .data.chibios_driver
                0x20000a58       0x14 /tmp/ccMmAXBq.ltrans0.ltrans.o
 .data.rgblight_ranges
                0x20000a6c        0x5 /tmp/ccMmAXBq.ltrans0.ltrans.o
 .data.isLeftHand
                0x20000a71        0x1 /tmp/ccMmAXBq.ltrans0.ltrans.o
 .data.last_num.2
                0x20000a72        0x2 /tmp/ccMmAXBq.ltrans0.ltrans.o
 .data.display_start.10
                0x20000a74        0x7 /tmp/ccMmAXBq.ltrans0.ltrans.o
 *fill*         0x20000a7b        0x1 
 .data.usb_endpoints_in
                0x20000a7c      0x128 /tmp/ccMmAXBq.ltrans0.ltrans.o
 .data.split_transaction_table
                0x20000ba4       0x3c /tmp/ccMmAXBq.ltrans0.ltrans.o
                0x20000ba4                split_transaction_table
 .data.keyboard_protocol
                0x20000be0        0x1 /tmp/ccMmAXBq.ltrans0.ltrans.o
 .data.key_name
                0x20000be1        0x1 /tmp/ccMmAXBq.ltrans0.ltrans.o
 *fill*         0x20000be2        0x2 
 .data.tx_state_machine
                0x20000be4        0x4 .build/obj_crkbd_rev1_tensotha_helios/serial_vendor.a(serial_vendor.o)
 .data.rx_state_machine
                0x20000be8        0x4 .build/obj_crkbd_rev1_tensotha_helios/serial_vendor.a(serial_vendor.o)
 .data._impure_ptr
                0x20000bec        0x4 /nix/store/rp78ys3fzyiaxlflma7nlhsw43dwhn9x-gcc-arm-embedded-12.3.rel1/bin/../lib/gcc/arm-none-eabi/12.3.1/../../../../arm-none-eabi/lib/thumb/v6-m/nofp/libg_nano.a(libc_a-impure.o)
                0x20000bec                _impure_ptr
 .data._impure_data
                0x20000bf0       0x4c /nix/store/rp78ys3fzyiaxlflma7nlhsw43dwhn9x-gcc-arm-embedded-12.3.rel1/bin/../lib/gcc/arm-none-eabi/12.3.1/../../../../arm-none-eabi/lib/thumb/v6-m/nofp/libg_nano.a(libc_a-impure.o)
                0x20000bf0                _impure_data
 .data.__sglue  0x20000c3c        0xc /nix/store/rp78ys3fzyiaxlflma7nlhsw43dwhn9x-gcc-arm-embedded-12.3.rel1/bin/../lib/gcc/arm-none-eabi/12.3.1/../../../../arm-none-eabi/lib/thumb/v6-m/nofp/libg_nano.a(libc_a-findfp.o)
                0x20000c3c                __sglue
 *(.ramtext)
                0x20000c48                        . = ALIGN (0x4)
                [!provide]                        PROVIDE (_edata = .)
                0x20000c48                        __data_end__ = .

.igot.plt       0x20000c48        0x0 load address 0x1000b798
 .igot.plt      0x20000c48        0x0 .build/obj_crkbd_rev1_tensotha_helios/serial_protocol.a(serial_protocol.o)

.bss            0x20000c48     0x22f0 load address 0x1000b798
                0x20000c48                        __bss_base__ = .
 *(.bss)
 *(.bss.*)
 .bss.ep0_state
                0x20000c48       0x3c /tmp/ccMmAXBq.ltrans0.ltrans.o
 .bss.__compound_literal.10
                0x20000c84       0x30 /tmp/ccMmAXBq.ltrans0.ltrans.o
 .bss.__compound_literal.6
                0x20000cb4       0x90 /tmp/ccMmAXBq.ltrans0.ltrans.o
 .bss.__compound_literal.1.lto_priv.0
                0x20000d44       0x20 /tmp/ccMmAXBq.ltrans0.ltrans.o
 .bss.__compound_literal.0.lto_priv.0
                0x20000d64        0x8 /tmp/ccMmAXBq.ltrans0.ltrans.o
 .bss.last_sync_timer.0
                0x20000d6c        0x4 /tmp/ccMmAXBq.ltrans0.ltrans.o
 .bss.connection_check_timer.0
                0x20000d70        0x2 /tmp/ccMmAXBq.ltrans0.ltrans.o
 .bss.last_connected.0
                0x20000d72        0x1 /tmp/ccMmAXBq.ltrans0.ltrans.o
 *fill*         0x20000d73        0x1 
 .bss.debouncing_time
                0x20000d74        0x4 /tmp/ccMmAXBq.ltrans0.ltrans.o
 .bss.debouncing
                0x20000d78        0x1 /tmp/ccMmAXBq.ltrans0.ltrans.o
 *fill*         0x20000d79        0x1 
 .bss.sc_timer  0x20000d7a        0x2 /tmp/ccMmAXBq.ltrans0.ltrans.o
 .bss.oled_temp_buffer.6
                0x20000d7c        0x6 /tmp/ccMmAXBq.ltrans0.ltrans.o
 .bss.connection_errors
                0x20000d82        0x1 /tmp/ccMmAXBq.ltrans0.ltrans.o
 *fill*         0x20000d83        0x1 
 .bss.boot2_copyout
                0x20000d84      0x100 /tmp/ccMmAXBq.ltrans0.ltrans.o
 .bss.boot2_copyout_valid
                0x20000e84        0x1 /tmp/ccMmAXBq.ltrans0.ltrans.o
 *fill*         0x20000e85        0x3 
 .bss._used_instruction_space
                0x20000e88        0x8 /tmp/ccMmAXBq.ltrans0.ltrans.o
 .bss.claimed   0x20000e90        0x1 /tmp/ccMmAXBq.ltrans0.ltrans.o
 *fill*         0x20000e91        0x3 
 .bss.report.2  0x20000e94       0x4c /tmp/ccMmAXBq.ltrans0.ltrans.o
 .bss.idle_rate.0
                0x20000ee0        0x1 /tmp/ccMmAXBq.ltrans0.ltrans.o
 .bss.keyboard_led_state
                0x20000ee1        0x1 /tmp/ccMmAXBq.ltrans0.ltrans.o
 *fill*         0x20000ee2        0x2 
 .bss.set_report_buf
                0x20000ee4        0x2 /tmp/ccMmAXBq.ltrans0.ltrans.o
 *fill*         0x20000ee6        0x2 
 .bss.descriptor.0
                0x20000ee8        0x8 /tmp/ccMmAXBq.ltrans0.ltrans.o
 .bss.last_consumer_usage
                0x20000ef0        0x2 /tmp/ccMmAXBq.ltrans0.ltrans.o
 .bss.last_system_usage
                0x20000ef2        0x2 /tmp/ccMmAXBq.ltrans0.ltrans.o
 .bss.WS2812_BUFFER
                0x20000ef4       0xd8 /tmp/ccMmAXBq.ltrans0.ltrans.o
 .bss.RP_DMA_MODE_WS2812
                0x20000fcc        0x4 /tmp/ccMmAXBq.ltrans0.ltrans.o
 .bss.dma_channel
                0x20000fd0        0x4 /tmp/ccMmAXBq.ltrans0.ltrans.o
 *fill*         0x20000fd4        0x4 
 .bss.LAST_TRANSFER
                0x20000fd8        0x8 /tmp/ccMmAXBq.ltrans0.ltrans.o
 .bss.led_twinkle_state
                0x20000fe0      0x10e /tmp/ccMmAXBq.ltrans0.ltrans.o
 .bss.maxval.2  0x200010ee        0x1 /tmp/ccMmAXBq.ltrans0.ltrans.o
 .bss.low_bound.6
                0x200010ef        0x1 /tmp/ccMmAXBq.ltrans0.ltrans.o
 .bss.pos.7     0x200010f0        0x1 /tmp/ccMmAXBq.ltrans0.ltrans.o
 .bss.led       0x200010f1       0xa2 /tmp/ccMmAXBq.ltrans0.ltrans.o
 *fill*         0x20001193        0x1 
 .bss.bulk_write_buffer.0
                0x20001194       0x80 /tmp/ccMmAXBq.ltrans0.ltrans.o
 .bss.interrupts
                0x20001214        0x4 /tmp/ccMmAXBq.ltrans0.ltrans.o
 .bss.configured_freq
                0x20001218       0x28 /tmp/ccMmAXBq.ltrans0.ltrans.o
 .bss.dma       0x20001240       0x68 /tmp/ccMmAXBq.ltrans0.ltrans.o
 .bss.ADCD1     0x200012a8       0x38 /tmp/ccMmAXBq.ltrans0.ltrans.o